2024-06-30 17:04:26,646 - my_logger - WARNING - ---BASIC TEST RESULTS---

     1. Data dimensions: 1, Base functions: 1 |     FAILED
     error: 'tuple' object cannot be interpreted as an integer
     traceback: Traceback (most recent call last):
  File "C:\Users\Diego\Desktop\GRAM\python\source\tests\basic_tests.py", line 17, in run_basic_test
    my_istar.init_weights(method = "random", val = 10)
  File "C:\Users\Diego\Desktop\GRAM\python\source\core\schmidt.py", line 43, in init_weights
    self.weights = val*(1-np.random.rand((self.n_base_funcs,self.n_dim)))
  File "numpy\\random\\mtrand.pyx", line 1242, in numpy.random.mtrand.RandomState.rand
  File "numpy\\random\\mtrand.pyx", line 441, in numpy.random.mtrand.RandomState.random_sample
  File "_common.pyx", line 312, in numpy.random._common.double_fill
TypeError: 'tuple' object cannot be interpreted as an integer
     2. Data dimensions: 10, Base functions: 20 |     FAILED
     error: 'tuple' object cannot be interpreted as an integer
     traceback: Traceback (most recent call last):
  File "C:\Users\Diego\Desktop\GRAM\python\source\tests\basic_tests.py", line 37, in run_basic_test
    my_istar.init_weights(method = "random", val = 10)
  File "C:\Users\Diego\Desktop\GRAM\python\source\core\schmidt.py", line 43, in init_weights
    self.weights = val*(1-np.random.rand((self.n_base_funcs,self.n_dim)))
  File "numpy\\random\\mtrand.pyx", line 1242, in numpy.random.mtrand.RandomState.rand
  File "numpy\\random\\mtrand.pyx", line 441, in numpy.random.mtrand.RandomState.random_sample
  File "_common.pyx", line 312, in numpy.random._common.double_fill
TypeError: 'tuple' object cannot be interpreted as an integer
 [main.py:21]
2024-06-30 17:06:23,610 - my_logger - WARNING - ---BASIC TEST RESULTS---

     1. Data dimensions: 1, Base functions: 1 |     FAILED

     error: 'tuple' object cannot be interpreted as an integer

     traceback: Traceback (most recent call last):
  File "C:\Users\Diego\Desktop\GRAM\python\source\tests\basic_tests.py", line 17, in run_basic_test
    my_istar.init_weights(method = "random", val = 10)
  File "C:\Users\Diego\Desktop\GRAM\python\source\core\schmidt.py", line 43, in init_weights
    self.weights = val*(1-np.random.rand((self.n_base_funcs,self.n_dim)))
  File "numpy\\random\\mtrand.pyx", line 1242, in numpy.random.mtrand.RandomState.rand
  File "numpy\\random\\mtrand.pyx", line 441, in numpy.random.mtrand.RandomState.random_sample
  File "_common.pyx", line 312, in numpy.random._common.double_fill
TypeError: 'tuple' object cannot be interpreted as an integer
 [main.py:21]
2024-06-30 17:09:05,989 - my_logger - WARNING - ---BASIC TEST RESULTS---

     1. Data dimensions: 1, Base functions: 1 |     PASS
     2. Data dimensions: 10, Base functions: 20 |     FAILED

     error: index 10 is out of bounds for axis 0 with size 10

     traceback: Traceback (most recent call last):
  File "C:\Users\Diego\Desktop\GRAM\python\source\tests\basic_tests.py", line 41, in run_basic_test
    my_istar.init_bias(method = "lineal")
  File "C:\Users\Diego\Desktop\GRAM\python\source\core\schmidt.py", line 85, in init_bias
    dim_cnt[j] += 1
IndexError: index 10 is out of bounds for axis 0 with size 10
 [main.py:21]
2024-06-30 17:13:04,501 - my_logger - INFO - ---BASIC TEST RESULTS---

     1. Data dimensions: 1, Base functions: 1 |     PASS
     2. Data dimensions: 10, Base functions: 20 |     PASS
 [main.py:19]
2024-06-30 17:13:04,797 - my_logger - WARNING - O2B PROYECTIONS: NAN ERROR [schmidt.py:286]
2024-06-30 17:13:04,797 - my_logger - WARNING - BETAS: NAN ERROR [schmidt.py:290]
2024-06-30 17:13:04,798 - my_logger - WARNING - ---CORE TEST RESULTS---

     1. Data dimensions: 1, Base functions: 100 |     FAILED
     error: setting an array element with a sequence.
     traceback: TypeError: only length-1 arrays can be converted to Python scalars

The above exception was the direct cause of the following exception:

Traceback (most recent call last):
  File "C:\Users\Diego\Desktop\GRAM\python\source\tests\basic_tests.py", line 77, in run_core_test
    my_istar.evaluate_proyection(data_in, data_area, data_lab)
  File "C:\Users\Diego\Desktop\GRAM\python\source\core\schmidt.py", line 166, in evaluate_proyection
    proyections_f2b[i] += labels[d]*data_sum
ValueError: setting an array element with a sequence.
 [main.py:28]
2024-06-30 17:47:40,559 - my_logger - INFO - ---BASIC TEST RESULTS---

     1. Data dimensions: 1, Base functions: 1 |     PASS
     2. Data dimensions: 10, Base functions: 20 |     PASS
 [main.py:19]
2024-06-30 17:47:40,843 - my_logger - WARNING - O2B PROYECTIONS: NAN ERROR [schmidt.py:286]
2024-06-30 17:47:40,843 - my_logger - DEBUG - [[ 0.  0.  0. ...  0.  0.  0.]
 [nan  0.  0. ...  0.  0.  0.]
 [nan nan  0. ...  0.  0.  0.]
 ...
 [nan nan nan ...  0.  0.  0.]
 [nan nan nan ... nan  0.  0.]
 [nan nan nan ... nan nan  0.]] [schmidt.py:287]
2024-06-30 17:47:40,846 - my_logger - WARNING - BETAS: NAN ERROR [schmidt.py:291]
2024-06-30 17:47:40,846 - my_logger - WARNING - ---CORE TEST RESULTS---

     1. Data dimensions: 1, Base functions: 100 |     FAILED
     error: setting an array element with a sequence.
     traceback: TypeError: only length-1 arrays can be converted to Python scalars

The above exception was the direct cause of the following exception:

Traceback (most recent call last):
  File "C:\Users\Diego\Desktop\GRAM\python\source\tests\basic_tests.py", line 77, in run_core_test
    my_istar.evaluate_proyection(data_in, data_area, data_lab)
  File "C:\Users\Diego\Desktop\GRAM\python\source\core\schmidt.py", line 166, in evaluate_proyection
    proyections_f2b[i] += labels[d]*data_sum
ValueError: setting an array element with a sequence.
 [main.py:28]
2024-06-30 17:49:06,613 - my_logger - INFO - ---BASIC TEST RESULTS---

     1. Data dimensions: 1, Base functions: 1 |     PASS
     2. Data dimensions: 10, Base functions: 20 |     PASS
 [main.py:19]
2024-06-30 17:51:11,113 - my_logger - INFO - ---BASIC TEST RESULTS---

     1. Data dimensions: 1, Base functions: 1 |     PASS
     2. Data dimensions: 10, Base functions: 20 |     PASS
 [main.py:19]
2024-06-30 17:52:58,601 - my_logger - INFO - ---BASIC TEST RESULTS---

     1. Data dimensions: 1, Base functions: 1 |     PASS
     2. Data dimensions: 10, Base functions: 20 |     PASS
 [main.py:19]
2024-06-30 17:57:31,841 - my_logger - INFO - ---BASIC TEST RESULTS---

     1. Data dimensions: 1, Base functions: 1 |     PASS
     2. Data dimensions: 10, Base functions: 20 |     PASS
 [main.py:19]
2024-06-30 17:57:32,045 - my_logger - WARNING - B2B PROYECTIONS: NAN ERROR [schmidt.py:254]
2024-06-30 17:57:32,046 - my_logger - WARNING - ---CORE TEST RESULTS---

     1. Data dimensions: 1, Base functions: 100 |     FAILED
     error: setting an array element with a sequence.
     traceback: TypeError: only length-1 arrays can be converted to Python scalars

The above exception was the direct cause of the following exception:

Traceback (most recent call last):
  File "C:\Users\Diego\Desktop\GRAM\python\source\tests\basic_tests.py", line 77, in run_core_test
    my_istar.evaluate_proyection(data_in, data_area, data_lab)
  File "C:\Users\Diego\Desktop\GRAM\python\source\core\schmidt.py", line 166, in evaluate_proyection
    proyections_f2b[i] += labels[d]*data_sum
ValueError: setting an array element with a sequence.
 [main.py:28]
2024-06-30 18:03:51,409 - my_logger - INFO - ---BASIC TEST RESULTS---

     1. Data dimensions: 1, Base functions: 1 |     PASS
     2. Data dimensions: 10, Base functions: 20 |     PASS
 [main.py:19]
2024-06-30 18:03:51,412 - my_logger - WARNING - Zero in Denominator [schmidt.py:244]
2024-06-30 18:03:51,417 - my_logger - WARNING - Zero in Denominator [schmidt.py:244]
2024-06-30 18:03:51,421 - my_logger - WARNING - Zero in Denominator [schmidt.py:244]
2024-06-30 18:03:51,430 - my_logger - WARNING - Zero in Denominator [schmidt.py:244]
2024-06-30 18:03:51,434 - my_logger - WARNING - Zero in Denominator [schmidt.py:244]
2024-06-30 18:03:51,438 - my_logger - WARNING - Zero in Denominator [schmidt.py:244]
2024-06-30 18:03:51,443 - my_logger - WARNING - Zero in Denominator [schmidt.py:244]
2024-06-30 18:03:51,447 - my_logger - WARNING - Zero in Denominator [schmidt.py:244]
2024-06-30 18:03:51,451 - my_logger - WARNING - Zero in Denominator [schmidt.py:244]
2024-06-30 18:03:51,455 - my_logger - WARNING - Zero in Denominator [schmidt.py:244]
2024-06-30 18:03:51,463 - my_logger - WARNING - Zero in Denominator [schmidt.py:244]
2024-06-30 18:03:51,467 - my_logger - WARNING - Zero in Denominator [schmidt.py:244]
2024-06-30 18:03:51,471 - my_logger - WARNING - Zero in Denominator [schmidt.py:244]
2024-06-30 18:03:51,475 - my_logger - WARNING - Zero in Denominator [schmidt.py:244]
2024-06-30 18:03:51,479 - my_logger - WARNING - Zero in Denominator [schmidt.py:244]
2024-06-30 18:03:51,482 - my_logger - WARNING - Zero in Denominator [schmidt.py:244]
2024-06-30 18:03:51,486 - my_logger - WARNING - Zero in Denominator [schmidt.py:244]
2024-06-30 18:03:51,489 - my_logger - WARNING - Zero in Denominator [schmidt.py:244]
2024-06-30 18:03:51,493 - my_logger - WARNING - Zero in Denominator [schmidt.py:244]
2024-06-30 18:03:51,499 - my_logger - WARNING - Zero in Denominator [schmidt.py:244]
2024-06-30 18:03:51,503 - my_logger - WARNING - Zero in Denominator [schmidt.py:244]
2024-06-30 18:03:51,507 - my_logger - WARNING - Zero in Denominator [schmidt.py:244]
2024-06-30 18:03:51,513 - my_logger - WARNING - Zero in Denominator [schmidt.py:244]
2024-06-30 18:03:51,516 - my_logger - WARNING - Zero in Denominator [schmidt.py:244]
2024-06-30 18:03:51,521 - my_logger - WARNING - Zero in Denominator [schmidt.py:244]
2024-06-30 18:03:51,526 - my_logger - WARNING - Zero in Denominator [schmidt.py:244]
2024-06-30 18:03:51,530 - my_logger - WARNING - Zero in Denominator [schmidt.py:244]
2024-06-30 18:03:51,533 - my_logger - WARNING - Zero in Denominator [schmidt.py:244]
2024-06-30 18:03:51,536 - my_logger - WARNING - Zero in Denominator [schmidt.py:244]
2024-06-30 18:03:51,541 - my_logger - WARNING - Zero in Denominator [schmidt.py:244]
2024-06-30 18:03:51,544 - my_logger - WARNING - Zero in Denominator [schmidt.py:244]
2024-06-30 18:03:51,547 - my_logger - WARNING - Zero in Denominator [schmidt.py:244]
2024-06-30 18:03:51,553 - my_logger - WARNING - Zero in Denominator [schmidt.py:244]
2024-06-30 18:03:51,556 - my_logger - WARNING - Zero in Denominator [schmidt.py:244]
2024-06-30 18:03:51,561 - my_logger - WARNING - Zero in Denominator [schmidt.py:244]
2024-06-30 18:03:51,563 - my_logger - WARNING - Zero in Denominator [schmidt.py:244]
2024-06-30 18:03:51,566 - my_logger - WARNING - Zero in Denominator [schmidt.py:244]
2024-06-30 18:03:51,569 - my_logger - WARNING - Zero in Denominator [schmidt.py:244]
2024-06-30 18:03:51,573 - my_logger - WARNING - Zero in Denominator [schmidt.py:244]
2024-06-30 18:03:51,576 - my_logger - WARNING - Zero in Denominator [schmidt.py:244]
2024-06-30 18:03:51,578 - my_logger - WARNING - Zero in Denominator [schmidt.py:244]
2024-06-30 18:03:51,580 - my_logger - WARNING - Zero in Denominator [schmidt.py:244]
2024-06-30 18:03:51,585 - my_logger - WARNING - Zero in Denominator [schmidt.py:244]
2024-06-30 18:03:51,587 - my_logger - WARNING - Zero in Denominator [schmidt.py:244]
2024-06-30 18:03:51,589 - my_logger - WARNING - Zero in Denominator [schmidt.py:244]
2024-06-30 18:03:51,595 - my_logger - WARNING - Zero in Denominator [schmidt.py:244]
2024-06-30 18:03:51,599 - my_logger - WARNING - Zero in Denominator [schmidt.py:244]
2024-06-30 18:03:51,601 - my_logger - WARNING - Zero in Denominator [schmidt.py:244]
2024-06-30 18:03:51,603 - my_logger - WARNING - Zero in Denominator [schmidt.py:244]
2024-06-30 18:03:51,604 - my_logger - WARNING - Zero in Denominator [schmidt.py:244]
2024-06-30 18:03:51,608 - my_logger - WARNING - Zero in Denominator [schmidt.py:244]
2024-06-30 18:03:51,611 - my_logger - WARNING - Zero in Denominator [schmidt.py:244]
2024-06-30 18:03:51,612 - my_logger - WARNING - Zero in Denominator [schmidt.py:244]
2024-06-30 18:03:51,615 - my_logger - WARNING - Zero in Denominator [schmidt.py:244]
2024-06-30 18:03:51,617 - my_logger - WARNING - Zero in Denominator [schmidt.py:244]
2024-06-30 18:03:51,618 - my_logger - WARNING - Zero in Denominator [schmidt.py:244]
2024-06-30 18:03:51,621 - my_logger - WARNING - Zero in Denominator [schmidt.py:244]
2024-06-30 18:03:51,622 - my_logger - WARNING - Zero in Denominator [schmidt.py:244]
2024-06-30 18:03:51,623 - my_logger - WARNING - Zero in Denominator [schmidt.py:244]
2024-06-30 18:03:51,625 - my_logger - WARNING - Zero in Denominator [schmidt.py:244]
2024-06-30 18:03:51,626 - my_logger - WARNING - Zero in Denominator [schmidt.py:244]
2024-06-30 18:03:51,627 - my_logger - WARNING - Zero in Denominator [schmidt.py:244]
2024-06-30 18:03:51,631 - my_logger - WARNING - Zero in Denominator [schmidt.py:244]
2024-06-30 18:03:51,632 - my_logger - WARNING - Zero in Denominator [schmidt.py:244]
2024-06-30 18:03:51,633 - my_logger - WARNING - Zero in Denominator [schmidt.py:244]
2024-06-30 18:03:51,633 - my_logger - WARNING - Zero in Denominator [schmidt.py:244]
2024-06-30 18:03:51,634 - my_logger - WARNING - Zero in Denominator [schmidt.py:244]
2024-06-30 18:03:51,635 - my_logger - WARNING - Zero in Denominator [schmidt.py:244]
2024-06-30 18:03:51,636 - my_logger - WARNING - Zero in Denominator [schmidt.py:244]
2024-06-30 18:03:51,637 - my_logger - WARNING - Zero in Denominator [schmidt.py:244]
2024-06-30 18:03:51,637 - my_logger - WARNING - Zero in Denominator [schmidt.py:244]
2024-06-30 18:03:51,638 - my_logger - WARNING - Zero in Denominator [schmidt.py:244]
2024-06-30 18:03:51,638 - my_logger - WARNING - Zero in Denominator [schmidt.py:244]
2024-06-30 18:03:51,639 - my_logger - WARNING - Zero in Denominator [schmidt.py:244]
2024-06-30 18:03:51,639 - my_logger - WARNING - Zero in Denominator [schmidt.py:244]
2024-06-30 18:03:51,639 - my_logger - WARNING - Zero in Denominator [schmidt.py:244]
2024-06-30 18:03:51,800 - my_logger - WARNING - O2B PROYECTIONS: NAN ERROR [schmidt.py:290]
2024-06-30 18:03:51,800 - my_logger - DEBUG - [[ 0.  0.  0. ...  0.  0.  0.]
 [nan  0.  0. ...  0.  0.  0.]
 [nan nan  0. ...  0.  0.  0.]
 ...
 [nan nan nan ...  0.  0.  0.]
 [nan nan nan ... nan  0.  0.]
 [nan nan nan ... nan nan  0.]] [schmidt.py:291]
2024-06-30 18:03:51,801 - my_logger - WARNING - BETAS: NAN ERROR [schmidt.py:295]
2024-06-30 18:03:51,802 - my_logger - WARNING - ---CORE TEST RESULTS---

     1. Data dimensions: 1, Base functions: 100 |     FAILED
     error: setting an array element with a sequence.
     traceback: TypeError: only length-1 arrays can be converted to Python scalars

The above exception was the direct cause of the following exception:

Traceback (most recent call last):
  File "C:\Users\Diego\Desktop\GRAM\python\source\tests\basic_tests.py", line 77, in run_core_test
    my_istar.evaluate_proyection(data_in, data_area, data_lab)
  File "C:\Users\Diego\Desktop\GRAM\python\source\core\schmidt.py", line 166, in evaluate_proyection
    proyections_f2b[i] += labels[d]*data_sum
ValueError: setting an array element with a sequence.
 [main.py:28]
2024-06-30 18:06:21,560 - my_logger - INFO - ---BASIC TEST RESULTS---

     1. Data dimensions: 1, Base functions: 1 |     PASS
     2. Data dimensions: 10, Base functions: 20 |     PASS
 [main.py:19]
2024-06-30 18:06:21,563 - my_logger - WARNING - Zero in Proyection of i: 0 over j: 1 W1s = -100.0 W2s = 100.0 b1 = -0.99 b2 = -0.97 [schmidt.py:249]
2024-06-30 18:06:21,568 - my_logger - WARNING - Zero in Proyection of i: 1 over j: 2 W1s = -100.0 W2s = 100.0 b1 = -0.97 b2 = -0.95 [schmidt.py:249]
2024-06-30 18:06:21,572 - my_logger - WARNING - Zero in Proyection of i: 2 over j: 3 W1s = -100.0 W2s = 100.0 b1 = -0.95 b2 = -0.9299999999999999 [schmidt.py:249]
2024-06-30 18:06:21,581 - my_logger - WARNING - Zero in Proyection of i: 4 over j: 5 W1s = -100.0 W2s = 100.0 b1 = -0.9099999999999999 b2 = -0.8899999999999999 [schmidt.py:249]
2024-06-30 18:06:21,585 - my_logger - WARNING - Zero in Proyection of i: 5 over j: 6 W1s = -100.0 W2s = 100.0 b1 = -0.8899999999999999 b2 = -0.8699999999999999 [schmidt.py:249]
2024-06-30 18:06:21,590 - my_logger - WARNING - Zero in Proyection of i: 6 over j: 7 W1s = -100.0 W2s = 100.0 b1 = -0.8699999999999999 b2 = -0.8499999999999999 [schmidt.py:249]
2024-06-30 18:06:21,594 - my_logger - WARNING - Zero in Proyection of i: 7 over j: 8 W1s = -100.0 W2s = 100.0 b1 = -0.8499999999999999 b2 = -0.8299999999999998 [schmidt.py:249]
2024-06-30 18:06:21,598 - my_logger - WARNING - Zero in Proyection of i: 8 over j: 9 W1s = -100.0 W2s = 100.0 b1 = -0.8299999999999998 b2 = -0.8099999999999998 [schmidt.py:249]
2024-06-30 18:06:21,603 - my_logger - WARNING - Zero in Proyection of i: 9 over j: 10 W1s = -100.0 W2s = 100.0 b1 = -0.8099999999999998 b2 = -0.7899999999999998 [schmidt.py:249]
2024-06-30 18:06:21,607 - my_logger - WARNING - Zero in Proyection of i: 10 over j: 11 W1s = -100.0 W2s = 100.0 b1 = -0.7899999999999998 b2 = -0.7699999999999998 [schmidt.py:249]
2024-06-30 18:06:21,615 - my_logger - WARNING - Zero in Proyection of i: 12 over j: 13 W1s = -100.0 W2s = 100.0 b1 = -0.7499999999999998 b2 = -0.7299999999999998 [schmidt.py:249]
2024-06-30 18:06:21,619 - my_logger - WARNING - Zero in Proyection of i: 13 over j: 14 W1s = -100.0 W2s = 100.0 b1 = -0.7299999999999998 b2 = -0.7099999999999997 [schmidt.py:249]
2024-06-30 18:06:21,623 - my_logger - WARNING - Zero in Proyection of i: 14 over j: 15 W1s = -100.0 W2s = 100.0 b1 = -0.7099999999999997 b2 = -0.6899999999999997 [schmidt.py:249]
2024-06-30 18:06:21,626 - my_logger - WARNING - Zero in Proyection of i: 15 over j: 16 W1s = -100.0 W2s = 100.0 b1 = -0.6899999999999997 b2 = -0.6699999999999997 [schmidt.py:249]
2024-06-30 18:06:21,630 - my_logger - WARNING - Zero in Proyection of i: 16 over j: 17 W1s = -100.0 W2s = 100.0 b1 = -0.6699999999999997 b2 = -0.6499999999999997 [schmidt.py:249]
2024-06-30 18:06:21,634 - my_logger - WARNING - Zero in Proyection of i: 17 over j: 18 W1s = -100.0 W2s = 100.0 b1 = -0.6499999999999997 b2 = -0.6299999999999997 [schmidt.py:249]
2024-06-30 18:06:21,638 - my_logger - WARNING - Zero in Proyection of i: 18 over j: 19 W1s = -100.0 W2s = 100.0 b1 = -0.6299999999999997 b2 = -0.6099999999999997 [schmidt.py:249]
2024-06-30 18:06:21,641 - my_logger - WARNING - Zero in Proyection of i: 19 over j: 20 W1s = -100.0 W2s = 100.0 b1 = -0.6099999999999997 b2 = -0.5899999999999996 [schmidt.py:249]
2024-06-30 18:06:21,645 - my_logger - WARNING - Zero in Proyection of i: 20 over j: 21 W1s = -100.0 W2s = 100.0 b1 = -0.5899999999999996 b2 = -0.5699999999999996 [schmidt.py:249]
2024-06-30 18:06:21,652 - my_logger - WARNING - Zero in Proyection of i: 22 over j: 23 W1s = -100.0 W2s = 100.0 b1 = -0.5499999999999996 b2 = -0.5299999999999996 [schmidt.py:249]
2024-06-30 18:06:21,655 - my_logger - WARNING - Zero in Proyection of i: 23 over j: 24 W1s = -100.0 W2s = 100.0 b1 = -0.5299999999999996 b2 = -0.5099999999999996 [schmidt.py:249]
2024-06-30 18:06:21,659 - my_logger - WARNING - Zero in Proyection of i: 24 over j: 25 W1s = -100.0 W2s = 100.0 b1 = -0.5099999999999996 b2 = -0.48999999999999955 [schmidt.py:249]
2024-06-30 18:06:21,666 - my_logger - WARNING - Zero in Proyection of i: 26 over j: 27 W1s = -100.0 W2s = 100.0 b1 = -0.46999999999999953 b2 = -0.4499999999999995 [schmidt.py:249]
2024-06-30 18:06:21,669 - my_logger - WARNING - Zero in Proyection of i: 27 over j: 28 W1s = -100.0 W2s = 100.0 b1 = -0.4499999999999995 b2 = -0.4299999999999995 [schmidt.py:249]
2024-06-30 18:06:21,672 - my_logger - WARNING - Zero in Proyection of i: 28 over j: 29 W1s = -100.0 W2s = 100.0 b1 = -0.4299999999999995 b2 = -0.4099999999999995 [schmidt.py:249]
2024-06-30 18:06:21,679 - my_logger - WARNING - Zero in Proyection of i: 30 over j: 31 W1s = -100.0 W2s = 100.0 b1 = -0.38999999999999946 b2 = -0.36999999999999944 [schmidt.py:249]
2024-06-30 18:06:21,682 - my_logger - WARNING - Zero in Proyection of i: 31 over j: 32 W1s = -100.0 W2s = 100.0 b1 = -0.36999999999999944 b2 = -0.3499999999999994 [schmidt.py:249]
2024-06-30 18:06:21,685 - my_logger - WARNING - Zero in Proyection of i: 32 over j: 33 W1s = -100.0 W2s = 100.0 b1 = -0.3499999999999994 b2 = -0.3299999999999994 [schmidt.py:249]
2024-06-30 18:06:21,688 - my_logger - WARNING - Zero in Proyection of i: 33 over j: 34 W1s = -100.0 W2s = 100.0 b1 = -0.3299999999999994 b2 = -0.3099999999999994 [schmidt.py:249]
2024-06-30 18:06:21,694 - my_logger - WARNING - Zero in Proyection of i: 35 over j: 36 W1s = -100.0 W2s = 100.0 b1 = -0.28999999999999937 b2 = -0.26999999999999935 [schmidt.py:249]
2024-06-30 18:06:21,697 - my_logger - WARNING - Zero in Proyection of i: 36 over j: 37 W1s = -100.0 W2s = 100.0 b1 = -0.26999999999999935 b2 = -0.24999999999999936 [schmidt.py:249]
2024-06-30 18:06:21,700 - my_logger - WARNING - Zero in Proyection of i: 37 over j: 38 W1s = -100.0 W2s = 100.0 b1 = -0.24999999999999936 b2 = -0.22999999999999937 [schmidt.py:249]
2024-06-30 18:06:21,706 - my_logger - WARNING - Zero in Proyection of i: 39 over j: 40 W1s = -100.0 W2s = 100.0 b1 = -0.20999999999999938 b2 = -0.1899999999999994 [schmidt.py:249]
2024-06-30 18:06:21,708 - my_logger - WARNING - Zero in Proyection of i: 40 over j: 41 W1s = -100.0 W2s = 100.0 b1 = -0.1899999999999994 b2 = -0.1699999999999994 [schmidt.py:249]
2024-06-30 18:06:21,714 - my_logger - WARNING - Zero in Proyection of i: 42 over j: 43 W1s = -100.0 W2s = 100.0 b1 = -0.1499999999999994 b2 = -0.12999999999999942 [schmidt.py:249]
2024-06-30 18:06:21,716 - my_logger - WARNING - Zero in Proyection of i: 43 over j: 44 W1s = -100.0 W2s = 100.0 b1 = -0.12999999999999942 b2 = -0.10999999999999942 [schmidt.py:249]
2024-06-30 18:06:21,719 - my_logger - WARNING - Zero in Proyection of i: 44 over j: 45 W1s = -100.0 W2s = 100.0 b1 = -0.10999999999999942 b2 = -0.08999999999999941 [schmidt.py:249]
2024-06-30 18:06:21,722 - my_logger - WARNING - Zero in Proyection of i: 45 over j: 46 W1s = -100.0 W2s = 100.0 b1 = -0.08999999999999941 b2 = -0.06999999999999941 [schmidt.py:249]
2024-06-30 18:06:21,726 - my_logger - WARNING - Zero in Proyection of i: 47 over j: 48 W1s = -100.0 W2s = 100.0 b1 = -0.049999999999999406 b2 = -0.029999999999999406 [schmidt.py:249]
2024-06-30 18:06:21,729 - my_logger - WARNING - Zero in Proyection of i: 48 over j: 49 W1s = -100.0 W2s = 100.0 b1 = -0.029999999999999406 b2 = -0.009999999999999405 [schmidt.py:249]
2024-06-30 18:06:21,731 - my_logger - WARNING - Zero in Proyection of i: 49 over j: 50 W1s = -100.0 W2s = 100.0 b1 = -0.009999999999999405 b2 = 0.010000000000000595 [schmidt.py:249]
2024-06-30 18:06:21,734 - my_logger - WARNING - Zero in Proyection of i: 50 over j: 51 W1s = -100.0 W2s = 100.0 b1 = 0.010000000000000595 b2 = 0.030000000000000596 [schmidt.py:249]
2024-06-30 18:06:21,738 - my_logger - WARNING - Zero in Proyection of i: 52 over j: 53 W1s = -100.0 W2s = 100.0 b1 = 0.0500000000000006 b2 = 0.0700000000000006 [schmidt.py:249]
2024-06-30 18:06:21,741 - my_logger - WARNING - Zero in Proyection of i: 53 over j: 54 W1s = -100.0 W2s = 100.0 b1 = 0.0700000000000006 b2 = 0.09000000000000061 [schmidt.py:249]
2024-06-30 18:06:21,743 - my_logger - WARNING - Zero in Proyection of i: 54 over j: 55 W1s = -100.0 W2s = 100.0 b1 = 0.09000000000000061 b2 = 0.11000000000000061 [schmidt.py:249]
2024-06-30 18:06:21,749 - my_logger - WARNING - Zero in Proyection of i: 57 over j: 58 W1s = -100.0 W2s = 100.0 b1 = 0.1500000000000006 b2 = 0.1700000000000006 [schmidt.py:249]
2024-06-30 18:06:21,753 - my_logger - WARNING - Zero in Proyection of i: 59 over j: 60 W1s = -100.0 W2s = 100.0 b1 = 0.19000000000000059 b2 = 0.21000000000000058 [schmidt.py:249]
2024-06-30 18:06:21,755 - my_logger - WARNING - Zero in Proyection of i: 60 over j: 61 W1s = -100.0 W2s = 100.0 b1 = 0.21000000000000058 b2 = 0.23000000000000057 [schmidt.py:249]
2024-06-30 18:06:21,757 - my_logger - WARNING - Zero in Proyection of i: 61 over j: 62 W1s = -100.0 W2s = 100.0 b1 = 0.23000000000000057 b2 = 0.25000000000000056 [schmidt.py:249]
2024-06-30 18:06:21,759 - my_logger - WARNING - Zero in Proyection of i: 62 over j: 63 W1s = -100.0 W2s = 100.0 b1 = 0.25000000000000056 b2 = 0.2700000000000006 [schmidt.py:249]
2024-06-30 18:06:21,762 - my_logger - WARNING - Zero in Proyection of i: 64 over j: 65 W1s = -100.0 W2s = 100.0 b1 = 0.2900000000000006 b2 = 0.3100000000000006 [schmidt.py:249]
2024-06-30 18:06:21,766 - my_logger - WARNING - Zero in Proyection of i: 66 over j: 67 W1s = -100.0 W2s = 100.0 b1 = 0.3300000000000006 b2 = 0.35000000000000064 [schmidt.py:249]
2024-06-30 18:06:21,767 - my_logger - WARNING - Zero in Proyection of i: 67 over j: 68 W1s = -100.0 W2s = 100.0 b1 = 0.35000000000000064 b2 = 0.37000000000000066 [schmidt.py:249]
2024-06-30 18:06:21,771 - my_logger - WARNING - Zero in Proyection of i: 69 over j: 70 W1s = -100.0 W2s = 100.0 b1 = 0.3900000000000007 b2 = 0.4100000000000007 [schmidt.py:249]
2024-06-30 18:06:21,772 - my_logger - WARNING - Zero in Proyection of i: 70 over j: 71 W1s = -100.0 W2s = 100.0 b1 = 0.4100000000000007 b2 = 0.4300000000000007 [schmidt.py:249]
2024-06-30 18:06:21,774 - my_logger - WARNING - Zero in Proyection of i: 71 over j: 72 W1s = -100.0 W2s = 100.0 b1 = 0.4300000000000007 b2 = 0.45000000000000073 [schmidt.py:249]
2024-06-30 18:06:21,777 - my_logger - WARNING - Zero in Proyection of i: 73 over j: 74 W1s = -100.0 W2s = 100.0 b1 = 0.47000000000000075 b2 = 0.49000000000000077 [schmidt.py:249]
2024-06-30 18:06:21,778 - my_logger - WARNING - Zero in Proyection of i: 74 over j: 75 W1s = -100.0 W2s = 100.0 b1 = 0.49000000000000077 b2 = 0.5100000000000008 [schmidt.py:249]
2024-06-30 18:06:21,779 - my_logger - WARNING - Zero in Proyection of i: 75 over j: 76 W1s = -100.0 W2s = 100.0 b1 = 0.5100000000000008 b2 = 0.5300000000000008 [schmidt.py:249]
2024-06-30 18:06:21,781 - my_logger - WARNING - Zero in Proyection of i: 77 over j: 78 W1s = -100.0 W2s = 100.0 b1 = 0.5500000000000008 b2 = 0.5700000000000008 [schmidt.py:249]
2024-06-30 18:06:21,782 - my_logger - WARNING - Zero in Proyection of i: 78 over j: 79 W1s = -100.0 W2s = 100.0 b1 = 0.5700000000000008 b2 = 0.5900000000000009 [schmidt.py:249]
2024-06-30 18:06:21,784 - my_logger - WARNING - Zero in Proyection of i: 79 over j: 80 W1s = -100.0 W2s = 100.0 b1 = 0.5900000000000009 b2 = 0.6100000000000009 [schmidt.py:249]
2024-06-30 18:06:21,787 - my_logger - WARNING - Zero in Proyection of i: 83 over j: 84 W1s = -100.0 W2s = 100.0 b1 = 0.6700000000000009 b2 = 0.690000000000001 [schmidt.py:249]
2024-06-30 18:06:21,788 - my_logger - WARNING - Zero in Proyection of i: 84 over j: 85 W1s = -100.0 W2s = 100.0 b1 = 0.690000000000001 b2 = 0.710000000000001 [schmidt.py:249]
2024-06-30 18:06:21,789 - my_logger - WARNING - Zero in Proyection of i: 85 over j: 86 W1s = -100.0 W2s = 100.0 b1 = 0.710000000000001 b2 = 0.730000000000001 [schmidt.py:249]
2024-06-30 18:06:21,790 - my_logger - WARNING - Zero in Proyection of i: 86 over j: 87 W1s = -100.0 W2s = 100.0 b1 = 0.730000000000001 b2 = 0.750000000000001 [schmidt.py:249]
2024-06-30 18:06:21,791 - my_logger - WARNING - Zero in Proyection of i: 87 over j: 88 W1s = -100.0 W2s = 100.0 b1 = 0.750000000000001 b2 = 0.770000000000001 [schmidt.py:249]
2024-06-30 18:06:21,792 - my_logger - WARNING - Zero in Proyection of i: 88 over j: 89 W1s = -100.0 W2s = 100.0 b1 = 0.770000000000001 b2 = 0.790000000000001 [schmidt.py:249]
2024-06-30 18:06:21,792 - my_logger - WARNING - Zero in Proyection of i: 89 over j: 90 W1s = -100.0 W2s = 100.0 b1 = 0.790000000000001 b2 = 0.810000000000001 [schmidt.py:249]
2024-06-30 18:06:21,794 - my_logger - WARNING - Zero in Proyection of i: 91 over j: 92 W1s = -100.0 W2s = 100.0 b1 = 0.8300000000000011 b2 = 0.8500000000000011 [schmidt.py:249]
2024-06-30 18:06:21,794 - my_logger - WARNING - Zero in Proyection of i: 92 over j: 93 W1s = -100.0 W2s = 100.0 b1 = 0.8500000000000011 b2 = 0.8700000000000011 [schmidt.py:249]
2024-06-30 18:06:21,795 - my_logger - WARNING - Zero in Proyection of i: 93 over j: 94 W1s = -100.0 W2s = 100.0 b1 = 0.8700000000000011 b2 = 0.8900000000000011 [schmidt.py:249]
2024-06-30 18:06:21,795 - my_logger - WARNING - Zero in Proyection of i: 94 over j: 95 W1s = -100.0 W2s = 100.0 b1 = 0.8900000000000011 b2 = 0.9100000000000011 [schmidt.py:249]
2024-06-30 18:06:21,796 - my_logger - WARNING - Zero in Proyection of i: 95 over j: 96 W1s = -100.0 W2s = 100.0 b1 = 0.9100000000000011 b2 = 0.9300000000000012 [schmidt.py:249]
2024-06-30 18:06:21,796 - my_logger - WARNING - Zero in Proyection of i: 96 over j: 97 W1s = -100.0 W2s = 100.0 b1 = 0.9300000000000012 b2 = 0.9500000000000012 [schmidt.py:249]
2024-06-30 18:06:21,797 - my_logger - WARNING - Zero in Proyection of i: 97 over j: 98 W1s = -100.0 W2s = 100.0 b1 = 0.9500000000000012 b2 = 0.9700000000000012 [schmidt.py:249]
2024-06-30 18:06:21,959 - my_logger - WARNING - O2B PROYECTIONS: NAN ERROR [schmidt.py:295]
2024-06-30 18:06:21,960 - my_logger - DEBUG - [[ 0.  0.  0. ...  0.  0.  0.]
 [nan  0.  0. ...  0.  0.  0.]
 [nan nan  0. ...  0.  0.  0.]
 ...
 [nan nan nan ...  0.  0.  0.]
 [nan nan nan ... nan  0.  0.]
 [nan nan nan ... nan nan  0.]] [schmidt.py:296]
2024-06-30 18:06:21,961 - my_logger - WARNING - BETAS: NAN ERROR [schmidt.py:300]
2024-06-30 18:06:21,962 - my_logger - WARNING - ---CORE TEST RESULTS---

     1. Data dimensions: 1, Base functions: 100 |     FAILED
     error: setting an array element with a sequence.
     traceback: TypeError: only length-1 arrays can be converted to Python scalars

The above exception was the direct cause of the following exception:

Traceback (most recent call last):
  File "C:\Users\Diego\Desktop\GRAM\python\source\tests\basic_tests.py", line 77, in run_core_test
    my_istar.evaluate_proyection(data_in, data_area, data_lab)
  File "C:\Users\Diego\Desktop\GRAM\python\source\core\schmidt.py", line 166, in evaluate_proyection
    proyections_f2b[i] += labels[d]*data_sum
ValueError: setting an array element with a sequence.
 [main.py:28]
2024-06-30 18:06:53,443 - my_logger - INFO - ---BASIC TEST RESULTS---

     1. Data dimensions: 1, Base functions: 1 |     PASS
     2. Data dimensions: 10, Base functions: 20 |     PASS
 [main.py:19]
2024-06-30 18:06:53,446 - my_logger - WARNING - Zero in Proyection of i: 0 over j: 1
 W1s = -100.0
 W2s = 100.0
 b1 = -0.99
 b2 = -0.97 [schmidt.py:249]
2024-06-30 18:06:53,451 - my_logger - WARNING - Zero in Proyection of i: 1 over j: 2
 W1s = -100.0
 W2s = 100.0
 b1 = -0.97
 b2 = -0.95 [schmidt.py:249]
2024-06-30 18:06:53,456 - my_logger - WARNING - Zero in Proyection of i: 2 over j: 3
 W1s = -100.0
 W2s = 100.0
 b1 = -0.95
 b2 = -0.9299999999999999 [schmidt.py:249]
2024-06-30 18:06:53,465 - my_logger - WARNING - Zero in Proyection of i: 4 over j: 5
 W1s = -100.0
 W2s = 100.0
 b1 = -0.9099999999999999
 b2 = -0.8899999999999999 [schmidt.py:249]
2024-06-30 18:06:53,469 - my_logger - WARNING - Zero in Proyection of i: 5 over j: 6
 W1s = -100.0
 W2s = 100.0
 b1 = -0.8899999999999999
 b2 = -0.8699999999999999 [schmidt.py:249]
2024-06-30 18:06:53,474 - my_logger - WARNING - Zero in Proyection of i: 6 over j: 7
 W1s = -100.0
 W2s = 100.0
 b1 = -0.8699999999999999
 b2 = -0.8499999999999999 [schmidt.py:249]
2024-06-30 18:06:53,478 - my_logger - WARNING - Zero in Proyection of i: 7 over j: 8
 W1s = -100.0
 W2s = 100.0
 b1 = -0.8499999999999999
 b2 = -0.8299999999999998 [schmidt.py:249]
2024-06-30 18:06:53,482 - my_logger - WARNING - Zero in Proyection of i: 8 over j: 9
 W1s = -100.0
 W2s = 100.0
 b1 = -0.8299999999999998
 b2 = -0.8099999999999998 [schmidt.py:249]
2024-06-30 18:06:53,486 - my_logger - WARNING - Zero in Proyection of i: 9 over j: 10
 W1s = -100.0
 W2s = 100.0
 b1 = -0.8099999999999998
 b2 = -0.7899999999999998 [schmidt.py:249]
2024-06-30 18:06:53,491 - my_logger - WARNING - Zero in Proyection of i: 10 over j: 11
 W1s = -100.0
 W2s = 100.0
 b1 = -0.7899999999999998
 b2 = -0.7699999999999998 [schmidt.py:249]
2024-06-30 18:06:53,498 - my_logger - WARNING - Zero in Proyection of i: 12 over j: 13
 W1s = -100.0
 W2s = 100.0
 b1 = -0.7499999999999998
 b2 = -0.7299999999999998 [schmidt.py:249]
2024-06-30 18:06:53,503 - my_logger - WARNING - Zero in Proyection of i: 13 over j: 14
 W1s = -100.0
 W2s = 100.0
 b1 = -0.7299999999999998
 b2 = -0.7099999999999997 [schmidt.py:249]
2024-06-30 18:06:53,507 - my_logger - WARNING - Zero in Proyection of i: 14 over j: 15
 W1s = -100.0
 W2s = 100.0
 b1 = -0.7099999999999997
 b2 = -0.6899999999999997 [schmidt.py:249]
2024-06-30 18:06:53,511 - my_logger - WARNING - Zero in Proyection of i: 15 over j: 16
 W1s = -100.0
 W2s = 100.0
 b1 = -0.6899999999999997
 b2 = -0.6699999999999997 [schmidt.py:249]
2024-06-30 18:06:53,515 - my_logger - WARNING - Zero in Proyection of i: 16 over j: 17
 W1s = -100.0
 W2s = 100.0
 b1 = -0.6699999999999997
 b2 = -0.6499999999999997 [schmidt.py:249]
2024-06-30 18:06:53,519 - my_logger - WARNING - Zero in Proyection of i: 17 over j: 18
 W1s = -100.0
 W2s = 100.0
 b1 = -0.6499999999999997
 b2 = -0.6299999999999997 [schmidt.py:249]
2024-06-30 18:06:53,523 - my_logger - WARNING - Zero in Proyection of i: 18 over j: 19
 W1s = -100.0
 W2s = 100.0
 b1 = -0.6299999999999997
 b2 = -0.6099999999999997 [schmidt.py:249]
2024-06-30 18:06:53,526 - my_logger - WARNING - Zero in Proyection of i: 19 over j: 20
 W1s = -100.0
 W2s = 100.0
 b1 = -0.6099999999999997
 b2 = -0.5899999999999996 [schmidt.py:249]
2024-06-30 18:06:53,530 - my_logger - WARNING - Zero in Proyection of i: 20 over j: 21
 W1s = -100.0
 W2s = 100.0
 b1 = -0.5899999999999996
 b2 = -0.5699999999999996 [schmidt.py:249]
2024-06-30 18:06:53,538 - my_logger - WARNING - Zero in Proyection of i: 22 over j: 23
 W1s = -100.0
 W2s = 100.0
 b1 = -0.5499999999999996
 b2 = -0.5299999999999996 [schmidt.py:249]
2024-06-30 18:06:53,542 - my_logger - WARNING - Zero in Proyection of i: 23 over j: 24
 W1s = -100.0
 W2s = 100.0
 b1 = -0.5299999999999996
 b2 = -0.5099999999999996 [schmidt.py:249]
2024-06-30 18:06:53,545 - my_logger - WARNING - Zero in Proyection of i: 24 over j: 25
 W1s = -100.0
 W2s = 100.0
 b1 = -0.5099999999999996
 b2 = -0.48999999999999955 [schmidt.py:249]
2024-06-30 18:06:53,552 - my_logger - WARNING - Zero in Proyection of i: 26 over j: 27
 W1s = -100.0
 W2s = 100.0
 b1 = -0.46999999999999953
 b2 = -0.4499999999999995 [schmidt.py:249]
2024-06-30 18:06:53,556 - my_logger - WARNING - Zero in Proyection of i: 27 over j: 28
 W1s = -100.0
 W2s = 100.0
 b1 = -0.4499999999999995
 b2 = -0.4299999999999995 [schmidt.py:249]
2024-06-30 18:06:53,560 - my_logger - WARNING - Zero in Proyection of i: 28 over j: 29
 W1s = -100.0
 W2s = 100.0
 b1 = -0.4299999999999995
 b2 = -0.4099999999999995 [schmidt.py:249]
2024-06-30 18:06:53,566 - my_logger - WARNING - Zero in Proyection of i: 30 over j: 31
 W1s = -100.0
 W2s = 100.0
 b1 = -0.38999999999999946
 b2 = -0.36999999999999944 [schmidt.py:249]
2024-06-30 18:06:53,570 - my_logger - WARNING - Zero in Proyection of i: 31 over j: 32
 W1s = -100.0
 W2s = 100.0
 b1 = -0.36999999999999944
 b2 = -0.3499999999999994 [schmidt.py:249]
2024-06-30 18:06:53,574 - my_logger - WARNING - Zero in Proyection of i: 32 over j: 33
 W1s = -100.0
 W2s = 100.0
 b1 = -0.3499999999999994
 b2 = -0.3299999999999994 [schmidt.py:249]
2024-06-30 18:06:53,577 - my_logger - WARNING - Zero in Proyection of i: 33 over j: 34
 W1s = -100.0
 W2s = 100.0
 b1 = -0.3299999999999994
 b2 = -0.3099999999999994 [schmidt.py:249]
2024-06-30 18:06:53,583 - my_logger - WARNING - Zero in Proyection of i: 35 over j: 36
 W1s = -100.0
 W2s = 100.0
 b1 = -0.28999999999999937
 b2 = -0.26999999999999935 [schmidt.py:249]
2024-06-30 18:06:53,586 - my_logger - WARNING - Zero in Proyection of i: 36 over j: 37
 W1s = -100.0
 W2s = 100.0
 b1 = -0.26999999999999935
 b2 = -0.24999999999999936 [schmidt.py:249]
2024-06-30 18:06:53,590 - my_logger - WARNING - Zero in Proyection of i: 37 over j: 38
 W1s = -100.0
 W2s = 100.0
 b1 = -0.24999999999999936
 b2 = -0.22999999999999937 [schmidt.py:249]
2024-06-30 18:06:53,595 - my_logger - WARNING - Zero in Proyection of i: 39 over j: 40
 W1s = -100.0
 W2s = 100.0
 b1 = -0.20999999999999938
 b2 = -0.1899999999999994 [schmidt.py:249]
2024-06-30 18:06:53,599 - my_logger - WARNING - Zero in Proyection of i: 40 over j: 41
 W1s = -100.0
 W2s = 100.0
 b1 = -0.1899999999999994
 b2 = -0.1699999999999994 [schmidt.py:249]
2024-06-30 18:06:53,604 - my_logger - WARNING - Zero in Proyection of i: 42 over j: 43
 W1s = -100.0
 W2s = 100.0
 b1 = -0.1499999999999994
 b2 = -0.12999999999999942 [schmidt.py:249]
2024-06-30 18:06:53,607 - my_logger - WARNING - Zero in Proyection of i: 43 over j: 44
 W1s = -100.0
 W2s = 100.0
 b1 = -0.12999999999999942
 b2 = -0.10999999999999942 [schmidt.py:249]
2024-06-30 18:06:53,610 - my_logger - WARNING - Zero in Proyection of i: 44 over j: 45
 W1s = -100.0
 W2s = 100.0
 b1 = -0.10999999999999942
 b2 = -0.08999999999999941 [schmidt.py:249]
2024-06-30 18:06:53,613 - my_logger - WARNING - Zero in Proyection of i: 45 over j: 46
 W1s = -100.0
 W2s = 100.0
 b1 = -0.08999999999999941
 b2 = -0.06999999999999941 [schmidt.py:249]
2024-06-30 18:06:53,618 - my_logger - WARNING - Zero in Proyection of i: 47 over j: 48
 W1s = -100.0
 W2s = 100.0
 b1 = -0.049999999999999406
 b2 = -0.029999999999999406 [schmidt.py:249]
2024-06-30 18:06:53,621 - my_logger - WARNING - Zero in Proyection of i: 48 over j: 49
 W1s = -100.0
 W2s = 100.0
 b1 = -0.029999999999999406
 b2 = -0.009999999999999405 [schmidt.py:249]
2024-06-30 18:06:53,623 - my_logger - WARNING - Zero in Proyection of i: 49 over j: 50
 W1s = -100.0
 W2s = 100.0
 b1 = -0.009999999999999405
 b2 = 0.010000000000000595 [schmidt.py:249]
2024-06-30 18:06:53,625 - my_logger - WARNING - Zero in Proyection of i: 50 over j: 51
 W1s = -100.0
 W2s = 100.0
 b1 = 0.010000000000000595
 b2 = 0.030000000000000596 [schmidt.py:249]
2024-06-30 18:06:53,630 - my_logger - WARNING - Zero in Proyection of i: 52 over j: 53
 W1s = -100.0
 W2s = 100.0
 b1 = 0.0500000000000006
 b2 = 0.0700000000000006 [schmidt.py:249]
2024-06-30 18:06:53,632 - my_logger - WARNING - Zero in Proyection of i: 53 over j: 54
 W1s = -100.0
 W2s = 100.0
 b1 = 0.0700000000000006
 b2 = 0.09000000000000061 [schmidt.py:249]
2024-06-30 18:06:53,635 - my_logger - WARNING - Zero in Proyection of i: 54 over j: 55
 W1s = -100.0
 W2s = 100.0
 b1 = 0.09000000000000061
 b2 = 0.11000000000000061 [schmidt.py:249]
2024-06-30 18:06:53,641 - my_logger - WARNING - Zero in Proyection of i: 57 over j: 58
 W1s = -100.0
 W2s = 100.0
 b1 = 0.1500000000000006
 b2 = 0.1700000000000006 [schmidt.py:249]
2024-06-30 18:06:53,645 - my_logger - WARNING - Zero in Proyection of i: 59 over j: 60
 W1s = -100.0
 W2s = 100.0
 b1 = 0.19000000000000059
 b2 = 0.21000000000000058 [schmidt.py:249]
2024-06-30 18:06:53,648 - my_logger - WARNING - Zero in Proyection of i: 60 over j: 61
 W1s = -100.0
 W2s = 100.0
 b1 = 0.21000000000000058
 b2 = 0.23000000000000057 [schmidt.py:249]
2024-06-30 18:06:53,650 - my_logger - WARNING - Zero in Proyection of i: 61 over j: 62
 W1s = -100.0
 W2s = 100.0
 b1 = 0.23000000000000057
 b2 = 0.25000000000000056 [schmidt.py:249]
2024-06-30 18:06:53,652 - my_logger - WARNING - Zero in Proyection of i: 62 over j: 63
 W1s = -100.0
 W2s = 100.0
 b1 = 0.25000000000000056
 b2 = 0.2700000000000006 [schmidt.py:249]
2024-06-30 18:06:53,656 - my_logger - WARNING - Zero in Proyection of i: 64 over j: 65
 W1s = -100.0
 W2s = 100.0
 b1 = 0.2900000000000006
 b2 = 0.3100000000000006 [schmidt.py:249]
2024-06-30 18:06:53,659 - my_logger - WARNING - Zero in Proyection of i: 66 over j: 67
 W1s = -100.0
 W2s = 100.0
 b1 = 0.3300000000000006
 b2 = 0.35000000000000064 [schmidt.py:249]
2024-06-30 18:06:53,661 - my_logger - WARNING - Zero in Proyection of i: 67 over j: 68
 W1s = -100.0
 W2s = 100.0
 b1 = 0.35000000000000064
 b2 = 0.37000000000000066 [schmidt.py:249]
2024-06-30 18:06:53,664 - my_logger - WARNING - Zero in Proyection of i: 69 over j: 70
 W1s = -100.0
 W2s = 100.0
 b1 = 0.3900000000000007
 b2 = 0.4100000000000007 [schmidt.py:249]
2024-06-30 18:06:53,666 - my_logger - WARNING - Zero in Proyection of i: 70 over j: 71
 W1s = -100.0
 W2s = 100.0
 b1 = 0.4100000000000007
 b2 = 0.4300000000000007 [schmidt.py:249]
2024-06-30 18:06:53,668 - my_logger - WARNING - Zero in Proyection of i: 71 over j: 72
 W1s = -100.0
 W2s = 100.0
 b1 = 0.4300000000000007
 b2 = 0.45000000000000073 [schmidt.py:249]
2024-06-30 18:06:53,671 - my_logger - WARNING - Zero in Proyection of i: 73 over j: 74
 W1s = -100.0
 W2s = 100.0
 b1 = 0.47000000000000075
 b2 = 0.49000000000000077 [schmidt.py:249]
2024-06-30 18:06:53,672 - my_logger - WARNING - Zero in Proyection of i: 74 over j: 75
 W1s = -100.0
 W2s = 100.0
 b1 = 0.49000000000000077
 b2 = 0.5100000000000008 [schmidt.py:249]
2024-06-30 18:06:53,674 - my_logger - WARNING - Zero in Proyection of i: 75 over j: 76
 W1s = -100.0
 W2s = 100.0
 b1 = 0.5100000000000008
 b2 = 0.5300000000000008 [schmidt.py:249]
2024-06-30 18:06:53,676 - my_logger - WARNING - Zero in Proyection of i: 77 over j: 78
 W1s = -100.0
 W2s = 100.0
 b1 = 0.5500000000000008
 b2 = 0.5700000000000008 [schmidt.py:249]
2024-06-30 18:06:53,678 - my_logger - WARNING - Zero in Proyection of i: 78 over j: 79
 W1s = -100.0
 W2s = 100.0
 b1 = 0.5700000000000008
 b2 = 0.5900000000000009 [schmidt.py:249]
2024-06-30 18:06:53,679 - my_logger - WARNING - Zero in Proyection of i: 79 over j: 80
 W1s = -100.0
 W2s = 100.0
 b1 = 0.5900000000000009
 b2 = 0.6100000000000009 [schmidt.py:249]
2024-06-30 18:06:53,682 - my_logger - WARNING - Zero in Proyection of i: 83 over j: 84
 W1s = -100.0
 W2s = 100.0
 b1 = 0.6700000000000009
 b2 = 0.690000000000001 [schmidt.py:249]
2024-06-30 18:06:53,684 - my_logger - WARNING - Zero in Proyection of i: 84 over j: 85
 W1s = -100.0
 W2s = 100.0
 b1 = 0.690000000000001
 b2 = 0.710000000000001 [schmidt.py:249]
2024-06-30 18:06:53,685 - my_logger - WARNING - Zero in Proyection of i: 85 over j: 86
 W1s = -100.0
 W2s = 100.0
 b1 = 0.710000000000001
 b2 = 0.730000000000001 [schmidt.py:249]
2024-06-30 18:06:53,686 - my_logger - WARNING - Zero in Proyection of i: 86 over j: 87
 W1s = -100.0
 W2s = 100.0
 b1 = 0.730000000000001
 b2 = 0.750000000000001 [schmidt.py:249]
2024-06-30 18:06:53,687 - my_logger - WARNING - Zero in Proyection of i: 87 over j: 88
 W1s = -100.0
 W2s = 100.0
 b1 = 0.750000000000001
 b2 = 0.770000000000001 [schmidt.py:249]
2024-06-30 18:06:53,688 - my_logger - WARNING - Zero in Proyection of i: 88 over j: 89
 W1s = -100.0
 W2s = 100.0
 b1 = 0.770000000000001
 b2 = 0.790000000000001 [schmidt.py:249]
2024-06-30 18:06:53,688 - my_logger - WARNING - Zero in Proyection of i: 89 over j: 90
 W1s = -100.0
 W2s = 100.0
 b1 = 0.790000000000001
 b2 = 0.810000000000001 [schmidt.py:249]
2024-06-30 18:06:53,690 - my_logger - WARNING - Zero in Proyection of i: 91 over j: 92
 W1s = -100.0
 W2s = 100.0
 b1 = 0.8300000000000011
 b2 = 0.8500000000000011 [schmidt.py:249]
2024-06-30 18:06:53,691 - my_logger - WARNING - Zero in Proyection of i: 92 over j: 93
 W1s = -100.0
 W2s = 100.0
 b1 = 0.8500000000000011
 b2 = 0.8700000000000011 [schmidt.py:249]
2024-06-30 18:06:53,691 - my_logger - WARNING - Zero in Proyection of i: 93 over j: 94
 W1s = -100.0
 W2s = 100.0
 b1 = 0.8700000000000011
 b2 = 0.8900000000000011 [schmidt.py:249]
2024-06-30 18:06:53,692 - my_logger - WARNING - Zero in Proyection of i: 94 over j: 95
 W1s = -100.0
 W2s = 100.0
 b1 = 0.8900000000000011
 b2 = 0.9100000000000011 [schmidt.py:249]
2024-06-30 18:06:53,693 - my_logger - WARNING - Zero in Proyection of i: 95 over j: 96
 W1s = -100.0
 W2s = 100.0
 b1 = 0.9100000000000011
 b2 = 0.9300000000000012 [schmidt.py:249]
2024-06-30 18:06:53,693 - my_logger - WARNING - Zero in Proyection of i: 96 over j: 97
 W1s = -100.0
 W2s = 100.0
 b1 = 0.9300000000000012
 b2 = 0.9500000000000012 [schmidt.py:249]
2024-06-30 18:06:53,694 - my_logger - WARNING - Zero in Proyection of i: 97 over j: 98
 W1s = -100.0
 W2s = 100.0
 b1 = 0.9500000000000012
 b2 = 0.9700000000000012 [schmidt.py:249]
2024-06-30 18:06:53,856 - my_logger - WARNING - O2B PROYECTIONS: NAN ERROR [schmidt.py:295]
2024-06-30 18:06:53,856 - my_logger - DEBUG - [[ 0.  0.  0. ...  0.  0.  0.]
 [nan  0.  0. ...  0.  0.  0.]
 [nan nan  0. ...  0.  0.  0.]
 ...
 [nan nan nan ...  0.  0.  0.]
 [nan nan nan ... nan  0.  0.]
 [nan nan nan ... nan nan  0.]] [schmidt.py:296]
2024-06-30 18:06:53,858 - my_logger - WARNING - BETAS: NAN ERROR [schmidt.py:300]
2024-06-30 18:06:53,859 - my_logger - WARNING - ---CORE TEST RESULTS---

     1. Data dimensions: 1, Base functions: 100 |     FAILED
     error: setting an array element with a sequence.
     traceback: TypeError: only length-1 arrays can be converted to Python scalars

The above exception was the direct cause of the following exception:

Traceback (most recent call last):
  File "C:\Users\Diego\Desktop\GRAM\python\source\tests\basic_tests.py", line 77, in run_core_test
    my_istar.evaluate_proyection(data_in, data_area, data_lab)
  File "C:\Users\Diego\Desktop\GRAM\python\source\core\schmidt.py", line 166, in evaluate_proyection
    proyections_f2b[i] += labels[d]*data_sum
ValueError: setting an array element with a sequence.
 [main.py:28]
2024-06-30 18:08:04,311 - my_logger - INFO - ---BASIC TEST RESULTS---

     1. Data dimensions: 1, Base functions: 1 |     PASS
     2. Data dimensions: 10, Base functions: 20 |     PASS
 [main.py:19]
2024-06-30 18:10:55,241 - my_logger - WARNING - Zero in Proyection of i: 0 over j: 1
 W1s = -100.0
 W2s = 100.0
 b1 = -0.99
 b2 = -0.97 [schmidt.py:249]
2024-06-30 18:14:06,213 - my_logger - INFO - ---BASIC TEST RESULTS---

     1. Data dimensions: 1, Base functions: 1 |     PASS
     2. Data dimensions: 10, Base functions: 20 |     PASS
 [main.py:19]
2024-06-30 18:14:06,591 - my_logger - WARNING - O2B PROYECTIONS: NAN ERROR [schmidt.py:295]
2024-06-30 18:14:06,592 - my_logger - DEBUG - [[ 0.  0.  0. ...  0.  0.  0.]
 [nan  0.  0. ...  0.  0.  0.]
 [nan nan  0. ...  0.  0.  0.]
 ...
 [nan nan nan ...  0.  0.  0.]
 [nan nan nan ... nan  0.  0.]
 [nan nan nan ... nan nan  0.]] [schmidt.py:296]
2024-06-30 18:14:06,593 - my_logger - WARNING - BETAS: NAN ERROR [schmidt.py:300]
2024-06-30 18:14:06,593 - my_logger - WARNING - ---CORE TEST RESULTS---

     1. Data dimensions: 1, Base functions: 100 |     FAILED
     error: setting an array element with a sequence.
     traceback: TypeError: only length-1 arrays can be converted to Python scalars

The above exception was the direct cause of the following exception:

Traceback (most recent call last):
  File "C:\Users\Diego\Desktop\GRAM\python\source\tests\basic_tests.py", line 77, in run_core_test
    my_istar.evaluate_proyection(data_in, data_area, data_lab)
  File "C:\Users\Diego\Desktop\GRAM\python\source\core\schmidt.py", line 166, in evaluate_proyection
    proyections_f2b[i] += labels[d]*data_sum
ValueError: setting an array element with a sequence.
 [main.py:28]
2024-06-30 18:15:37,826 - my_logger - INFO - ---BASIC TEST RESULTS---

     1. Data dimensions: 1, Base functions: 1 |     PASS
     2. Data dimensions: 10, Base functions: 20 |     PASS
 [main.py:19]
2024-06-30 18:17:45,589 - my_logger - INFO - ---BASIC TEST RESULTS---

     1. Data dimensions: 1, Base functions: 1 |     PASS
     2. Data dimensions: 10, Base functions: 20 |     PASS
 [main.py:19]
2024-06-30 18:27:35,757 - my_logger - INFO - ---BASIC TEST RESULTS---

     1. Data dimensions: 1, Base functions: 1 |     PASS
     2. Data dimensions: 10, Base functions: 20 |     PASS
 [main.py:19]
2024-06-30 18:27:36,131 - my_logger - WARNING - ---CORE TEST RESULTS---

     1. Data dimensions: 1, Base functions: 100 |     FAILED
     error: setting an array element with a sequence.
     traceback: TypeError: only length-1 arrays can be converted to Python scalars

The above exception was the direct cause of the following exception:

Traceback (most recent call last):
  File "C:\Users\Diego\Desktop\GRAM\python\source\tests\basic_tests.py", line 77, in run_core_test
    my_istar.evaluate_proyection(data_in, data_area, data_lab)
  File "C:\Users\Diego\Desktop\GRAM\python\source\core\schmidt.py", line 166, in evaluate_proyection
    proyections_f2b[i] += labels[d]*data_sum
ValueError: setting an array element with a sequence.
 [main.py:28]
2024-06-30 18:28:35,684 - my_logger - INFO - ---BASIC TEST RESULTS---

     1. Data dimensions: 1, Base functions: 1 |     PASS
     2. Data dimensions: 10, Base functions: 20 |     PASS
 [main.py:19]
2024-06-30 18:30:58,849 - my_logger - INFO - ---BASIC TEST RESULTS---

     1. Data dimensions: 1, Base functions: 1 |     PASS
     2. Data dimensions: 10, Base functions: 20 |     PASS
 [main.py:19]
2024-06-30 18:31:00,650 - my_logger - WARNING - ---CORE TEST RESULTS---

     1. Data dimensions: 1, Base functions: 100 |     FAILED
     error: local variable 'n_data' referenced before assignment
     traceback: Traceback (most recent call last):
  File "C:\Users\Diego\Desktop\GRAM\python\source\tests\basic_tests.py", line 78, in run_core_test
    output = my_istar.run(data_in)
  File "C:\Users\Diego\Desktop\GRAM\python\source\core\schmidt.py", line 196, in run
    network_output = np.zeros(n_data)
UnboundLocalError: local variable 'n_data' referenced before assignment
 [main.py:28]
2024-06-30 18:32:15,964 - my_logger - INFO - ---BASIC TEST RESULTS---

     1. Data dimensions: 1, Base functions: 1 |     PASS
     2. Data dimensions: 10, Base functions: 20 |     PASS
 [main.py:19]
2024-06-30 18:32:18,064 - my_logger - INFO - ---CORE TEST RESULTS---

     1. Data dimensions: 1, Base functions: 100 |     PASS
        score (less is better) = 
 [main.py:26]
2024-06-30 18:32:59,611 - my_logger - INFO - ---BASIC TEST RESULTS---

     1. Data dimensions: 1, Base functions: 1 |     PASS
     2. Data dimensions: 10, Base functions: 20 |     PASS
 [main.py:19]
2024-06-30 18:33:01,717 - my_logger - INFO - ---CORE TEST RESULTS---

     1. Data dimensions: 1, Base functions: 100 |     PASS
        score (less is better) = 1.5405225546842807
 [main.py:26]
2024-06-30 18:37:03,969 - my_logger - INFO - ---BASIC TEST RESULTS---

     1. Data dimensions: 1, Base functions: 1 |     PASS
     2. Data dimensions: 10, Base functions: 20 |     PASS
 [main.py:19]
2024-06-30 18:37:06,130 - my_logger - INFO - ---CORE TEST RESULTS---

     1. Data dimensions: 1, Base functions: 100 |     PASS
        score (less is better) = 5224.75361064777
 [main.py:26]
2024-06-30 18:38:51,507 - my_logger - INFO - ---BASIC TEST RESULTS---

     1. Data dimensions: 1, Base functions: 1 |     PASS
     2. Data dimensions: 10, Base functions: 20 |     PASS
 [main.py:19]
2024-06-30 18:38:53,623 - my_logger - INFO - ---CORE TEST RESULTS---

     1. Data dimensions: 1, Base functions: 100 |     PASS
        score (less is better) = 634.9726552136549
 [main.py:26]
2024-06-30 18:42:43,274 - my_logger - INFO - ---BASIC TEST RESULTS---

     1. Data dimensions: 1, Base functions: 1 |     PASS
     2. Data dimensions: 10, Base functions: 20 |     PASS
 [main.py:19]
2024-06-30 18:53:37,377 - my_logger - INFO - ---BASIC TEST RESULTS---

     1. Data dimensions: 1, Base functions: 1 |     PASS
     2. Data dimensions: 10, Base functions: 20 |     PASS
 [main.py:19]
2024-06-30 18:53:39,434 - my_logger - INFO - ---CORE TEST RESULTS---

     1. Data dimensions: 1, Base functions: 100 |     PASS
        score (less is better) = 1.613185178507015
 [main.py:26]
2024-06-30 18:54:14,284 - my_logger - INFO - ---BASIC TEST RESULTS---

     1. Data dimensions: 1, Base functions: 1 |     PASS
     2. Data dimensions: 10, Base functions: 20 |     PASS
 [main.py:19]
2024-06-30 18:54:16,386 - my_logger - INFO - ---CORE TEST RESULTS---

     1. Data dimensions: 1, Base functions: 100 |     PASS
        score (less is better) = 4.8116059022960185
 [main.py:26]
2024-06-30 18:54:37,330 - my_logger - INFO - ---BASIC TEST RESULTS---

     1. Data dimensions: 1, Base functions: 1 |     PASS
     2. Data dimensions: 10, Base functions: 20 |     PASS
 [main.py:19]
2024-06-30 18:54:39,419 - my_logger - INFO - ---CORE TEST RESULTS---

     1. Data dimensions: 1, Base functions: 100 |     PASS
        score (less is better) = 1.613185178507015
 [main.py:26]
2024-06-30 19:07:25,425 - my_logger - INFO - ---BASIC TEST RESULTS---

     1. Data dimensions: 1, Base functions: 1 |     PASS
     2. Data dimensions: 10, Base functions: 20 |     PASS


 [main.py:19]
2024-06-30 19:07:27,420 - my_logger - INFO - ---CORE TEST RESULTS---

     1. Bias lineal initialization, Base functions: 100 |     PASS
        score (less is better) = 1.613185178507015/1.613


 [main.py:26]
2024-06-30 19:07:29,933 - my_logger - WARNING - O2B PROYECTIONS: NAN ERROR [schmidt.py:296]
2024-06-30 19:07:29,934 - my_logger - DEBUG - [[0.         0.         0.         ... 0.         0.         0.        ]
 [1.4076725  0.         0.         ... 0.         0.         0.        ]
 [1.40886383        nan 0.         ... 0.         0.         0.        ]
 ...
 [1.40884602        nan        nan ... 0.         0.         0.        ]
 [1.40873825        nan        nan ...        nan 0.         0.        ]
 [1.41048167        nan        nan ...        nan        nan 0.        ]] [schmidt.py:297]
2024-06-30 19:07:29,936 - my_logger - WARNING - BETAS: NAN ERROR [schmidt.py:301]
2024-06-30 19:07:31,291 - my_logger - WARNING - F2O PROYECTIONS: NAN ERROR [schmidt.py:176]
2024-06-30 19:07:31,295 - my_logger - WARNING - SIGMAS: NAN ERROR [schmidt.py:184]
2024-06-30 19:07:31,984 - my_logger - WARNING - O2B PROYECTIONS: NAN ERROR [schmidt.py:296]
2024-06-30 19:07:31,985 - my_logger - DEBUG - [[ 0.00000000e+00  0.00000000e+00  0.00000000e+00 ...  0.00000000e+00
   0.00000000e+00  0.00000000e+00]
 [ 1.40938145e+00  0.00000000e+00  0.00000000e+00 ...  0.00000000e+00
   0.00000000e+00  0.00000000e+00]
 [ 1.41011830e+00 -1.53857310e-03  0.00000000e+00 ...  0.00000000e+00
   0.00000000e+00  0.00000000e+00]
 ...
 [ 1.40974639e+00 -1.66459261e-03  2.44117051e-03 ...  0.00000000e+00
   0.00000000e+00  0.00000000e+00]
 [ 1.40938179e+00  4.09494936e-03  3.70183167e-04 ...             nan
   0.00000000e+00  0.00000000e+00]
 [ 1.41232707e+00  6.92006482e-04  6.13022092e-04 ...             nan
              nan  0.00000000e+00]] [schmidt.py:297]
2024-06-30 19:07:31,986 - my_logger - WARNING - BETAS: NAN ERROR [schmidt.py:301]
2024-06-30 19:07:33,308 - my_logger - WARNING - F2O PROYECTIONS: NAN ERROR [schmidt.py:176]
2024-06-30 19:07:33,312 - my_logger - WARNING - SIGMAS: NAN ERROR [schmidt.py:184]
2024-06-30 19:07:33,618 - my_logger - INFO - ---DISTRIBUTION TEST RESULTS---

     1. Bias data distribution initialization, Base functions: 100 |     PASS
        score (less is better) = 1.7816480792579077/1.613
     2. Weights data distribution initialization, Base functions: 100 |     PASS
        score (less is better) = nan/1.613
     3. Bias & Weights data distribution initialization, Base functions: 100 |     PASS
        score (less is better) = nan/1.613


 [main.py:33]
2024-06-30 19:08:49,317 - my_logger - INFO - ---BASIC TEST RESULTS---

     1. Data dimensions: 1, Base functions: 1 |     PASS
     2. Data dimensions: 10, Base functions: 20 |     PASS


 [main.py:19]
2024-06-30 19:08:51,328 - my_logger - INFO - ---CORE TEST RESULTS---

     1. Bias lineal initialization, Base functions: 100 |     PASS
        score (less is better) = 1.613185178507015/1.613


 [main.py:26]
2024-06-30 19:08:53,541 - my_logger - INFO - ---DISTRIBUTION TEST RESULTS---

     1. Bias data distribution initialization, Base functions: 40 |     PASS
        score (less is better) = 6.2908710483849815/1.613
     2. Weights data distribution initialization, Base functions: 100 |     PASS
        score (less is better) = 0.4070735690059511/1.613
     3. Bias & Weights data distribution initialization, Base functions: 100 |     PASS
        score (less is better) = 0.38875592164979295/1.613


 [main.py:33]
2024-06-30 19:16:30,383 - my_logger - INFO - ---BASIC TEST RESULTS---

     1. Data dimensions: 1, Base functions: 1 |     PASS
     2. Data dimensions: 10, Base functions: 20 |     PASS


 [main.py:19]
2024-06-30 19:16:32,440 - my_logger - INFO - ---CORE TEST RESULTS---

     1. Bias lineal initialization, Base functions: 100 |     PASS
        score (less is better) = 1.613185178507015/1.613


 [main.py:26]
2024-06-30 19:18:19,196 - my_logger - INFO - ---BASIC TEST RESULTS---

     1. Data dimensions: 1, Base functions: 1 |     PASS
     2. Data dimensions: 10, Base functions: 20 |     PASS


 [main.py:19]
2024-06-30 19:18:21,193 - my_logger - INFO - ---CORE TEST RESULTS---

     1. Bias lineal initialization, Base functions: 100 |     PASS
        score (less is better) = 1.613185178507015/1.613


 [main.py:26]
2024-06-30 19:18:21,565 - my_logger - INFO - ---DISTRIBUTION TEST RESULTS---

     1. Bias data distribution initialization, Base functions: 5 |     PASS
        score (less is better) = 24.58959273582787/1.613
     2. Weights data distribution initialization, Base functions: 5 |     PASS
        score (less is better) = 27.370618649451366/1.613
     3. Bias & Weights data distribution initialization, Base functions: 5 |     PASS
        score (less is better) = 27.39594431967988/1.613


 [main.py:34]
2024-06-30 19:18:22,137 - my_logger - INFO - ---DISTRIBUTION TEST RESULTS---

     1. Bias data distribution initialization, Base functions: 10 |     PASS
        score (less is better) = 21.10794407218955/1.613
     2. Weights data distribution initialization, Base functions: 10 |     PASS
        score (less is better) = 9.486980422973556/1.613
     3. Bias & Weights data distribution initialization, Base functions: 10 |     PASS
        score (less is better) = 9.441793251693857/1.613


 [main.py:34]
2024-06-30 19:18:22,972 - my_logger - INFO - ---DISTRIBUTION TEST RESULTS---

     1. Bias data distribution initialization, Base functions: 15 |     PASS
        score (less is better) = 16.511800291838146/1.613
     2. Weights data distribution initialization, Base functions: 15 |     PASS
        score (less is better) = 3.4123391857468537/1.613
     3. Bias & Weights data distribution initialization, Base functions: 15 |     PASS
        score (less is better) = 3.82209301366719/1.613


 [main.py:34]
2024-06-30 19:18:24,042 - my_logger - INFO - ---DISTRIBUTION TEST RESULTS---

     1. Bias data distribution initialization, Base functions: 20 |     PASS
        score (less is better) = 12.818134193646147/1.613
     2. Weights data distribution initialization, Base functions: 20 |     PASS
        score (less is better) = 1.7913361054661343/1.613
     3. Bias & Weights data distribution initialization, Base functions: 20 |     PASS
        score (less is better) = 1.7197506289590918/1.613


 [main.py:34]
2024-06-30 19:18:25,378 - my_logger - INFO - ---DISTRIBUTION TEST RESULTS---

     1. Bias data distribution initialization, Base functions: 25 |     PASS
        score (less is better) = 10.443925042804612/1.613
     2. Weights data distribution initialization, Base functions: 25 |     PASS
        score (less is better) = 1.107790481897545/1.613
     3. Bias & Weights data distribution initialization, Base functions: 25 |     PASS
        score (less is better) = 1.3134466392315467/1.613


 [main.py:34]
2024-06-30 19:18:27,018 - my_logger - INFO - ---DISTRIBUTION TEST RESULTS---

     1. Bias data distribution initialization, Base functions: 30 |     PASS
        score (less is better) = 8.831066399981522/1.613
     2. Weights data distribution initialization, Base functions: 30 |     PASS
        score (less is better) = 0.7385216601690491/1.613
     3. Bias & Weights data distribution initialization, Base functions: 30 |     PASS
        score (less is better) = 0.9321454630408201/1.613


 [main.py:34]
2024-06-30 19:18:28,869 - my_logger - INFO - ---DISTRIBUTION TEST RESULTS---

     1. Bias data distribution initialization, Base functions: 35 |     PASS
        score (less is better) = 7.22108958545488/1.613
     2. Weights data distribution initialization, Base functions: 35 |     PASS
        score (less is better) = 0.5322586239036533/1.613
     3. Bias & Weights data distribution initialization, Base functions: 35 |     PASS
        score (less is better) = 0.5535532547861729/1.613


 [main.py:34]
2024-06-30 19:18:31,005 - my_logger - INFO - ---DISTRIBUTION TEST RESULTS---

     1. Bias data distribution initialization, Base functions: 40 |     PASS
        score (less is better) = 6.2908710483849815/1.613
     2. Weights data distribution initialization, Base functions: 40 |     PASS
        score (less is better) = 0.4070735690059511/1.613
     3. Bias & Weights data distribution initialization, Base functions: 40 |     PASS
        score (less is better) = 0.38875592164979295/1.613


 [main.py:34]
2024-06-30 19:18:33,458 - my_logger - INFO - ---DISTRIBUTION TEST RESULTS---

     1. Bias data distribution initialization, Base functions: 45 |     PASS
        score (less is better) = 5.3912742614018025/1.613
     2. Weights data distribution initialization, Base functions: 45 |     PASS
        score (less is better) = 0.3169222952896264/1.613
     3. Bias & Weights data distribution initialization, Base functions: 45 |     PASS
        score (less is better) = 0.3406995829573415/1.613


 [main.py:34]
2024-06-30 19:18:36,230 - my_logger - INFO - ---DISTRIBUTION TEST RESULTS---

     1. Bias data distribution initialization, Base functions: 50 |     PASS
        score (less is better) = 4.590561320409099/1.613
     2. Weights data distribution initialization, Base functions: 50 |     PASS
        score (less is better) = 0.31199575231572646/1.613
     3. Bias & Weights data distribution initialization, Base functions: 50 |     PASS
        score (less is better) = 0.28216096035114396/1.613


 [main.py:34]
2024-06-30 19:18:39,361 - my_logger - INFO - ---DISTRIBUTION TEST RESULTS---

     1. Bias data distribution initialization, Base functions: 55 |     PASS
        score (less is better) = 4.24793394610764/1.613
     2. Weights data distribution initialization, Base functions: 55 |     PASS
        score (less is better) = 0.24408390410645453/1.613
     3. Bias & Weights data distribution initialization, Base functions: 55 |     PASS
        score (less is better) = 0.26322740974902203/1.613


 [main.py:34]
2024-06-30 19:18:42,666 - my_logger - INFO - ---DISTRIBUTION TEST RESULTS---

     1. Bias data distribution initialization, Base functions: 60 |     PASS
        score (less is better) = 3.7658739563321832/1.613
     2. Weights data distribution initialization, Base functions: 60 |     PASS
        score (less is better) = 0.2300029810239864/1.613
     3. Bias & Weights data distribution initialization, Base functions: 60 |     PASS
        score (less is better) = 0.24538304891465135/1.613


 [main.py:34]
2024-06-30 19:18:46,291 - my_logger - INFO - ---DISTRIBUTION TEST RESULTS---

     1. Bias data distribution initialization, Base functions: 65 |     PASS
        score (less is better) = 3.3336910071089165/1.613
     2. Weights data distribution initialization, Base functions: 65 |     PASS
        score (less is better) = 0.46061782488120834/1.613
     3. Bias & Weights data distribution initialization, Base functions: 65 |     PASS
        score (less is better) = 0.27833256329607453/1.613


 [main.py:34]
2024-06-30 19:18:47,789 - my_logger - WARNING - O2B PROYECTIONS: NAN ERROR [schmidt.py:296]
2024-06-30 19:18:47,789 - my_logger - DEBUG - [[ 0.00000000e+00  0.00000000e+00  0.00000000e+00 ...  0.00000000e+00
   0.00000000e+00  0.00000000e+00]
 [ 1.40086119e+00  0.00000000e+00  0.00000000e+00 ...  0.00000000e+00
   0.00000000e+00  0.00000000e+00]
 [ 1.40380042e+00 -7.34604211e-04  0.00000000e+00 ...  0.00000000e+00
   0.00000000e+00  0.00000000e+00]
 ...
 [ 1.40789376e+00 -1.09641202e-02  1.02430673e-03 ...  0.00000000e+00
   0.00000000e+00  0.00000000e+00]
 [ 1.40771255e+00 -1.09807528e-02  1.02257956e-03 ...             nan
   0.00000000e+00  0.00000000e+00]
 [ 1.40587168e+00 -1.19343053e-02  1.10799993e-03 ...             nan
              nan  0.00000000e+00]] [schmidt.py:297]
2024-06-30 19:18:47,791 - my_logger - WARNING - BETAS: NAN ERROR [schmidt.py:301]
2024-06-30 19:18:48,704 - my_logger - WARNING - F2O PROYECTIONS: NAN ERROR [schmidt.py:176]
2024-06-30 19:18:48,706 - my_logger - WARNING - SIGMAS: NAN ERROR [schmidt.py:184]
2024-06-30 19:18:49,104 - my_logger - WARNING - O2B PROYECTIONS: NAN ERROR [schmidt.py:296]
2024-06-30 19:18:49,104 - my_logger - DEBUG - [[ 0.00000000e+00  0.00000000e+00  0.00000000e+00 ...  0.00000000e+00
   0.00000000e+00  0.00000000e+00]
 [ 1.40414377e+00  0.00000000e+00  0.00000000e+00 ...  0.00000000e+00
   0.00000000e+00  0.00000000e+00]
 [ 1.40604399e+00 -3.39453461e-03  0.00000000e+00 ...  0.00000000e+00
   0.00000000e+00  0.00000000e+00]
 ...
 [ 1.41073861e+00  2.52762370e-03  1.02961854e-03 ...  0.00000000e+00
   0.00000000e+00  0.00000000e+00]
 [ 1.41060354e+00  1.62698508e-04  1.87147409e-03 ...             nan
   0.00000000e+00  0.00000000e+00]
 [ 1.40996284e+00  1.97315127e-03  5.96049429e-04 ...             nan
              nan  0.00000000e+00]] [schmidt.py:297]
2024-06-30 19:18:49,106 - my_logger - WARNING - BETAS: NAN ERROR [schmidt.py:301]
2024-06-30 19:18:50,022 - my_logger - WARNING - F2O PROYECTIONS: NAN ERROR [schmidt.py:176]
2024-06-30 19:18:50,024 - my_logger - WARNING - SIGMAS: NAN ERROR [schmidt.py:184]
2024-06-30 19:18:50,235 - my_logger - WARNING - ---DISTRIBUTION TEST RESULTS---

     1. Bias data distribution initialization, Base functions: 70 |     PASS
        score (less is better) = 3.039502901554673/1.613
     2. Weights data distribution initialization, Base functions: 70 |     FAILED
     error: NAN error
     traceback: Traceback (most recent call last):
  File "C:\Users\Diego\Desktop\GRAM\python\source\tests\basic_tests.py", line 152, in run_distribution_test
    raise ValueError("NAN error")
ValueError: NAN error

     3. Bias & Weights data distribution initialization, Base functions: 70 |     FAILED
     error: NAN error
     traceback: Traceback (most recent call last):
  File "C:\Users\Diego\Desktop\GRAM\python\source\tests\basic_tests.py", line 177, in run_distribution_test
    raise ValueError("NAN error")
ValueError: NAN error


 [main.py:36]
2024-06-30 19:28:32,865 - my_logger - INFO - ---BASIC TEST RESULTS---

     1. Data dimensions: 1, Base functions: 1 |     ------------------------------------------------PASS
     2. Data dimensions: 10, Base functions: 20 |     ------------------------------------------------PASS


 [main.py:19]
2024-06-30 19:28:34,833 - my_logger - INFO - ---CORE TEST RESULTS---

     1. Bias lineal initialization, Base functions: 100 |     --------------------------------------PASS
        score (less is better) = 1.613185178507015/1.613


 [main.py:26]
2024-06-30 19:28:35,206 - my_logger - INFO - ---DISTRIBUTION TEST RESULTS---

     1. Bias data distribution initialization, Base functions: 5 |     -----------------------------PASS
        score (less is better) = 24.58959273582787/1.613
     2. Weights data distribution initialization, Base functions: 5 |     --------------------------PASS
        score (less is better) = 27.370618649451366/1.613
     3. Bias & Weights data distribution initialization, Base functions: 5 |     -------------------PASS
        score (less is better) = 27.39594431967988/1.613


 [main.py:34]
2024-06-30 19:28:35,765 - my_logger - INFO - ---DISTRIBUTION TEST RESULTS---

     1. Bias data distribution initialization, Base functions: 10 |     ----------------------------PASS
        score (less is better) = 21.10794407218955/1.613
     2. Weights data distribution initialization, Base functions: 10 |     -------------------------PASS
        score (less is better) = 9.486980422973556/1.613
     3. Bias & Weights data distribution initialization, Base functions: 10 |     ------------------PASS
        score (less is better) = 9.441793251693857/1.613


 [main.py:34]
2024-06-30 19:28:36,590 - my_logger - INFO - ---DISTRIBUTION TEST RESULTS---

     1. Bias data distribution initialization, Base functions: 15 |     ----------------------------PASS
        score (less is better) = 16.511800291838146/1.613
     2. Weights data distribution initialization, Base functions: 15 |     -------------------------PASS
        score (less is better) = 3.4123391857468537/1.613
     3. Bias & Weights data distribution initialization, Base functions: 15 |     ------------------PASS
        score (less is better) = 3.82209301366719/1.613


 [main.py:34]
2024-06-30 19:28:37,656 - my_logger - INFO - ---DISTRIBUTION TEST RESULTS---

     1. Bias data distribution initialization, Base functions: 20 |     ----------------------------PASS
        score (less is better) = 12.818134193646147/1.613
     2. Weights data distribution initialization, Base functions: 20 |     -------------------------PASS
        score (less is better) = 1.7913361054661343/1.613
     3. Bias & Weights data distribution initialization, Base functions: 20 |     ------------------PASS
        score (less is better) = 1.7197506289590918/1.613


 [main.py:34]
2024-06-30 19:28:38,993 - my_logger - INFO - ---DISTRIBUTION TEST RESULTS---

     1. Bias data distribution initialization, Base functions: 25 |     ----------------------------PASS
        score (less is better) = 10.443925042804612/1.613
     2. Weights data distribution initialization, Base functions: 25 |     -------------------------PASS
        score (less is better) = 1.107790481897545/1.613
     3. Bias & Weights data distribution initialization, Base functions: 25 |     ------------------PASS
        score (less is better) = 1.3134466392315467/1.613


 [main.py:34]
2024-06-30 19:28:40,604 - my_logger - INFO - ---DISTRIBUTION TEST RESULTS---

     1. Bias data distribution initialization, Base functions: 30 |     ----------------------------PASS
        score (less is better) = 8.831066399981522/1.613
     2. Weights data distribution initialization, Base functions: 30 |     -------------------------PASS
        score (less is better) = 0.7385216601690491/1.613
     3. Bias & Weights data distribution initialization, Base functions: 30 |     ------------------PASS
        score (less is better) = 0.9321454630408201/1.613


 [main.py:34]
2024-06-30 19:28:42,443 - my_logger - INFO - ---DISTRIBUTION TEST RESULTS---

     1. Bias data distribution initialization, Base functions: 35 |     ----------------------------PASS
        score (less is better) = 7.22108958545488/1.613
     2. Weights data distribution initialization, Base functions: 35 |     -------------------------PASS
        score (less is better) = 0.5322586239036533/1.613
     3. Bias & Weights data distribution initialization, Base functions: 35 |     ------------------PASS
        score (less is better) = 0.5535532547861729/1.613


 [main.py:34]
2024-06-30 19:28:44,656 - my_logger - INFO - ---DISTRIBUTION TEST RESULTS---

     1. Bias data distribution initialization, Base functions: 40 |     ----------------------------PASS
        score (less is better) = 6.2908710483849815/1.613
     2. Weights data distribution initialization, Base functions: 40 |     -------------------------PASS
        score (less is better) = 0.4070735690059511/1.613
     3. Bias & Weights data distribution initialization, Base functions: 40 |     ------------------PASS
        score (less is better) = 0.38875592164979295/1.613


 [main.py:34]
2024-06-30 19:28:47,096 - my_logger - INFO - ---DISTRIBUTION TEST RESULTS---

     1. Bias data distribution initialization, Base functions: 45 |     ----------------------------PASS
        score (less is better) = 5.3912742614018025/1.613
     2. Weights data distribution initialization, Base functions: 45 |     -------------------------PASS
        score (less is better) = 0.3169222952896264/1.613
     3. Bias & Weights data distribution initialization, Base functions: 45 |     ------------------PASS
        score (less is better) = 0.3406995829573415/1.613


 [main.py:34]
2024-06-30 19:28:49,917 - my_logger - INFO - ---DISTRIBUTION TEST RESULTS---

     1. Bias data distribution initialization, Base functions: 50 |     ----------------------------PASS
        score (less is better) = 4.590561320409099/1.613
     2. Weights data distribution initialization, Base functions: 50 |     -------------------------PASS
        score (less is better) = 0.31199575231572646/1.613
     3. Bias & Weights data distribution initialization, Base functions: 50 |     ------------------PASS
        score (less is better) = 0.28216096035114396/1.613


 [main.py:34]
2024-06-30 19:28:52,964 - my_logger - INFO - ---DISTRIBUTION TEST RESULTS---

     1. Bias data distribution initialization, Base functions: 55 |     ----------------------------PASS
        score (less is better) = 4.24793394610764/1.613
     2. Weights data distribution initialization, Base functions: 55 |     -------------------------PASS
        score (less is better) = 0.24408390410645453/1.613
     3. Bias & Weights data distribution initialization, Base functions: 55 |     ------------------PASS
        score (less is better) = 0.26322740974902203/1.613


 [main.py:34]
2024-06-30 19:28:56,271 - my_logger - INFO - ---DISTRIBUTION TEST RESULTS---

     1. Bias data distribution initialization, Base functions: 60 |     ----------------------------PASS
        score (less is better) = 3.7658739563321832/1.613
     2. Weights data distribution initialization, Base functions: 60 |     -------------------------PASS
        score (less is better) = 0.2300029810239864/1.613
     3. Bias & Weights data distribution initialization, Base functions: 60 |     ------------------PASS
        score (less is better) = 0.24538304891465135/1.613


 [main.py:34]
2024-06-30 19:28:59,907 - my_logger - INFO - ---DISTRIBUTION TEST RESULTS---

     1. Bias data distribution initialization, Base functions: 65 |     ----------------------------PASS
        score (less is better) = 3.3336910071089165/1.613
     2. Weights data distribution initialization, Base functions: 65 |     -------------------------PASS
        score (less is better) = 0.46061782488120834/1.613
     3. Bias & Weights data distribution initialization, Base functions: 65 |     ------------------PASS
        score (less is better) = 0.27833256329607453/1.613


 [main.py:34]
2024-06-30 19:29:01,387 - my_logger - WARNING - O2B PROYECTIONS: NAN ERROR [schmidt.py:296]
2024-06-30 19:29:01,388 - my_logger - DEBUG - [[ 0.00000000e+00  0.00000000e+00  0.00000000e+00 ...  0.00000000e+00
   0.00000000e+00  0.00000000e+00]
 [ 1.40086119e+00  0.00000000e+00  0.00000000e+00 ...  0.00000000e+00
   0.00000000e+00  0.00000000e+00]
 [ 1.40380042e+00 -7.34604211e-04  0.00000000e+00 ...  0.00000000e+00
   0.00000000e+00  0.00000000e+00]
 ...
 [ 1.40789376e+00 -1.09641202e-02  1.02430673e-03 ...  0.00000000e+00
   0.00000000e+00  0.00000000e+00]
 [ 1.40771255e+00 -1.09807528e-02  1.02257956e-03 ...             nan
   0.00000000e+00  0.00000000e+00]
 [ 1.40587168e+00 -1.19343053e-02  1.10799993e-03 ...             nan
              nan  0.00000000e+00]] [schmidt.py:297]
2024-06-30 19:29:01,390 - my_logger - WARNING - BETAS: NAN ERROR [schmidt.py:301]
2024-06-30 19:29:02,334 - my_logger - WARNING - F2O PROYECTIONS: NAN ERROR [schmidt.py:176]
2024-06-30 19:29:02,336 - my_logger - WARNING - SIGMAS: NAN ERROR [schmidt.py:184]
2024-06-30 19:29:02,715 - my_logger - WARNING - O2B PROYECTIONS: NAN ERROR [schmidt.py:296]
2024-06-30 19:29:02,715 - my_logger - DEBUG - [[ 0.00000000e+00  0.00000000e+00  0.00000000e+00 ...  0.00000000e+00
   0.00000000e+00  0.00000000e+00]
 [ 1.40414377e+00  0.00000000e+00  0.00000000e+00 ...  0.00000000e+00
   0.00000000e+00  0.00000000e+00]
 [ 1.40604399e+00 -3.39453461e-03  0.00000000e+00 ...  0.00000000e+00
   0.00000000e+00  0.00000000e+00]
 ...
 [ 1.41073861e+00  2.52762370e-03  1.02961854e-03 ...  0.00000000e+00
   0.00000000e+00  0.00000000e+00]
 [ 1.41060354e+00  1.62698508e-04  1.87147409e-03 ...             nan
   0.00000000e+00  0.00000000e+00]
 [ 1.40996284e+00  1.97315127e-03  5.96049429e-04 ...             nan
              nan  0.00000000e+00]] [schmidt.py:297]
2024-06-30 19:29:02,717 - my_logger - WARNING - BETAS: NAN ERROR [schmidt.py:301]
2024-06-30 19:29:03,695 - my_logger - WARNING - F2O PROYECTIONS: NAN ERROR [schmidt.py:176]
2024-06-30 19:29:03,697 - my_logger - WARNING - SIGMAS: NAN ERROR [schmidt.py:184]
2024-06-30 19:29:03,908 - my_logger - WARNING - ---DISTRIBUTION TEST RESULTS---

     1. Bias data distribution initialization, Base functions: 70 |     ----------------------------PASS
        score (less is better) = 3.039502901554673/1.613
     2. Weights data distribution initialization, Base functions: 70 |     -------------------------FAILED
     error: NAN error
     traceback: Traceback (most recent call last):
  File "C:\Users\Diego\Desktop\GRAM\python\source\tests\basic_tests.py", line 160, in run_distribution_test
    raise ValueError("NAN error")
ValueError: NAN error

     3. Bias & Weights data distribution initialization, Base functions: 70 |     ------------------FAILED
     error: NAN error
     traceback: Traceback (most recent call last):
  File "C:\Users\Diego\Desktop\GRAM\python\source\tests\basic_tests.py", line 187, in run_distribution_test
    raise ValueError("NAN error")
ValueError: NAN error


 [main.py:36]
2024-06-30 19:30:53,857 - my_logger - INFO - ---BASIC TEST RESULTS---

     1. Data dimensions: 1, Base functions: 1 |     ------------------------------------------------PASS
     2. Data dimensions: 10, Base functions: 20 |     ----------------------------------------------PASS


 [main.py:19]
2024-06-30 19:30:55,862 - my_logger - INFO - ---CORE TEST RESULTS---

     1. Bias lineal initialization, Base functions: 100 |     --------------------------------------PASS
        score (less is better) = 1.613185178507015/1.613


 [main.py:26]
2024-06-30 19:30:56,211 - my_logger - INFO - ---DISTRIBUTION TEST RESULTS---

     1. Bias data distribution initialization, Base functions: 5 |     -----------------------------PASS
        score (less is better) = 24.58959273582787/1.613
     2. Weights data distribution initialization, Base functions: 5 |     --------------------------PASS
        score (less is better) = 27.370618649451366/1.613
     3. Bias & Weights data distribution initialization, Base functions: 5 |     -------------------PASS
        score (less is better) = 27.39594431967988/1.613


 [main.py:34]
2024-06-30 19:30:56,782 - my_logger - INFO - ---DISTRIBUTION TEST RESULTS---

     1. Bias data distribution initialization, Base functions: 10 |     ----------------------------PASS
        score (less is better) = 21.10794407218955/1.613
     2. Weights data distribution initialization, Base functions: 10 |     -------------------------PASS
        score (less is better) = 9.486980422973556/1.613
     3. Bias & Weights data distribution initialization, Base functions: 10 |     ------------------PASS
        score (less is better) = 9.441793251693857/1.613


 [main.py:34]
2024-06-30 19:30:57,604 - my_logger - INFO - ---DISTRIBUTION TEST RESULTS---

     1. Bias data distribution initialization, Base functions: 15 |     ----------------------------PASS
        score (less is better) = 16.511800291838146/1.613
     2. Weights data distribution initialization, Base functions: 15 |     -------------------------PASS
        score (less is better) = 3.4123391857468537/1.613
     3. Bias & Weights data distribution initialization, Base functions: 15 |     ------------------PASS
        score (less is better) = 3.82209301366719/1.613


 [main.py:34]
2024-06-30 19:30:58,670 - my_logger - INFO - ---DISTRIBUTION TEST RESULTS---

     1. Bias data distribution initialization, Base functions: 20 |     ----------------------------PASS
        score (less is better) = 12.818134193646147/1.613
     2. Weights data distribution initialization, Base functions: 20 |     -------------------------PASS
        score (less is better) = 1.7913361054661343/1.613
     3. Bias & Weights data distribution initialization, Base functions: 20 |     ------------------PASS
        score (less is better) = 1.7197506289590918/1.613


 [main.py:34]
2024-06-30 19:31:00,027 - my_logger - INFO - ---DISTRIBUTION TEST RESULTS---

     1. Bias data distribution initialization, Base functions: 25 |     ----------------------------PASS
        score (less is better) = 10.443925042804612/1.613
     2. Weights data distribution initialization, Base functions: 25 |     -------------------------PASS
        score (less is better) = 1.107790481897545/1.613
     3. Bias & Weights data distribution initialization, Base functions: 25 |     ------------------PASS
        score (less is better) = 1.3134466392315467/1.613


 [main.py:34]
2024-06-30 19:31:01,633 - my_logger - INFO - ---DISTRIBUTION TEST RESULTS---

     1. Bias data distribution initialization, Base functions: 30 |     ----------------------------PASS
        score (less is better) = 8.831066399981522/1.613
     2. Weights data distribution initialization, Base functions: 30 |     -------------------------PASS
        score (less is better) = 0.7385216601690491/1.613
     3. Bias & Weights data distribution initialization, Base functions: 30 |     ------------------PASS
        score (less is better) = 0.9321454630408201/1.613


 [main.py:34]
2024-06-30 19:31:03,517 - my_logger - INFO - ---DISTRIBUTION TEST RESULTS---

     1. Bias data distribution initialization, Base functions: 35 |     ----------------------------PASS
        score (less is better) = 7.22108958545488/1.613
     2. Weights data distribution initialization, Base functions: 35 |     -------------------------PASS
        score (less is better) = 0.5322586239036533/1.613
     3. Bias & Weights data distribution initialization, Base functions: 35 |     ------------------PASS
        score (less is better) = 0.5535532547861729/1.613


 [main.py:34]
2024-06-30 19:31:05,656 - my_logger - INFO - ---DISTRIBUTION TEST RESULTS---

     1. Bias data distribution initialization, Base functions: 40 |     ----------------------------PASS
        score (less is better) = 6.2908710483849815/1.613
     2. Weights data distribution initialization, Base functions: 40 |     -------------------------PASS
        score (less is better) = 0.4070735690059511/1.613
     3. Bias & Weights data distribution initialization, Base functions: 40 |     ------------------PASS
        score (less is better) = 0.38875592164979295/1.613


 [main.py:34]
2024-06-30 19:31:08,104 - my_logger - INFO - ---DISTRIBUTION TEST RESULTS---

     1. Bias data distribution initialization, Base functions: 45 |     ----------------------------PASS
        score (less is better) = 5.3912742614018025/1.613
     2. Weights data distribution initialization, Base functions: 45 |     -------------------------PASS
        score (less is better) = 0.3169222952896264/1.613
     3. Bias & Weights data distribution initialization, Base functions: 45 |     ------------------PASS
        score (less is better) = 0.3406995829573415/1.613


 [main.py:34]
2024-06-30 19:31:10,919 - my_logger - INFO - ---DISTRIBUTION TEST RESULTS---

     1. Bias data distribution initialization, Base functions: 50 |     ----------------------------PASS
        score (less is better) = 4.590561320409099/1.613
     2. Weights data distribution initialization, Base functions: 50 |     -------------------------PASS
        score (less is better) = 0.31199575231572646/1.613
     3. Bias & Weights data distribution initialization, Base functions: 50 |     ------------------PASS
        score (less is better) = 0.28216096035114396/1.613


 [main.py:34]
2024-06-30 19:31:13,964 - my_logger - INFO - ---DISTRIBUTION TEST RESULTS---

     1. Bias data distribution initialization, Base functions: 55 |     ----------------------------PASS
        score (less is better) = 4.24793394610764/1.613
     2. Weights data distribution initialization, Base functions: 55 |     -------------------------PASS
        score (less is better) = 0.24408390410645453/1.613
     3. Bias & Weights data distribution initialization, Base functions: 55 |     ------------------PASS
        score (less is better) = 0.26322740974902203/1.613


 [main.py:34]
2024-06-30 19:31:17,291 - my_logger - INFO - ---DISTRIBUTION TEST RESULTS---

     1. Bias data distribution initialization, Base functions: 60 |     ----------------------------PASS
        score (less is better) = 3.7658739563321832/1.613
     2. Weights data distribution initialization, Base functions: 60 |     -------------------------PASS
        score (less is better) = 0.2300029810239864/1.613
     3. Bias & Weights data distribution initialization, Base functions: 60 |     ------------------PASS
        score (less is better) = 0.24538304891465135/1.613


 [main.py:34]
2024-06-30 19:31:21,012 - my_logger - INFO - ---DISTRIBUTION TEST RESULTS---

     1. Bias data distribution initialization, Base functions: 65 |     ----------------------------PASS
        score (less is better) = 3.3336910071089165/1.613
     2. Weights data distribution initialization, Base functions: 65 |     -------------------------PASS
        score (less is better) = 0.46061782488120834/1.613
     3. Bias & Weights data distribution initialization, Base functions: 65 |     ------------------PASS
        score (less is better) = 0.27833256329607453/1.613


 [main.py:34]
2024-06-30 19:31:22,491 - my_logger - WARNING - O2B PROYECTIONS: NAN ERROR [schmidt.py:296]
2024-06-30 19:31:22,491 - my_logger - DEBUG - [[ 0.00000000e+00  0.00000000e+00  0.00000000e+00 ...  0.00000000e+00
   0.00000000e+00  0.00000000e+00]
 [ 1.40086119e+00  0.00000000e+00  0.00000000e+00 ...  0.00000000e+00
   0.00000000e+00  0.00000000e+00]
 [ 1.40380042e+00 -7.34604211e-04  0.00000000e+00 ...  0.00000000e+00
   0.00000000e+00  0.00000000e+00]
 ...
 [ 1.40789376e+00 -1.09641202e-02  1.02430673e-03 ...  0.00000000e+00
   0.00000000e+00  0.00000000e+00]
 [ 1.40771255e+00 -1.09807528e-02  1.02257956e-03 ...             nan
   0.00000000e+00  0.00000000e+00]
 [ 1.40587168e+00 -1.19343053e-02  1.10799993e-03 ...             nan
              nan  0.00000000e+00]] [schmidt.py:297]
2024-06-30 19:31:22,493 - my_logger - WARNING - BETAS: NAN ERROR [schmidt.py:301]
2024-06-30 19:31:23,425 - my_logger - WARNING - F2O PROYECTIONS: NAN ERROR [schmidt.py:176]
2024-06-30 19:31:23,427 - my_logger - WARNING - SIGMAS: NAN ERROR [schmidt.py:184]
2024-06-30 19:31:23,818 - my_logger - WARNING - O2B PROYECTIONS: NAN ERROR [schmidt.py:296]
2024-06-30 19:31:23,818 - my_logger - DEBUG - [[ 0.00000000e+00  0.00000000e+00  0.00000000e+00 ...  0.00000000e+00
   0.00000000e+00  0.00000000e+00]
 [ 1.40414377e+00  0.00000000e+00  0.00000000e+00 ...  0.00000000e+00
   0.00000000e+00  0.00000000e+00]
 [ 1.40604399e+00 -3.39453461e-03  0.00000000e+00 ...  0.00000000e+00
   0.00000000e+00  0.00000000e+00]
 ...
 [ 1.41073861e+00  2.52762370e-03  1.02961854e-03 ...  0.00000000e+00
   0.00000000e+00  0.00000000e+00]
 [ 1.41060354e+00  1.62698508e-04  1.87147409e-03 ...             nan
   0.00000000e+00  0.00000000e+00]
 [ 1.40996284e+00  1.97315127e-03  5.96049429e-04 ...             nan
              nan  0.00000000e+00]] [schmidt.py:297]
2024-06-30 19:31:23,820 - my_logger - WARNING - BETAS: NAN ERROR [schmidt.py:301]
2024-06-30 19:31:24,797 - my_logger - WARNING - F2O PROYECTIONS: NAN ERROR [schmidt.py:176]
2024-06-30 19:31:24,800 - my_logger - WARNING - SIGMAS: NAN ERROR [schmidt.py:184]
2024-06-30 19:31:25,009 - my_logger - WARNING - ---DISTRIBUTION TEST RESULTS---

     1. Bias data distribution initialization, Base functions: 70 |     ----------------------------PASS
        score (less is better) = 3.039502901554673/1.613
     2. Weights data distribution initialization, Base functions: 70 |     -------------------------FAILED
     error: NAN error
     traceback: Traceback (most recent call last):
  File "C:\Users\Diego\Desktop\GRAM\python\source\tests\basic_tests.py", line 162, in run_distribution_test
    raise ValueError("NAN error")
ValueError: NAN error

     3. Bias & Weights data distribution initialization, Base functions: 70 |     ------------------FAILED
     error: NAN error
     traceback: Traceback (most recent call last):
  File "C:\Users\Diego\Desktop\GRAM\python\source\tests\basic_tests.py", line 189, in run_distribution_test
    raise ValueError("NAN error")
ValueError: NAN error


 [main.py:36]
2024-06-30 19:51:50,910 - my_logger - WARNING - B2B PROYECTIONS: NAN ERROR [schmidt.py:264]
2024-06-30 19:51:51,424 - my_logger - WARNING - F2B PROYECTIONS: NAN ERROR [schmidt.py:169]
2024-06-30 19:57:26,842 - my_logger - WARNING - B2B PROYECTIONS: NAN ERROR [schmidt.py:264]
2024-06-30 19:57:27,360 - my_logger - WARNING - F2B PROYECTIONS: NAN ERROR [schmidt.py:169]
2024-06-30 20:05:29,221 - my_logger - INFO - ---BASIC TEST RESULTS---

     1. Data dimensions: 1, Base functions: 1 |     ------------------------------------------------PASS
     2. Data dimensions: 10, Base functions: 20 |     ----------------------------------------------PASS


 [main.py:19]
2024-06-30 20:05:49,078 - my_logger - INFO - ---CORE TEST RESULTS---

     1. Bias lineal initialization, Base functions: 100 |     --------------------------------------PASS
        score (less is better) = 1.613185178507015/1.613


 [main.py:26]
2024-06-30 20:17:13,440 - my_logger - WARNING - B2B PROYECTIONS: NAN ERROR [schmidt.py:264]
2024-06-30 20:17:14,015 - my_logger - WARNING - F2B PROYECTIONS: NAN ERROR [schmidt.py:169]
2024-06-30 20:17:19,535 - my_logger - WARNING - B2B PROYECTIONS: NAN ERROR [schmidt.py:264]
2024-06-30 20:17:20,019 - my_logger - WARNING - F2B PROYECTIONS: NAN ERROR [schmidt.py:169]
2024-06-30 20:17:24,234 - my_logger - WARNING - B2B PROYECTIONS: NAN ERROR [schmidt.py:264]
2024-06-30 20:17:24,662 - my_logger - WARNING - F2B PROYECTIONS: NAN ERROR [schmidt.py:169]
2024-06-30 20:17:33,346 - my_logger - WARNING - B2B PROYECTIONS: NAN ERROR [schmidt.py:264]
2024-06-30 20:17:33,753 - my_logger - WARNING - F2B PROYECTIONS: NAN ERROR [schmidt.py:169]
2024-07-01 20:13:28,141 - my_logger - WARNING - B2B PROYECTIONS: NAN ERROR [schmidt.py:264]
2024-07-01 20:13:29,813 - my_logger - WARNING - F2B PROYECTIONS: NAN ERROR [schmidt.py:169]
2024-07-01 20:16:58,696 - my_logger - WARNING - O2B PROYECTIONS: NAN ERROR [schmidt.py:296]
2024-07-01 20:16:58,696 - my_logger - DEBUG - [[0.         0.         0.         ... 0.         0.         0.        ]
 [3.99967405 0.         0.         ... 0.         0.         0.        ]
 [3.81184864        nan 0.         ... 0.         0.         0.        ]
 ...
 [3.9995564         nan        nan ... 0.         0.         0.        ]
 [3.99955315        nan        nan ...        nan 0.         0.        ]
 [3.99967405        nan        nan ...        nan        nan 0.        ]] [schmidt.py:297]
2024-07-01 20:16:58,697 - my_logger - WARNING - BETAS: NAN ERROR [schmidt.py:301]
2024-07-01 20:17:00,187 - my_logger - WARNING - F2O PROYECTIONS: NAN ERROR [schmidt.py:176]
2024-07-01 20:17:00,191 - my_logger - WARNING - SIGMAS: NAN ERROR [schmidt.py:184]
2024-07-01 20:18:08,082 - my_logger - WARNING - O2B PROYECTIONS: NAN ERROR [schmidt.py:296]
2024-07-01 20:18:08,082 - my_logger - DEBUG - [[0.         0.         0.         ... 0.         0.         0.        ]
 [3.99967405 0.         0.         ... 0.         0.         0.        ]
 [3.81184864        nan 0.         ... 0.         0.         0.        ]
 ...
 [3.9995564         nan        nan ... 0.         0.         0.        ]
 [3.99955315        nan        nan ...        nan 0.         0.        ]
 [3.99967405        nan        nan ...        nan        nan 0.        ]] [schmidt.py:297]
2024-07-01 20:18:08,083 - my_logger - WARNING - BETAS: NAN ERROR [schmidt.py:301]
2024-07-01 20:18:09,485 - my_logger - WARNING - F2O PROYECTIONS: NAN ERROR [schmidt.py:176]
2024-07-01 20:18:09,488 - my_logger - WARNING - SIGMAS: NAN ERROR [schmidt.py:184]
2024-07-01 20:18:35,846 - my_logger - WARNING - Zero in Proyection of i: 9 over j: 71 [schmidt.py:250]
2024-07-01 20:18:35,847 - my_logger - WARNING - Zero in Proyection of i: 9 over j: 71 [schmidt.py:250]
2024-07-01 20:18:35,849 - my_logger - WARNING - Zero in Proyection of i: 9 over j: 85 [schmidt.py:250]
2024-07-01 20:18:35,849 - my_logger - WARNING - Zero in Proyection of i: 9 over j: 85 [schmidt.py:250]
2024-07-01 20:18:36,023 - my_logger - WARNING - Zero in Proyection of i: 25 over j: 35 [schmidt.py:250]
2024-07-01 20:18:36,023 - my_logger - WARNING - Zero in Proyection of i: 25 over j: 35 [schmidt.py:250]
2024-07-01 20:19:24,746 - my_logger - WARNING - O2B PROYECTIONS: NAN ERROR [schmidt.py:296]
2024-07-01 20:19:24,746 - my_logger - DEBUG - [[0.         0.         0.         ... 0.         0.         0.        ]
 [3.99963618 0.         0.         ... 0.         0.         0.        ]
 [3.83337066        nan 0.         ... 0.         0.         0.        ]
 ...
 [3.99954334        nan        nan ... 0.         0.         0.        ]
 [3.99950491        nan        nan ...        nan 0.         0.        ]
 [3.99963618        nan        nan ...        nan        nan 0.        ]] [schmidt.py:297]
2024-07-01 20:19:24,747 - my_logger - WARNING - BETAS: NAN ERROR [schmidt.py:301]
2024-07-01 20:19:26,177 - my_logger - WARNING - F2O PROYECTIONS: NAN ERROR [schmidt.py:176]
2024-07-01 20:19:26,180 - my_logger - WARNING - SIGMAS: NAN ERROR [schmidt.py:184]
2024-07-01 20:19:59,233 - my_logger - WARNING - O2B PROYECTIONS: NAN ERROR [schmidt.py:296]
2024-07-01 20:19:59,234 - my_logger - DEBUG - [[0.         0.         0.         ... 0.         0.         0.        ]
 [3.99967405 0.         0.         ... 0.         0.         0.        ]
 [3.81184864        nan 0.         ... 0.         0.         0.        ]
 ...
 [3.9995564         nan        nan ... 0.         0.         0.        ]
 [3.99955315        nan        nan ...        nan 0.         0.        ]
 [3.99967405        nan        nan ...        nan        nan 0.        ]] [schmidt.py:297]
2024-07-01 20:19:59,236 - my_logger - WARNING - BETAS: NAN ERROR [schmidt.py:301]
2024-07-01 20:20:02,183 - my_logger - WARNING - F2O PROYECTIONS: NAN ERROR [schmidt.py:176]
2024-07-01 20:20:02,189 - my_logger - WARNING - SIGMAS: NAN ERROR [schmidt.py:184]
2024-07-01 20:23:44,001 - my_logger - WARNING - O2B PROYECTIONS: NAN ERROR [schmidt.py:296]
2024-07-01 20:23:44,001 - my_logger - DEBUG - [[ 0.00000000e+00  0.00000000e+00  0.00000000e+00 ...  0.00000000e+00
   0.00000000e+00  0.00000000e+00]
 [ 3.99967395e+00  0.00000000e+00  0.00000000e+00 ...  0.00000000e+00
   0.00000000e+00  0.00000000e+00]
 [ 3.81184864e+00 -1.03806125e-02  0.00000000e+00 ...  0.00000000e+00
   0.00000000e+00  0.00000000e+00]
 ...
 [ 3.99967394e+00  1.72077452e+04  1.11110287e+04 ...  0.00000000e+00
   0.00000000e+00  0.00000000e+00]
 [ 3.99967393e+00 -3.43505293e+03 -2.21805076e+03 ...             nan
   0.00000000e+00  0.00000000e+00]
 [ 3.99967395e+00  1.93689541e+05  1.25065536e+05 ...             nan
              nan  0.00000000e+00]] [schmidt.py:297]
2024-07-01 20:23:44,003 - my_logger - WARNING - BETAS: NAN ERROR [schmidt.py:301]
2024-07-01 20:23:45,516 - my_logger - WARNING - F2O PROYECTIONS: NAN ERROR [schmidt.py:176]
2024-07-01 20:23:45,520 - my_logger - WARNING - SIGMAS: NAN ERROR [schmidt.py:184]
2024-07-01 20:45:19,251 - my_logger - INFO - ---BASIC TEST RESULTS---

     1. Data dimensions: 1, Base functions: 1 |     ------------------------------------------------PASS
     2. Data dimensions: 10, Base functions: 20 |     ----------------------------------------------PASS


 [main.py:19]
2024-07-01 20:45:21,259 - my_logger - INFO - ---CORE TEST RESULTS---

     1. Bias lineal initialization, Base functions: 100 |     --------------------------------------PASS
        score (less is better) = 1.613185178507015/1.613


 [main.py:26]
2024-07-01 20:45:21,575 - my_logger - WARNING - ---DISTRIBUTION TEST RESULTS---

     1. Bias data distribution initialization, Base functions: 5 |     -----------------------------FAILED
     error: invalid index to scalar variable.
     traceback: Traceback (most recent call last):
  File "C:\Users\Diego\Desktop\GRAM\python\source\tests\basic_tests.py", line 125, in run_distribution_test
    (bias,weights) = distribute_bases(data_in, base_functions)
  File "C:\Users\Diego\Desktop\GRAM\python\source\core\data_analysis.py", line 28, in distribute_bases
    distancia_media_i[i] = np.max([distancia_media_i[i],MIN_W])
IndexError: invalid index to scalar variable.

     2. Weights data distribution initialization, Base functions: 5 |     --------------------------FAILED
     error: invalid index to scalar variable.
     traceback: Traceback (most recent call last):
  File "C:\Users\Diego\Desktop\GRAM\python\source\tests\basic_tests.py", line 152, in run_distribution_test
    (bias,weights) = distribute_bases(data_in, base_functions)
  File "C:\Users\Diego\Desktop\GRAM\python\source\core\data_analysis.py", line 28, in distribute_bases
    distancia_media_i[i] = np.max([distancia_media_i[i],MIN_W])
IndexError: invalid index to scalar variable.

     3. Bias & Weights data distribution initialization, Base functions: 5 |     -------------------FAILED
     error: invalid index to scalar variable.
     traceback: Traceback (most recent call last):
  File "C:\Users\Diego\Desktop\GRAM\python\source\tests\basic_tests.py", line 179, in run_distribution_test
    (bias,weights) = distribute_bases(data_in, base_functions)
  File "C:\Users\Diego\Desktop\GRAM\python\source\core\data_analysis.py", line 28, in distribute_bases
    distancia_media_i[i] = np.max([distancia_media_i[i],MIN_W])
IndexError: invalid index to scalar variable.

     4. Bias & Weights & Areas data distribution initialization, Base functions: 5 |     -----------PASS
        score (less is better) = 23.051145018392173/1.613


 [main.py:36]
2024-07-01 20:46:57,105 - my_logger - INFO - ---BASIC TEST RESULTS---

     1. Data dimensions: 1, Base functions: 1 |     ------------------------------------------------PASS
     2. Data dimensions: 10, Base functions: 20 |     ----------------------------------------------PASS


 [main.py:19]
2024-07-01 20:46:59,111 - my_logger - INFO - ---CORE TEST RESULTS---

     1. Bias lineal initialization, Base functions: 100 |     --------------------------------------PASS
        score (less is better) = 1.613185178507015/1.613


 [main.py:26]
2024-07-01 20:46:59,723 - my_logger - INFO - ---DISTRIBUTION TEST RESULTS---

     1. Bias data distribution initialization, Base functions: 5 |     -----------------------------PASS
        score (less is better) = 24.58959273582787/1.613
     2. Weights data distribution initialization, Base functions: 5 |     --------------------------PASS
        score (less is better) = 22.91421949719817/1.613
     3. Bias & Weights data distribution initialization, Base functions: 5 |     -------------------PASS
        score (less is better) = 23.051911979207546/1.613
     4. Bias & Weights & Areas data distribution initialization, Base functions: 5 |     -----------PASS
        score (less is better) = 23.051145018392173/1.613


 [main.py:34]
2024-07-01 20:47:00,522 - my_logger - INFO - ---DISTRIBUTION TEST RESULTS---

     1. Bias data distribution initialization, Base functions: 10 |     ----------------------------PASS
        score (less is better) = 21.10794407218955/1.613
     2. Weights data distribution initialization, Base functions: 10 |     -------------------------PASS
        score (less is better) = 20.348586555409458/1.613
     3. Bias & Weights data distribution initialization, Base functions: 10 |     ------------------PASS
        score (less is better) = 20.29820544661404/1.613
     4. Bias & Weights & Areas data distribution initialization, Base functions: 10 |     ----------PASS
        score (less is better) = 20.296887204100365/1.613


 [main.py:34]
2024-07-01 20:47:01,659 - my_logger - INFO - ---DISTRIBUTION TEST RESULTS---

     1. Bias data distribution initialization, Base functions: 15 |     ----------------------------PASS
        score (less is better) = 16.511800291838146/1.613
     2. Weights data distribution initialization, Base functions: 15 |     -------------------------PASS
        score (less is better) = 17.27430002866716/1.613
     3. Bias & Weights data distribution initialization, Base functions: 15 |     ------------------PASS
        score (less is better) = 17.440866320482765/1.613
     4. Bias & Weights & Areas data distribution initialization, Base functions: 15 |     ----------PASS
        score (less is better) = 17.484598922567933/1.613


 [main.py:34]
2024-07-01 20:47:03,152 - my_logger - INFO - ---DISTRIBUTION TEST RESULTS---

     1. Bias data distribution initialization, Base functions: 20 |     ----------------------------PASS
        score (less is better) = 12.818134193646147/1.613
     2. Weights data distribution initialization, Base functions: 20 |     -------------------------PASS
        score (less is better) = 15.314736713922875/1.613
     3. Bias & Weights data distribution initialization, Base functions: 20 |     ------------------PASS
        score (less is better) = 15.302147307689948/1.613
     4. Bias & Weights & Areas data distribution initialization, Base functions: 20 |     ----------PASS
        score (less is better) = 15.383422357401862/1.613


 [main.py:34]
2024-07-01 20:47:04,968 - my_logger - INFO - ---DISTRIBUTION TEST RESULTS---

     1. Bias data distribution initialization, Base functions: 25 |     ----------------------------PASS
        score (less is better) = 10.443925042804612/1.613
     2. Weights data distribution initialization, Base functions: 25 |     -------------------------PASS
        score (less is better) = 14.622387079915955/1.613
     3. Bias & Weights data distribution initialization, Base functions: 25 |     ------------------PASS
        score (less is better) = 14.325594762075394/1.613
     4. Bias & Weights & Areas data distribution initialization, Base functions: 25 |     ----------PASS
        score (less is better) = 14.469248401407683/1.613


 [main.py:34]
2024-07-01 20:47:07,137 - my_logger - INFO - ---DISTRIBUTION TEST RESULTS---

     1. Bias data distribution initialization, Base functions: 30 |     ----------------------------PASS
        score (less is better) = 8.831066399981522/1.613
     2. Weights data distribution initialization, Base functions: 30 |     -------------------------PASS
        score (less is better) = 13.543142803779068/1.613
     3. Bias & Weights data distribution initialization, Base functions: 30 |     ------------------PASS
        score (less is better) = 13.601996555971182/1.613
     4. Bias & Weights & Areas data distribution initialization, Base functions: 30 |     ----------PASS
        score (less is better) = 13.787916555649407/1.613


 [main.py:34]
2024-07-01 20:47:09,654 - my_logger - INFO - ---DISTRIBUTION TEST RESULTS---

     1. Bias data distribution initialization, Base functions: 35 |     ----------------------------PASS
        score (less is better) = 7.22108958545488/1.613
     2. Weights data distribution initialization, Base functions: 35 |     -------------------------PASS
        score (less is better) = 12.730515906055226/1.613
     3. Bias & Weights data distribution initialization, Base functions: 35 |     ------------------PASS
        score (less is better) = 13.00105107344001/1.613
     4. Bias & Weights & Areas data distribution initialization, Base functions: 35 |     ----------PASS
        score (less is better) = 13.20975722491428/1.613


 [main.py:34]
2024-07-01 20:47:12,523 - my_logger - INFO - ---DISTRIBUTION TEST RESULTS---

     1. Bias data distribution initialization, Base functions: 40 |     ----------------------------PASS
        score (less is better) = 6.2908710483849815/1.613
     2. Weights data distribution initialization, Base functions: 40 |     -------------------------PASS
        score (less is better) = 12.10155316537228/1.613
     3. Bias & Weights data distribution initialization, Base functions: 40 |     ------------------PASS
        score (less is better) = 12.606361150518241/1.613
     4. Bias & Weights & Areas data distribution initialization, Base functions: 40 |     ----------PASS
        score (less is better) = 12.871752409151641/1.613


 [main.py:34]
2024-07-01 20:47:15,805 - my_logger - INFO - ---DISTRIBUTION TEST RESULTS---

     1. Bias data distribution initialization, Base functions: 45 |     ----------------------------PASS
        score (less is better) = 5.3912742614018025/1.613
     2. Weights data distribution initialization, Base functions: 45 |     -------------------------PASS
        score (less is better) = 11.821967650872354/1.613
     3. Bias & Weights data distribution initialization, Base functions: 45 |     ------------------PASS
        score (less is better) = 12.239664103683731/1.613
     4. Bias & Weights & Areas data distribution initialization, Base functions: 45 |     ----------PASS
        score (less is better) = 12.586571700768534/1.613


 [main.py:34]
2024-07-01 20:47:19,458 - my_logger - INFO - ---DISTRIBUTION TEST RESULTS---

     1. Bias data distribution initialization, Base functions: 50 |     ----------------------------PASS
        score (less is better) = 4.590561320409099/1.613
     2. Weights data distribution initialization, Base functions: 50 |     -------------------------PASS
        score (less is better) = 12.88690587920748/1.613
     3. Bias & Weights data distribution initialization, Base functions: 50 |     ------------------PASS
        score (less is better) = 11.832506813530683/1.613
     4. Bias & Weights & Areas data distribution initialization, Base functions: 50 |     ----------PASS
        score (less is better) = 12.292994323061297/1.613


 [main.py:34]
2024-07-01 20:47:23,547 - my_logger - INFO - ---DISTRIBUTION TEST RESULTS---

     1. Bias data distribution initialization, Base functions: 55 |     ----------------------------PASS
        score (less is better) = 4.24793394610764/1.613
     2. Weights data distribution initialization, Base functions: 55 |     -------------------------PASS
        score (less is better) = 11.301542641975908/1.613
     3. Bias & Weights data distribution initialization, Base functions: 55 |     ------------------PASS
        score (less is better) = 11.652813128519318/1.613
     4. Bias & Weights & Areas data distribution initialization, Base functions: 55 |     ----------PASS
        score (less is better) = 12.121612462856154/1.613


 [main.py:34]
2024-07-01 20:47:28,030 - my_logger - INFO - ---DISTRIBUTION TEST RESULTS---

     1. Bias data distribution initialization, Base functions: 60 |     ----------------------------PASS
        score (less is better) = 3.7658739563321832/1.613
     2. Weights data distribution initialization, Base functions: 60 |     -------------------------PASS
        score (less is better) = 10.868302700847119/1.613
     3. Bias & Weights data distribution initialization, Base functions: 60 |     ------------------PASS
        score (less is better) = 11.319613748200537/1.613
     4. Bias & Weights & Areas data distribution initialization, Base functions: 60 |     ----------PASS
        score (less is better) = 11.89625931789254/1.613


 [main.py:34]
2024-07-01 20:47:32,928 - my_logger - INFO - ---DISTRIBUTION TEST RESULTS---

     1. Bias data distribution initialization, Base functions: 65 |     ----------------------------PASS
        score (less is better) = 3.3336910071089165/1.613
     2. Weights data distribution initialization, Base functions: 65 |     -------------------------PASS
        score (less is better) = 10.752794970292516/1.613
     3. Bias & Weights data distribution initialization, Base functions: 65 |     ------------------PASS
        score (less is better) = 11.264536997075249/1.613
     4. Bias & Weights & Areas data distribution initialization, Base functions: 65 |     ----------PASS
        score (less is better) = 11.885410735319722/1.613


 [main.py:34]
2024-07-01 20:47:38,231 - my_logger - INFO - ---DISTRIBUTION TEST RESULTS---

     1. Bias data distribution initialization, Base functions: 70 |     ----------------------------PASS
        score (less is better) = 3.039502901554673/1.613
     2. Weights data distribution initialization, Base functions: 70 |     -------------------------PASS
        score (less is better) = 10.353092811259792/1.613
     3. Bias & Weights data distribution initialization, Base functions: 70 |     ------------------PASS
        score (less is better) = 11.28483838137049/1.613
     4. Bias & Weights & Areas data distribution initialization, Base functions: 70 |     ----------PASS
        score (less is better) = 11.88337952744497/1.613


 [main.py:34]
2024-07-01 20:47:43,986 - my_logger - INFO - ---DISTRIBUTION TEST RESULTS---

     1. Bias data distribution initialization, Base functions: 75 |     ----------------------------PASS
        score (less is better) = 2.7061476919078666/1.613
     2. Weights data distribution initialization, Base functions: 75 |     -------------------------PASS
        score (less is better) = 10.595276829368277/1.613
     3. Bias & Weights data distribution initialization, Base functions: 75 |     ------------------PASS
        score (less is better) = 11.23207971426899/1.613
     4. Bias & Weights & Areas data distribution initialization, Base functions: 75 |     ----------PASS
        score (less is better) = 11.799872756666455/1.613


 [main.py:34]
2024-07-01 20:58:33,616 - my_logger - INFO - ---BASIC TEST RESULTS---

     1. Data dimensions: 1, Base functions: 1 |     ------------------------------------------------PASS
     2. Data dimensions: 10, Base functions: 20 |     ----------------------------------------------PASS


 [main.py:19]
2024-07-01 20:58:35,655 - my_logger - INFO - ---CORE TEST RESULTS---

     1. Bias lineal initialization, Base functions: 100 |     --------------------------------------PASS
        score (less is better) = 1.613185178507015/1.613


 [main.py:26]
2024-07-01 20:58:36,505 - my_logger - INFO - ---DISTRIBUTION TEST RESULTS---

     1. Bias data distribution initialization, Base functions: 10 |     ----------------------------PASS
        score (less is better) = 21.10794407218955/1.613
     2. Weights data distribution initialization, Base functions: 10 |     -------------------------PASS
        score (less is better) = 15.285916094744362/1.613
     3. Bias & Weights data distribution initialization, Base functions: 10 |     ------------------PASS
        score (less is better) = 15.213295199998333/1.613
     4. Bias & Weights & Areas data distribution initialization, Base functions: 10 |     ----------PASS
        score (less is better) = 15.197032460922394/1.613


 [main.py:35]
2024-07-01 20:58:37,977 - my_logger - INFO - ---DISTRIBUTION TEST RESULTS---

     1. Bias data distribution initialization, Base functions: 20 |     ----------------------------PASS
        score (less is better) = 12.818134193646147/1.613
     2. Weights data distribution initialization, Base functions: 20 |     -------------------------PASS
        score (less is better) = 8.330302126245833/1.613
     3. Bias & Weights data distribution initialization, Base functions: 20 |     ------------------PASS
        score (less is better) = 8.196491428807484/1.613
     4. Bias & Weights & Areas data distribution initialization, Base functions: 20 |     ----------PASS
        score (less is better) = 8.293651680178074/1.613


 [main.py:35]
2024-07-01 20:58:40,139 - my_logger - INFO - ---DISTRIBUTION TEST RESULTS---

     1. Bias data distribution initialization, Base functions: 30 |     ----------------------------PASS
        score (less is better) = 8.831066399981522/1.613
     2. Weights data distribution initialization, Base functions: 30 |     -------------------------PASS
        score (less is better) = 6.237150577546014/1.613
     3. Bias & Weights data distribution initialization, Base functions: 30 |     ------------------PASS
        score (less is better) = 6.348113021375504/1.613
     4. Bias & Weights & Areas data distribution initialization, Base functions: 30 |     ----------PASS
        score (less is better) = 6.642003614649866/1.613


 [main.py:35]
2024-07-01 20:58:43,037 - my_logger - INFO - ---DISTRIBUTION TEST RESULTS---

     1. Bias data distribution initialization, Base functions: 40 |     ----------------------------PASS
        score (less is better) = 6.2908710483849815/1.613
     2. Weights data distribution initialization, Base functions: 40 |     -------------------------PASS
        score (less is better) = 5.150481624072423/1.613
     3. Bias & Weights data distribution initialization, Base functions: 40 |     ------------------PASS
        score (less is better) = 5.239067736554026/1.613
     4. Bias & Weights & Areas data distribution initialization, Base functions: 40 |     ----------PASS
        score (less is better) = 5.747550483914799/1.613


 [main.py:35]
2024-07-01 20:58:46,674 - my_logger - INFO - ---DISTRIBUTION TEST RESULTS---

     1. Bias data distribution initialization, Base functions: 50 |     ----------------------------PASS
        score (less is better) = 4.590561320409099/1.613
     2. Weights data distribution initialization, Base functions: 50 |     -------------------------PASS
        score (less is better) = 4.9155501703269096/1.613
     3. Bias & Weights data distribution initialization, Base functions: 50 |     ------------------PASS
        score (less is better) = 4.660362772773439/1.613
     4. Bias & Weights & Areas data distribution initialization, Base functions: 50 |     ----------PASS
        score (less is better) = 5.50505421226221/1.613


 [main.py:35]
2024-07-01 20:58:51,158 - my_logger - INFO - ---DISTRIBUTION TEST RESULTS---

     1. Bias data distribution initialization, Base functions: 60 |     ----------------------------PASS
        score (less is better) = 3.7658739563321832/1.613
     2. Weights data distribution initialization, Base functions: 60 |     -------------------------PASS
        score (less is better) = 4.271490874323561/1.613
     3. Bias & Weights data distribution initialization, Base functions: 60 |     ------------------PASS
        score (less is better) = 4.277555794982716/1.613
     4. Bias & Weights & Areas data distribution initialization, Base functions: 60 |     ----------PASS
        score (less is better) = 5.314829803097866/1.613


 [main.py:35]
2024-07-01 20:58:56,427 - my_logger - INFO - ---DISTRIBUTION TEST RESULTS---

     1. Bias data distribution initialization, Base functions: 70 |     ----------------------------PASS
        score (less is better) = 3.039502901554673/1.613
     2. Weights data distribution initialization, Base functions: 70 |     -------------------------PASS
        score (less is better) = 3.8551805817229536/1.613
     3. Bias & Weights data distribution initialization, Base functions: 70 |     ------------------PASS
        score (less is better) = 4.0670102121601355/1.613
     4. Bias & Weights & Areas data distribution initialization, Base functions: 70 |     ----------PASS
        score (less is better) = 5.488547086891328/1.613


 [main.py:35]
2024-07-01 20:59:00,114 - my_logger - INFO - ---DISTRIBUTION TEST RESULTS---

     1. Bias data distribution initialization, Base functions: 50 |     ----------------------------PASS
        score (less is better) = 4.590561320409099/1.613
     2. Weights data distribution initialization, Base functions: 50 |     -------------------------PASS
        score (less is better) = 0.6748735239078659/1.613
     3. Bias & Weights data distribution initialization, Base functions: 50 |     ------------------PASS
        score (less is better) = 0.6779112376309795/1.613
     4. Bias & Weights & Areas data distribution initialization, Base functions: 50 |     ----------PASS
        score (less is better) = 3.2191414389158366/1.613


 [main.py:44]
2024-07-01 20:59:03,763 - my_logger - INFO - ---DISTRIBUTION TEST RESULTS---

     1. Bias data distribution initialization, Base functions: 50 |     ----------------------------PASS
        score (less is better) = 4.590561320409099/1.613
     2. Weights data distribution initialization, Base functions: 50 |     -------------------------PASS
        score (less is better) = 1.335361133699604/1.613
     3. Bias & Weights data distribution initialization, Base functions: 50 |     ------------------PASS
        score (less is better) = 1.3130530521620123/1.613
     4. Bias & Weights & Areas data distribution initialization, Base functions: 50 |     ----------PASS
        score (less is better) = 3.2502672318707235/1.613


 [main.py:44]
2024-07-01 20:59:07,430 - my_logger - INFO - ---DISTRIBUTION TEST RESULTS---

     1. Bias data distribution initialization, Base functions: 50 |     ----------------------------PASS
        score (less is better) = 4.590561320409099/1.613
     2. Weights data distribution initialization, Base functions: 50 |     -------------------------PASS
        score (less is better) = 2.2436078732946485/1.613
     3. Bias & Weights data distribution initialization, Base functions: 50 |     ------------------PASS
        score (less is better) = 2.1785807065694875/1.613
     4. Bias & Weights & Areas data distribution initialization, Base functions: 50 |     ----------PASS
        score (less is better) = 3.567269755941533/1.613


 [main.py:44]
2024-07-01 20:59:11,097 - my_logger - INFO - ---DISTRIBUTION TEST RESULTS---

     1. Bias data distribution initialization, Base functions: 50 |     ----------------------------PASS
        score (less is better) = 4.590561320409099/1.613
     2. Weights data distribution initialization, Base functions: 50 |     -------------------------PASS
        score (less is better) = 3.4230344097600374/1.613
     3. Bias & Weights data distribution initialization, Base functions: 50 |     ------------------PASS
        score (less is better) = 3.277819353005641/1.613
     4. Bias & Weights & Areas data distribution initialization, Base functions: 50 |     ----------PASS
        score (less is better) = 4.31166429174582/1.613


 [main.py:44]
2024-07-01 20:59:14,717 - my_logger - INFO - ---DISTRIBUTION TEST RESULTS---

     1. Bias data distribution initialization, Base functions: 50 |     ----------------------------PASS
        score (less is better) = 4.590561320409099/1.613
     2. Weights data distribution initialization, Base functions: 50 |     -------------------------PASS
        score (less is better) = 4.9155501703269096/1.613
     3. Bias & Weights data distribution initialization, Base functions: 50 |     ------------------PASS
        score (less is better) = 4.660362772773439/1.613
     4. Bias & Weights & Areas data distribution initialization, Base functions: 50 |     ----------PASS
        score (less is better) = 5.50505421226221/1.613


 [main.py:44]
2024-07-01 20:59:18,457 - my_logger - INFO - ---DISTRIBUTION TEST RESULTS---

     1. Bias data distribution initialization, Base functions: 50 |     ----------------------------PASS
        score (less is better) = 4.590561320409099/1.613
     2. Weights data distribution initialization, Base functions: 50 |     -------------------------PASS
        score (less is better) = 6.834419232256892/1.613
     3. Bias & Weights data distribution initialization, Base functions: 50 |     ------------------PASS
        score (less is better) = 6.397580541883098/1.613
     4. Bias & Weights & Areas data distribution initialization, Base functions: 50 |     ----------PASS
        score (less is better) = 7.093539327153795/1.613


 [main.py:44]
2024-07-01 20:59:22,118 - my_logger - INFO - ---DISTRIBUTION TEST RESULTS---

     1. Bias data distribution initialization, Base functions: 50 |     ----------------------------PASS
        score (less is better) = 4.590561320409099/1.613
     2. Weights data distribution initialization, Base functions: 50 |     -------------------------PASS
        score (less is better) = 9.333364632411236/1.613
     3. Bias & Weights data distribution initialization, Base functions: 50 |     ------------------PASS
        score (less is better) = 8.668062315949458/1.613
     4. Bias & Weights & Areas data distribution initialization, Base functions: 50 |     ----------PASS
        score (less is better) = 9.240530365732075/1.613


 [main.py:44]
2024-07-01 20:59:25,775 - my_logger - INFO - ---DISTRIBUTION TEST RESULTS---

     1. Bias data distribution initialization, Base functions: 50 |     ----------------------------PASS
        score (less is better) = 4.590561320409099/1.613
     2. Weights data distribution initialization, Base functions: 50 |     -------------------------PASS
        score (less is better) = 12.88690587920748/1.613
     3. Bias & Weights data distribution initialization, Base functions: 50 |     ------------------PASS
        score (less is better) = 11.832506813530685/1.613
     4. Bias & Weights & Areas data distribution initialization, Base functions: 50 |     ----------PASS
        score (less is better) = 12.292994323061293/1.613


 [main.py:44]
2024-07-01 20:59:29,414 - my_logger - INFO - ---DISTRIBUTION TEST RESULTS---

     1. Bias data distribution initialization, Base functions: 50 |     ----------------------------PASS
        score (less is better) = 4.590561320409099/1.613
     2. Weights data distribution initialization, Base functions: 50 |     -------------------------PASS
        score (less is better) = 20.387989914755547/1.613
     3. Bias & Weights data distribution initialization, Base functions: 50 |     ------------------PASS
        score (less is better) = 17.323535112147603/1.613
     4. Bias & Weights & Areas data distribution initialization, Base functions: 50 |     ----------PASS
        score (less is better) = 17.567854430357396/1.613


 [main.py:44]
2024-07-01 21:00:24,520 - my_logger - INFO - ---BASIC TEST RESULTS---

     1. Data dimensions: 1, Base functions: 1 |     ------------------------------------------------PASS
     2. Data dimensions: 10, Base functions: 20 |     ----------------------------------------------PASS


 [main.py:19]
2024-07-01 21:00:26,489 - my_logger - INFO - ---CORE TEST RESULTS---

     1. Bias lineal initialization, Base functions: 100 |     --------------------------------------PASS
        score (less is better) = 1.613185178507015/1.613


 [main.py:26]
2024-07-01 21:00:27,334 - my_logger - INFO - ---DISTRIBUTION TEST RESULTS---

     1. Bias data distribution initialization, Base functions: 10 |     ----------------------------PASS
        score (less is better) = 21.10794407218955/1.613
     2. Weights data distribution initialization, Base functions: 10 |     -------------------------PASS
        score (less is better) = 11.310335243782786/1.613
     3. Bias & Weights data distribution initialization, Base functions: 10 |     ------------------PASS
        score (less is better) = 11.27438462466287/1.613
     4. Bias & Weights & Areas data distribution initialization, Base functions: 10 |     ----------PASS
        score (less is better) = 11.262729589912736/1.613


 [main.py:35]
2024-07-01 21:00:28,808 - my_logger - INFO - ---DISTRIBUTION TEST RESULTS---

     1. Bias data distribution initialization, Base functions: 20 |     ----------------------------PASS
        score (less is better) = 12.818134193646147/1.613
     2. Weights data distribution initialization, Base functions: 20 |     -------------------------PASS
        score (less is better) = 3.744947107903197/1.613
     3. Bias & Weights data distribution initialization, Base functions: 20 |     ------------------PASS
        score (less is better) = 3.6397632967237956/1.613
     4. Bias & Weights & Areas data distribution initialization, Base functions: 20 |     ----------PASS
        score (less is better) = 3.799764722768431/1.613


 [main.py:35]
2024-07-01 21:00:30,988 - my_logger - INFO - ---DISTRIBUTION TEST RESULTS---

     1. Bias data distribution initialization, Base functions: 30 |     ----------------------------PASS
        score (less is better) = 8.831066399981522/1.613
     2. Weights data distribution initialization, Base functions: 30 |     -------------------------PASS
        score (less is better) = 2.2343642600125726/1.613
     3. Bias & Weights data distribution initialization, Base functions: 30 |     ------------------PASS
        score (less is better) = 2.3629925491920165/1.613
     4. Bias & Weights & Areas data distribution initialization, Base functions: 30 |     ----------PASS
        score (less is better) = 2.9249939633957314/1.613


 [main.py:35]
2024-07-01 21:00:33,924 - my_logger - INFO - ---DISTRIBUTION TEST RESULTS---

     1. Bias data distribution initialization, Base functions: 40 |     ----------------------------PASS
        score (less is better) = 6.2908710483849815/1.613
     2. Weights data distribution initialization, Base functions: 40 |     -------------------------PASS
        score (less is better) = 1.5907740005385231/1.613
     3. Bias & Weights data distribution initialization, Base functions: 40 |     ------------------PASS
        score (less is better) = 1.5744247956267179/1.613
     4. Bias & Weights & Areas data distribution initialization, Base functions: 40 |     ----------PASS
        score (less is better) = 2.66099217514123/1.613


 [main.py:35]
2024-07-01 21:00:37,558 - my_logger - INFO - ---DISTRIBUTION TEST RESULTS---

     1. Bias data distribution initialization, Base functions: 50 |     ----------------------------PASS
        score (less is better) = 4.590561320409099/1.613
     2. Weights data distribution initialization, Base functions: 50 |     -------------------------PASS
        score (less is better) = 1.335361133699604/1.613
     3. Bias & Weights data distribution initialization, Base functions: 50 |     ------------------PASS
        score (less is better) = 1.3130530521620123/1.613
     4. Bias & Weights & Areas data distribution initialization, Base functions: 50 |     ----------PASS
        score (less is better) = 3.2502672318707235/1.613


 [main.py:35]
2024-07-01 21:00:42,060 - my_logger - INFO - ---DISTRIBUTION TEST RESULTS---

     1. Bias data distribution initialization, Base functions: 60 |     ----------------------------PASS
        score (less is better) = 3.7658739563321832/1.613
     2. Weights data distribution initialization, Base functions: 60 |     -------------------------PASS
        score (less is better) = 1.1247015540987315/1.613
     3. Bias & Weights data distribution initialization, Base functions: 60 |     ------------------PASS
        score (less is better) = 1.1306056949892467/1.613
     4. Bias & Weights & Areas data distribution initialization, Base functions: 60 |     ----------PASS
        score (less is better) = 3.5917687827916587/1.613


 [main.py:35]
2024-07-01 21:00:47,281 - my_logger - INFO - ---DISTRIBUTION TEST RESULTS---

     1. Bias data distribution initialization, Base functions: 70 |     ----------------------------PASS
        score (less is better) = 3.039502901554673/1.613
     2. Weights data distribution initialization, Base functions: 70 |     -------------------------PASS
        score (less is better) = 0.9567843549691921/1.613
     3. Bias & Weights data distribution initialization, Base functions: 70 |     ------------------PASS
        score (less is better) = 1.0267470552253468/1.613
     4. Bias & Weights & Areas data distribution initialization, Base functions: 70 |     ----------PASS
        score (less is better) = 4.242359381010702/1.613


 [main.py:35]
2024-07-01 21:00:50,963 - my_logger - INFO - ---DISTRIBUTION TEST RESULTS---

     1. Bias data distribution initialization, Base functions: 50 |     ----------------------------PASS
        score (less is better) = 4.590561320409099/1.613
     2. Weights data distribution initialization, Base functions: 50 |     -------------------------PASS
        score (less is better) = 0.6748735239078659/1.613
     3. Bias & Weights data distribution initialization, Base functions: 50 |     ------------------PASS
        score (less is better) = 0.6779112376309795/1.613
     4. Bias & Weights & Areas data distribution initialization, Base functions: 50 |     ----------PASS
        score (less is better) = 3.2191414389158366/1.613


 [main.py:44]
2024-07-01 21:00:54,661 - my_logger - INFO - ---DISTRIBUTION TEST RESULTS---

     1. Bias data distribution initialization, Base functions: 50 |     ----------------------------PASS
        score (less is better) = 4.590561320409099/1.613
     2. Weights data distribution initialization, Base functions: 50 |     -------------------------PASS
        score (less is better) = 1.335361133699604/1.613
     3. Bias & Weights data distribution initialization, Base functions: 50 |     ------------------PASS
        score (less is better) = 1.3130530521620123/1.613
     4. Bias & Weights & Areas data distribution initialization, Base functions: 50 |     ----------PASS
        score (less is better) = 3.2502672318707235/1.613


 [main.py:44]
2024-07-01 21:00:58,270 - my_logger - INFO - ---DISTRIBUTION TEST RESULTS---

     1. Bias data distribution initialization, Base functions: 50 |     ----------------------------PASS
        score (less is better) = 4.590561320409099/1.613
     2. Weights data distribution initialization, Base functions: 50 |     -------------------------PASS
        score (less is better) = 2.2436078732946485/1.613
     3. Bias & Weights data distribution initialization, Base functions: 50 |     ------------------PASS
        score (less is better) = 2.1785807065694875/1.613
     4. Bias & Weights & Areas data distribution initialization, Base functions: 50 |     ----------PASS
        score (less is better) = 3.567269755941533/1.613


 [main.py:44]
2024-07-01 21:01:01,954 - my_logger - INFO - ---DISTRIBUTION TEST RESULTS---

     1. Bias data distribution initialization, Base functions: 50 |     ----------------------------PASS
        score (less is better) = 4.590561320409099/1.613
     2. Weights data distribution initialization, Base functions: 50 |     -------------------------PASS
        score (less is better) = 3.4230344097600374/1.613
     3. Bias & Weights data distribution initialization, Base functions: 50 |     ------------------PASS
        score (less is better) = 3.277819353005641/1.613
     4. Bias & Weights & Areas data distribution initialization, Base functions: 50 |     ----------PASS
        score (less is better) = 4.31166429174582/1.613


 [main.py:44]
2024-07-01 21:01:05,570 - my_logger - INFO - ---DISTRIBUTION TEST RESULTS---

     1. Bias data distribution initialization, Base functions: 50 |     ----------------------------PASS
        score (less is better) = 4.590561320409099/1.613
     2. Weights data distribution initialization, Base functions: 50 |     -------------------------PASS
        score (less is better) = 4.9155501703269096/1.613
     3. Bias & Weights data distribution initialization, Base functions: 50 |     ------------------PASS
        score (less is better) = 4.660362772773439/1.613
     4. Bias & Weights & Areas data distribution initialization, Base functions: 50 |     ----------PASS
        score (less is better) = 5.50505421226221/1.613


 [main.py:44]
2024-07-01 21:01:09,277 - my_logger - INFO - ---DISTRIBUTION TEST RESULTS---

     1. Bias data distribution initialization, Base functions: 50 |     ----------------------------PASS
        score (less is better) = 4.590561320409099/1.613
     2. Weights data distribution initialization, Base functions: 50 |     -------------------------PASS
        score (less is better) = 6.834419232256892/1.613
     3. Bias & Weights data distribution initialization, Base functions: 50 |     ------------------PASS
        score (less is better) = 6.397580541883098/1.613
     4. Bias & Weights & Areas data distribution initialization, Base functions: 50 |     ----------PASS
        score (less is better) = 7.093539327153795/1.613


 [main.py:44]
2024-07-01 21:01:12,997 - my_logger - INFO - ---DISTRIBUTION TEST RESULTS---

     1. Bias data distribution initialization, Base functions: 50 |     ----------------------------PASS
        score (less is better) = 4.590561320409099/1.613
     2. Weights data distribution initialization, Base functions: 50 |     -------------------------PASS
        score (less is better) = 9.333364632411236/1.613
     3. Bias & Weights data distribution initialization, Base functions: 50 |     ------------------PASS
        score (less is better) = 8.668062315949458/1.613
     4. Bias & Weights & Areas data distribution initialization, Base functions: 50 |     ----------PASS
        score (less is better) = 9.240530365732075/1.613


 [main.py:44]
2024-07-01 21:01:16,635 - my_logger - INFO - ---DISTRIBUTION TEST RESULTS---

     1. Bias data distribution initialization, Base functions: 50 |     ----------------------------PASS
        score (less is better) = 4.590561320409099/1.613
     2. Weights data distribution initialization, Base functions: 50 |     -------------------------PASS
        score (less is better) = 12.88690587920748/1.613
     3. Bias & Weights data distribution initialization, Base functions: 50 |     ------------------PASS
        score (less is better) = 11.832506813530685/1.613
     4. Bias & Weights & Areas data distribution initialization, Base functions: 50 |     ----------PASS
        score (less is better) = 12.292994323061293/1.613


 [main.py:44]
2024-07-01 21:01:20,238 - my_logger - INFO - ---DISTRIBUTION TEST RESULTS---

     1. Bias data distribution initialization, Base functions: 50 |     ----------------------------PASS
        score (less is better) = 4.590561320409099/1.613
     2. Weights data distribution initialization, Base functions: 50 |     -------------------------PASS
        score (less is better) = 20.387989914755547/1.613
     3. Bias & Weights data distribution initialization, Base functions: 50 |     ------------------PASS
        score (less is better) = 17.323535112147603/1.613
     4. Bias & Weights & Areas data distribution initialization, Base functions: 50 |     ----------PASS
        score (less is better) = 17.567854430357396/1.613


 [main.py:44]
2024-07-01 22:36:35,872 - my_logger - WARNING - O2B PROYECTIONS: NAN ERROR [schmidt.py:301]
2024-07-01 22:36:35,873 - my_logger - DEBUG - [[ 0.00000000e+00  0.00000000e+00  0.00000000e+00 ...  0.00000000e+00
   0.00000000e+00  0.00000000e+00]
 [ 3.99676354e+00  0.00000000e+00  0.00000000e+00 ...  0.00000000e+00
   0.00000000e+00  0.00000000e+00]
 [ 3.99686741e+00 -1.45084657e-04  0.00000000e+00 ...  0.00000000e+00
   0.00000000e+00  0.00000000e+00]
 ...
 [ 3.99137166e+00 -2.34020449e-04  1.57522942e-03 ...  0.00000000e+00
   0.00000000e+00  0.00000000e+00]
 [ 1.59139319e-38 -8.44567060e-39 -7.68088592e-39 ...             nan
   0.00000000e+00  0.00000000e+00]
 [ 1.57314406e-38 -1.21923061e-38  4.22663761e-39 ...             nan
              nan  0.00000000e+00]] [schmidt.py:302]
2024-07-01 22:36:35,874 - my_logger - WARNING - BETAS: NAN ERROR [schmidt.py:306]
2024-07-01 22:36:36,841 - my_logger - WARNING - F2O PROYECTIONS: NAN ERROR [schmidt.py:176]
2024-07-01 22:36:36,843 - my_logger - WARNING - SIGMAS: NAN ERROR [schmidt.py:184]
2024-07-01 22:36:46,747 - my_logger - WARNING - O2B PROYECTIONS: NAN ERROR [schmidt.py:301]
2024-07-01 22:36:46,748 - my_logger - DEBUG - [[ 0.00000000e+00  0.00000000e+00  0.00000000e+00 ...  0.00000000e+00
   0.00000000e+00  0.00000000e+00]
 [ 3.96781694e+00  0.00000000e+00  0.00000000e+00 ...  0.00000000e+00
   0.00000000e+00  0.00000000e+00]
 [ 3.96884394e+00 -1.43246123e-03  0.00000000e+00 ...  0.00000000e+00
   0.00000000e+00  0.00000000e+00]
 ...
 [ 3.91496272e+00 -2.33053765e-03  1.52306833e-02 ...  0.00000000e+00
   0.00000000e+00  0.00000000e+00]
 [ 2.27058300e-42 -1.22657973e-42 -1.12646954e-42 ...             nan
   0.00000000e+00  0.00000000e+00]
 [ 2.24708461e-42 -1.76612668e-42  5.69519986e-43 ...             nan
              nan  0.00000000e+00]] [schmidt.py:302]
2024-07-01 22:36:46,750 - my_logger - WARNING - BETAS: NAN ERROR [schmidt.py:306]
2024-07-01 22:36:47,733 - my_logger - WARNING - F2O PROYECTIONS: NAN ERROR [schmidt.py:176]
2024-07-01 22:36:47,735 - my_logger - WARNING - SIGMAS: NAN ERROR [schmidt.py:184]
2024-07-01 22:55:27,508 - my_logger - WARNING - O2B PROYECTIONS: NAN ERROR [schmidt.py:301]
2024-07-01 22:55:27,508 - my_logger - DEBUG - [[ 0.00000000e+00  0.00000000e+00  0.00000000e+00 ...  0.00000000e+00
   0.00000000e+00  0.00000000e+00]
 [ 3.47765673e-46  0.00000000e+00  0.00000000e+00 ...  0.00000000e+00
   0.00000000e+00  0.00000000e+00]
 [ 3.25003439e+00 -4.41976488e-22  0.00000000e+00 ...  0.00000000e+00
   0.00000000e+00  0.00000000e+00]
 ...
 [ 3.68916036e-46  2.02551269e-58 -4.68085947e-46 ...  0.00000000e+00
   0.00000000e+00  0.00000000e+00]
 [ 3.58243029e-46 -3.10940404e-66  2.63256965e-46 ...             nan
   0.00000000e+00  0.00000000e+00]
 [ 3.53518427e-46 -3.04871747e-66  4.09439029e-46 ...             nan
              nan  0.00000000e+00]] [schmidt.py:302]
2024-07-01 22:55:27,510 - my_logger - WARNING - BETAS: NAN ERROR [schmidt.py:306]
2024-07-01 22:55:29,010 - my_logger - WARNING - F2O PROYECTIONS: NAN ERROR [schmidt.py:176]
2024-07-01 22:55:29,012 - my_logger - WARNING - SIGMAS: NAN ERROR [schmidt.py:184]
2024-07-01 22:55:41,264 - my_logger - WARNING - O2B PROYECTIONS: NAN ERROR [schmidt.py:301]
2024-07-01 22:55:41,265 - my_logger - DEBUG - [[ 0.00000000e+00  0.00000000e+00  0.00000000e+00 ...  0.00000000e+00
   0.00000000e+00  0.00000000e+00]
 [ 7.53400286e-50  0.00000000e+00  0.00000000e+00 ...  0.00000000e+00
   0.00000000e+00  0.00000000e+00]
 [ 9.53632683e-01 -2.36587106e-23  0.00000000e+00 ...  0.00000000e+00
   0.00000000e+00  0.00000000e+00]
 ...
 [ 1.31545062e-49  2.44438952e-63 -1.68324959e-49 ...  0.00000000e+00
   0.00000000e+00  0.00000000e+00]
 [ 1.10950980e-49 -2.13070783e-71  5.26319282e-50 ...             nan
   0.00000000e+00  0.00000000e+00]
 [ 1.02262210e-49 -1.96118879e-71  9.74857061e-50 ...             nan
              nan  0.00000000e+00]] [schmidt.py:302]
2024-07-01 22:55:41,267 - my_logger - WARNING - BETAS: NAN ERROR [schmidt.py:306]
2024-07-01 22:55:42,747 - my_logger - WARNING - F2O PROYECTIONS: NAN ERROR [schmidt.py:176]
2024-07-01 22:55:42,751 - my_logger - WARNING - SIGMAS: NAN ERROR [schmidt.py:184]
2024-07-01 22:55:51,619 - my_logger - WARNING - O2B PROYECTIONS: NAN ERROR [schmidt.py:301]
2024-07-01 22:55:51,620 - my_logger - DEBUG - [[ 0.00000000e+00  0.00000000e+00  0.00000000e+00 ...  0.00000000e+00
   0.00000000e+00  0.00000000e+00]
 [ 5.72042405e-54  0.00000000e+00  0.00000000e+00 ...  0.00000000e+00
   0.00000000e+00  0.00000000e+00]
 [ 2.09531743e-02 -5.35791708e-27  0.00000000e+00 ...  0.00000000e+00
   0.00000000e+00  0.00000000e+00]
 ...
 [ 1.32433041e-52  1.89916540e-68 -6.53971749e-53 ...  0.00000000e+00
   0.00000000e+00  0.00000000e+00]
 [ 4.29620550e-53 -7.58408733e-77  1.28641216e-53 ...             nan
   0.00000000e+00  0.00000000e+00]
 [ 2.19846943e-53 -3.87845364e-77  2.55606499e-53 ...             nan
              nan  0.00000000e+00]] [schmidt.py:302]
2024-07-01 22:55:51,622 - my_logger - WARNING - BETAS: NAN ERROR [schmidt.py:306]
2024-07-01 22:55:53,151 - my_logger - WARNING - F2O PROYECTIONS: NAN ERROR [schmidt.py:176]
2024-07-01 22:55:53,154 - my_logger - WARNING - SIGMAS: NAN ERROR [schmidt.py:184]
2024-07-01 22:56:00,033 - my_logger - WARNING - Zero in Proyection of i: 2 over j: 45 [schmidt.py:255]
2024-07-01 22:56:00,034 - my_logger - WARNING - Zero in Proyection of i: 2 over j: 45 [schmidt.py:255]
2024-07-01 22:56:00,538 - my_logger - WARNING - Zero in Proyection of i: 55 over j: 62 [schmidt.py:255]
2024-07-01 22:56:00,539 - my_logger - WARNING - Zero in Proyection of i: 55 over j: 62 [schmidt.py:255]
2024-07-01 22:56:13,870 - my_logger - WARNING - Zero in Proyection of i: 2 over j: 45 [schmidt.py:255]
2024-07-01 22:56:13,870 - my_logger - WARNING - Zero in Proyection of i: 2 over j: 45 [schmidt.py:255]
2024-07-01 22:56:14,380 - my_logger - WARNING - Zero in Proyection of i: 55 over j: 62 [schmidt.py:255]
2024-07-01 22:56:14,381 - my_logger - WARNING - Zero in Proyection of i: 55 over j: 62 [schmidt.py:255]
2024-07-01 22:56:29,550 - my_logger - WARNING - Zero in Proyection of i: 2 over j: 45 [schmidt.py:255]
2024-07-01 22:56:29,550 - my_logger - WARNING - Zero in Proyection of i: 2 over j: 45 [schmidt.py:255]
2024-07-01 22:56:30,055 - my_logger - WARNING - Zero in Proyection of i: 55 over j: 62 [schmidt.py:255]
2024-07-01 22:56:30,055 - my_logger - WARNING - Zero in Proyection of i: 55 over j: 62 [schmidt.py:255]
2024-07-01 22:56:48,701 - my_logger - WARNING - Zero in Proyection of i: 5 over j: 17 [schmidt.py:255]
2024-07-01 22:56:48,701 - my_logger - WARNING - Zero in Proyection of i: 5 over j: 17 [schmidt.py:255]
2024-07-01 22:56:49,289 - my_logger - WARNING - Zero in Proyection of i: 40 over j: 125 [schmidt.py:255]
2024-07-01 22:56:49,289 - my_logger - WARNING - Zero in Proyection of i: 40 over j: 125 [schmidt.py:255]
2024-07-01 22:56:49,290 - my_logger - WARNING - Zero in Proyection of i: 40 over j: 125 [schmidt.py:255]
2024-07-01 22:56:49,290 - my_logger - WARNING - Zero in Proyection of i: 40 over j: 125 [schmidt.py:255]
2024-07-01 22:56:49,446 - my_logger - WARNING - Zero in Proyection of i: 53 over j: 60 [schmidt.py:255]
2024-07-01 22:56:49,446 - my_logger - WARNING - Zero in Proyection of i: 53 over j: 60 [schmidt.py:255]
2024-07-01 22:56:49,683 - my_logger - WARNING - Zero in Proyection of i: 76 over j: 123 [schmidt.py:255]
2024-07-01 22:56:49,684 - my_logger - WARNING - Zero in Proyection of i: 76 over j: 123 [schmidt.py:255]
2024-07-01 22:57:01,117 - my_logger - WARNING - Zero in Proyection of i: 5 over j: 17 [schmidt.py:255]
2024-07-01 22:57:01,118 - my_logger - WARNING - Zero in Proyection of i: 5 over j: 17 [schmidt.py:255]
2024-07-01 22:57:01,705 - my_logger - WARNING - Zero in Proyection of i: 40 over j: 125 [schmidt.py:255]
2024-07-01 22:57:01,705 - my_logger - WARNING - Zero in Proyection of i: 40 over j: 125 [schmidt.py:255]
2024-07-01 22:57:01,706 - my_logger - WARNING - Zero in Proyection of i: 40 over j: 125 [schmidt.py:255]
2024-07-01 22:57:01,706 - my_logger - WARNING - Zero in Proyection of i: 40 over j: 125 [schmidt.py:255]
2024-07-01 22:57:01,861 - my_logger - WARNING - Zero in Proyection of i: 53 over j: 60 [schmidt.py:255]
2024-07-01 22:57:01,862 - my_logger - WARNING - Zero in Proyection of i: 53 over j: 60 [schmidt.py:255]
2024-07-01 22:57:02,099 - my_logger - WARNING - Zero in Proyection of i: 76 over j: 123 [schmidt.py:255]
2024-07-01 22:57:02,099 - my_logger - WARNING - Zero in Proyection of i: 76 over j: 123 [schmidt.py:255]
2024-07-02 15:14:32,016 - my_logger - WARNING - Zero in Proyection of i: 5 over j: 17 [schmidt.py:255]
2024-07-02 15:14:32,017 - my_logger - WARNING - Zero in Proyection of i: 5 over j: 17 [schmidt.py:255]
2024-07-02 15:14:33,017 - my_logger - WARNING - Zero in Proyection of i: 40 over j: 125 [schmidt.py:255]
2024-07-02 15:14:33,018 - my_logger - WARNING - Zero in Proyection of i: 40 over j: 125 [schmidt.py:255]
2024-07-02 15:14:33,018 - my_logger - WARNING - Zero in Proyection of i: 40 over j: 125 [schmidt.py:255]
2024-07-02 15:14:33,018 - my_logger - WARNING - Zero in Proyection of i: 40 over j: 125 [schmidt.py:255]
2024-07-02 15:14:33,280 - my_logger - WARNING - Zero in Proyection of i: 53 over j: 60 [schmidt.py:255]
2024-07-02 15:14:33,281 - my_logger - WARNING - Zero in Proyection of i: 53 over j: 60 [schmidt.py:255]
2024-07-02 15:14:33,681 - my_logger - WARNING - Zero in Proyection of i: 76 over j: 123 [schmidt.py:255]
2024-07-02 15:14:33,681 - my_logger - WARNING - Zero in Proyection of i: 76 over j: 123 [schmidt.py:255]
2024-07-02 15:15:10,105 - my_logger - WARNING - Zero in Proyection of i: 5 over j: 17 [schmidt.py:255]
2024-07-02 15:15:10,105 - my_logger - WARNING - Zero in Proyection of i: 5 over j: 17 [schmidt.py:255]
2024-07-02 15:15:10,696 - my_logger - WARNING - Zero in Proyection of i: 40 over j: 125 [schmidt.py:255]
2024-07-02 15:15:10,696 - my_logger - WARNING - Zero in Proyection of i: 40 over j: 125 [schmidt.py:255]
2024-07-02 15:15:10,696 - my_logger - WARNING - Zero in Proyection of i: 40 over j: 125 [schmidt.py:255]
2024-07-02 15:15:10,697 - my_logger - WARNING - Zero in Proyection of i: 40 over j: 125 [schmidt.py:255]
2024-07-02 15:15:10,851 - my_logger - WARNING - Zero in Proyection of i: 53 over j: 60 [schmidt.py:255]
2024-07-02 15:15:10,852 - my_logger - WARNING - Zero in Proyection of i: 53 over j: 60 [schmidt.py:255]
2024-07-02 15:15:11,090 - my_logger - WARNING - Zero in Proyection of i: 76 over j: 123 [schmidt.py:255]
2024-07-02 15:15:11,091 - my_logger - WARNING - Zero in Proyection of i: 76 over j: 123 [schmidt.py:255]
2024-07-02 16:24:39,498 - my_logger - WARNING - O2B PROYECTIONS: NAN ERROR [schmidt.py:302]
2024-07-02 16:24:39,498 - my_logger - DEBUG - [[ 0.00000000e+00  0.00000000e+00  0.00000000e+00  0.00000000e+00
   0.00000000e+00  0.00000000e+00  0.00000000e+00  0.00000000e+00
   0.00000000e+00  0.00000000e+00  0.00000000e+00  0.00000000e+00
   0.00000000e+00  0.00000000e+00  0.00000000e+00  0.00000000e+00
   0.00000000e+00  0.00000000e+00  0.00000000e+00  0.00000000e+00
   0.00000000e+00  0.00000000e+00  0.00000000e+00  0.00000000e+00
   0.00000000e+00  0.00000000e+00  0.00000000e+00  0.00000000e+00
   0.00000000e+00]
 [ 6.90097156e-01  0.00000000e+00  0.00000000e+00  0.00000000e+00
   0.00000000e+00  0.00000000e+00  0.00000000e+00  0.00000000e+00
   0.00000000e+00  0.00000000e+00  0.00000000e+00  0.00000000e+00
   0.00000000e+00  0.00000000e+00  0.00000000e+00  0.00000000e+00
   0.00000000e+00  0.00000000e+00  0.00000000e+00  0.00000000e+00
   0.00000000e+00  0.00000000e+00  0.00000000e+00  0.00000000e+00
   0.00000000e+00  0.00000000e+00  0.00000000e+00  0.00000000e+00
   0.00000000e+00]
 [ 5.59207274e-01 -4.69502240e-02  0.00000000e+00  0.00000000e+00
   0.00000000e+00  0.00000000e+00  0.00000000e+00  0.00000000e+00
   0.00000000e+00  0.00000000e+00  0.00000000e+00  0.00000000e+00
   0.00000000e+00  0.00000000e+00  0.00000000e+00  0.00000000e+00
   0.00000000e+00  0.00000000e+00  0.00000000e+00  0.00000000e+00
   0.00000000e+00  0.00000000e+00  0.00000000e+00  0.00000000e+00
   0.00000000e+00  0.00000000e+00  0.00000000e+00  0.00000000e+00
   0.00000000e+00]
 [ 6.37031083e-01 -2.37511174e-02  8.94526374e-02  0.00000000e+00
   0.00000000e+00  0.00000000e+00  0.00000000e+00  0.00000000e+00
   0.00000000e+00  0.00000000e+00  0.00000000e+00  0.00000000e+00
   0.00000000e+00  0.00000000e+00  0.00000000e+00  0.00000000e+00
   0.00000000e+00  0.00000000e+00  0.00000000e+00  0.00000000e+00
   0.00000000e+00  0.00000000e+00  0.00000000e+00  0.00000000e+00
   0.00000000e+00  0.00000000e+00  0.00000000e+00  0.00000000e+00
   0.00000000e+00]
 [ 7.31313745e-01  2.74706248e-01 -1.97005051e-02 -3.58643976e-02
   0.00000000e+00  0.00000000e+00  0.00000000e+00  0.00000000e+00
   0.00000000e+00  0.00000000e+00  0.00000000e+00  0.00000000e+00
   0.00000000e+00  0.00000000e+00  0.00000000e+00  0.00000000e+00
   0.00000000e+00  0.00000000e+00  0.00000000e+00  0.00000000e+00
   0.00000000e+00  0.00000000e+00  0.00000000e+00  0.00000000e+00
   0.00000000e+00  0.00000000e+00  0.00000000e+00  0.00000000e+00
   0.00000000e+00]
 [ 6.25579896e-01 -4.25277159e-02  1.27464360e-01  2.46300779e-02
   6.14709742e-03  0.00000000e+00  0.00000000e+00  0.00000000e+00
   0.00000000e+00  0.00000000e+00  0.00000000e+00  0.00000000e+00
   0.00000000e+00  0.00000000e+00  0.00000000e+00  0.00000000e+00
   0.00000000e+00  0.00000000e+00  0.00000000e+00  0.00000000e+00
   0.00000000e+00  0.00000000e+00  0.00000000e+00  0.00000000e+00
   0.00000000e+00  0.00000000e+00  0.00000000e+00  0.00000000e+00
   0.00000000e+00]
 [ 5.28665317e-01 -3.96433708e-02  1.66734318e-01 -1.36307642e-03
  -4.71592117e-03 -8.44864922e-03  0.00000000e+00  0.00000000e+00
   0.00000000e+00  0.00000000e+00  0.00000000e+00  0.00000000e+00
   0.00000000e+00  0.00000000e+00  0.00000000e+00  0.00000000e+00
   0.00000000e+00  0.00000000e+00  0.00000000e+00  0.00000000e+00
   0.00000000e+00  0.00000000e+00  0.00000000e+00  0.00000000e+00
   0.00000000e+00  0.00000000e+00  0.00000000e+00  0.00000000e+00
   0.00000000e+00]
 [ 4.77845829e-01 -4.59267566e-02  1.53692518e-01 -1.08738690e-02
   3.76096198e-03 -2.35541217e-02 -7.50778069e-03  0.00000000e+00
   0.00000000e+00  0.00000000e+00  0.00000000e+00  0.00000000e+00
   0.00000000e+00  0.00000000e+00  0.00000000e+00  0.00000000e+00
   0.00000000e+00  0.00000000e+00  0.00000000e+00  0.00000000e+00
   0.00000000e+00  0.00000000e+00  0.00000000e+00  0.00000000e+00
   0.00000000e+00  0.00000000e+00  0.00000000e+00  0.00000000e+00
   0.00000000e+00]
 [ 7.65642105e-01  3.62869162e-02 -3.84493942e-02 -4.43171805e-02
   2.57806579e-02  5.92646299e-03  3.14505203e-03  2.38478482e-03
   0.00000000e+00  0.00000000e+00  0.00000000e+00  0.00000000e+00
   0.00000000e+00  0.00000000e+00  0.00000000e+00  0.00000000e+00
   0.00000000e+00  0.00000000e+00  0.00000000e+00  0.00000000e+00
   0.00000000e+00  0.00000000e+00  0.00000000e+00  0.00000000e+00
   0.00000000e+00  0.00000000e+00  0.00000000e+00  0.00000000e+00
   0.00000000e+00]
 [ 6.56880499e-01 -5.07135627e-02  8.53092564e-02  1.95872113e-02
   1.14990285e-02  1.39930900e-02 -1.67049802e-02  1.09301576e-02
  -4.15787117e-03  0.00000000e+00  0.00000000e+00  0.00000000e+00
   0.00000000e+00  0.00000000e+00  0.00000000e+00  0.00000000e+00
   0.00000000e+00  0.00000000e+00  0.00000000e+00  0.00000000e+00
   0.00000000e+00  0.00000000e+00  0.00000000e+00  0.00000000e+00
   0.00000000e+00  0.00000000e+00  0.00000000e+00  0.00000000e+00
   0.00000000e+00]
 [ 7.11049292e-01  2.38792155e-01 -7.13345167e-03 -1.93561006e-03
   1.04688985e-02  2.83784068e-03  3.53977951e-03 -2.44883697e-03
   1.91960763e-02 -1.22090806e-02  0.00000000e+00  0.00000000e+00
   0.00000000e+00  0.00000000e+00  0.00000000e+00  0.00000000e+00
   0.00000000e+00  0.00000000e+00  0.00000000e+00  0.00000000e+00
   0.00000000e+00  0.00000000e+00  0.00000000e+00  0.00000000e+00
   0.00000000e+00  0.00000000e+00  0.00000000e+00  0.00000000e+00
   0.00000000e+00]
 [ 6.73394080e-01 -2.28627289e-02  7.67853221e-02  4.02284869e-02
   6.85775832e-03  3.27359691e-02  7.88311552e-03 -4.03053866e-03
   3.57187952e-03 -5.01788296e-03  3.83547262e-03  0.00000000e+00
   0.00000000e+00  0.00000000e+00  0.00000000e+00  0.00000000e+00
   0.00000000e+00  0.00000000e+00  0.00000000e+00  0.00000000e+00
   0.00000000e+00  0.00000000e+00  0.00000000e+00  0.00000000e+00
   0.00000000e+00  0.00000000e+00  0.00000000e+00  0.00000000e+00
   0.00000000e+00]
 [ 6.44191074e-01  2.69965377e-01  7.57201159e-03  9.48323099e-03
  -2.10631469e-02  5.04956270e-04 -1.86911275e-03  2.30273701e-03
   8.72809475e-04  3.91569697e-03 -6.62596324e-03 -1.11409055e-04
   0.00000000e+00  0.00000000e+00  0.00000000e+00  0.00000000e+00
   0.00000000e+00  0.00000000e+00  0.00000000e+00  0.00000000e+00
   0.00000000e+00  0.00000000e+00  0.00000000e+00  0.00000000e+00
   0.00000000e+00  0.00000000e+00  0.00000000e+00  0.00000000e+00
   0.00000000e+00]
 [ 6.12062068e-01 -5.75573790e-02  1.33834673e-01  3.19647316e-03
   9.02994879e-03  2.08078719e-02 -1.47726489e-02  9.20683973e-03
   2.79101197e-04  1.83220203e-02 -3.34498557e-03 -1.05852264e-02
   5.88090969e-04  0.00000000e+00  0.00000000e+00  0.00000000e+00
   0.00000000e+00  0.00000000e+00  0.00000000e+00  0.00000000e+00
   0.00000000e+00  0.00000000e+00  0.00000000e+00  0.00000000e+00
   0.00000000e+00  0.00000000e+00  0.00000000e+00  0.00000000e+00
   0.00000000e+00]
 [ 5.59672265e-01 -4.16803498e-02  1.36108962e-01  3.88812607e-02
   4.49852426e-03 -8.39633590e-03 -2.22111250e-02  3.00449297e-02
  -2.06349101e-03  1.31241668e-02  3.12995578e-03 -4.99338865e-03
  -1.85636629e-03 -3.05208170e-03  0.00000000e+00  0.00000000e+00
   0.00000000e+00  0.00000000e+00  0.00000000e+00  0.00000000e+00
   0.00000000e+00  0.00000000e+00  0.00000000e+00  0.00000000e+00
   0.00000000e+00  0.00000000e+00  0.00000000e+00  0.00000000e+00
   0.00000000e+00]
 [ 7.42611514e-01  1.25157195e-02 -2.16115636e-02 -2.10231007e-02
   8.61837006e-04 -5.32006364e-03 -2.20152355e-03  2.57839230e-03
   1.75297241e-02  4.88113409e-03 -5.73736793e-03 -1.08210818e-02
  -1.01509055e-03  6.86441387e-04 -1.31660098e-03  0.00000000e+00
   0.00000000e+00  0.00000000e+00  0.00000000e+00  0.00000000e+00
   0.00000000e+00  0.00000000e+00  0.00000000e+00  0.00000000e+00
   0.00000000e+00  0.00000000e+00  0.00000000e+00  0.00000000e+00
   0.00000000e+00]
 [ 6.71288449e-01 -2.61945777e-02  5.98417578e-02  4.43694169e-02
   3.72347567e-03 -1.25513568e-03 -4.59221863e-03  9.60820560e-04
  -8.03628066e-03  8.64466927e-03 -4.45877455e-04 -1.60471695e-03
   6.83170730e-04 -3.99608413e-04 -5.69418493e-03 -2.77778078e-03
   0.00000000e+00  0.00000000e+00  0.00000000e+00  0.00000000e+00
   0.00000000e+00  0.00000000e+00  0.00000000e+00  0.00000000e+00
   0.00000000e+00  0.00000000e+00  0.00000000e+00  0.00000000e+00
   0.00000000e+00]
 [ 5.66705242e-01 -4.59617976e-02  1.47126415e-01 -3.41860703e-02
   3.78234410e-03  2.11196239e-02  4.07385783e-02 -2.79289148e-03
   5.97951298e-04  6.21970328e-03 -1.67876097e-03  1.33419772e-02
   9.62180083e-04  3.64320243e-03 -1.53474666e-02 -8.88787875e-04
   1.25853302e-03  0.00000000e+00  0.00000000e+00  0.00000000e+00
   0.00000000e+00  0.00000000e+00  0.00000000e+00  0.00000000e+00
   0.00000000e+00  0.00000000e+00  0.00000000e+00  0.00000000e+00
   0.00000000e+00]
 [ 4.97247492e-01 -2.90314063e-02  1.66154379e-01  1.71727932e-03
  -1.55085526e-02 -6.99492796e-03  3.01222513e-02  3.27924775e-03
   6.46490621e-04  3.58404735e-03  3.96422606e-03  8.40978881e-03
  -2.95380825e-04 -7.43880546e-03  1.06799770e-02 -2.30423200e-03
   3.04810817e-04  7.16111495e-04  0.00000000e+00  0.00000000e+00
   0.00000000e+00  0.00000000e+00  0.00000000e+00  0.00000000e+00
   0.00000000e+00  0.00000000e+00  0.00000000e+00  0.00000000e+00
   0.00000000e+00]
 [ 7.06037154e-01  2.77189614e-01 -5.89515934e-03 -1.10105856e-02
   2.69345325e-02  2.70331917e-03  2.41957129e-03 -1.16038796e-03
   5.03099263e-03 -2.01313995e-03  7.71302312e-03  3.96386344e-03
  -8.42548194e-04 -1.44662014e-03  1.79613219e-03 -3.89690778e-03
  -2.42974122e-03  3.84879327e-05  3.63267591e-03  0.00000000e+00
   0.00000000e+00  0.00000000e+00  0.00000000e+00  0.00000000e+00
   0.00000000e+00  0.00000000e+00  0.00000000e+00  0.00000000e+00
   0.00000000e+00]
 [ 6.94707821e-01 -4.74054071e-02  7.73099902e-02 -2.03519418e-02
   3.93840625e-02  6.07978870e-02  7.59722510e-03  4.73441888e-03
   3.52933293e-02  6.59377762e-03 -6.22450933e-03  2.90294373e-02
   3.69421871e-03  1.61515204e-02 -6.23890609e-03 -7.25183987e-03
  -7.32955774e-03  1.24497796e-02  1.34832462e-03  1.36986348e-02
   0.00000000e+00  0.00000000e+00  0.00000000e+00  0.00000000e+00
   0.00000000e+00  0.00000000e+00  0.00000000e+00  0.00000000e+00
   0.00000000e+00]
 [ 4.42571862e-01 -2.16787917e-02  1.56388338e-01  2.25337321e-02
  -2.19328279e-02 -1.57978385e-02 -3.26539801e-03  3.61416459e-02
   9.42312033e-03 -9.40392115e-03  3.12507381e-03  8.45474786e-03
   1.07171528e-02 -1.48136152e-02  1.47682339e-02 -5.49901502e-03
  -7.87030300e-03 -5.16031383e-03  1.87267271e-02  1.14223990e-03
   6.79469377e-03  0.00000000e+00  0.00000000e+00  0.00000000e+00
   0.00000000e+00  0.00000000e+00  0.00000000e+00  0.00000000e+00
   0.00000000e+00]
 [ 7.65904485e-01  2.43019487e-01 -5.32977564e-02 -8.71359062e-02
   9.62322094e-02 -4.69764600e-03 -9.42560822e-03  1.18520331e-02
   3.59183478e+01  3.59679454e+00 -1.40093208e+01 -2.07353828e+00
  -3.47947419e+00 -1.01166688e+01  7.55562041e-01 -4.35033896e+01
   1.00287309e+01 -2.32153048e+00 -7.30364068e+00 -1.74352719e+01
  -3.60650129e+01 -6.01636368e+00  0.00000000e+00  0.00000000e+00
   0.00000000e+00  0.00000000e+00  0.00000000e+00  0.00000000e+00
   0.00000000e+00]
 [ 5.37852661e-01 -5.09677048e-02  1.43902623e-01  1.18414777e-02
   7.84043623e-03 -1.01574742e-02 -2.68352700e-02  4.33440873e-02
  -1.32014957e-03  9.42767191e-03 -2.13620457e-04 -8.75898751e-03
  -8.09256909e-04  5.75578942e-03  1.79383368e-02 -2.13548335e-04
   1.77358731e-03  1.21656853e-03  4.73610163e-04 -2.35253668e-04
  -1.02961201e-03 -6.72281251e-05             nan  0.00000000e+00
   0.00000000e+00  0.00000000e+00  0.00000000e+00  0.00000000e+00
   0.00000000e+00]
 [ 6.31860712e-01 -5.58920808e-02  1.31315680e-01 -2.11478698e-02
   1.16205924e-02  4.34002467e-02  1.36238431e-03 -1.73842070e-04
   7.12870283e-03  6.36490995e-03 -3.51342710e-03  9.28804862e-03
   1.15324409e-03  9.41957702e-03 -1.29524478e-02 -6.81508720e-04
  -5.31958752e-03  1.12783888e-02 -1.75323228e-03  3.03219611e-03
   5.56266420e-03  3.65424786e-03             nan             nan
   0.00000000e+00  0.00000000e+00  0.00000000e+00  0.00000000e+00
   0.00000000e+00]
 [ 7.07839919e-01 -8.89382895e-03  2.99017519e-02  2.27937882e-02
   3.97607796e-03  1.39117446e-02  4.71182359e-03 -3.23097644e-03
  -5.79099144e-04 -6.39176510e-03  4.20366773e-03  1.89557737e-02
   4.13681787e-04 -3.94678769e-04 -3.15947134e-04 -7.02475842e-03
   7.29100284e-03 -3.27217113e-04 -9.92970237e-04  1.59235824e-04
  -1.68156135e-03  9.47648254e-04             nan             nan
              nan  0.00000000e+00  0.00000000e+00  0.00000000e+00
   0.00000000e+00]
 [ 6.68003773e-01  2.46338554e-01  3.33809181e-03  1.20285825e-02
  -2.32722634e-02  2.52521927e-03  1.24901310e-03 -4.09314603e-04
   1.42413084e-02 -5.21579130e-03  2.46005211e-02  4.18745135e-04
   2.56837059e-02 -1.37544929e-03  1.07397417e-03 -7.64484874e-04
   5.09963401e-04  4.93895074e-04  7.95017090e-05 -3.30952042e-03
   3.22533697e-03  5.33336885e-03             nan             nan
              nan             nan  0.00000000e+00  0.00000000e+00
   0.00000000e+00]
 [ 7.27012623e-01 -1.97492780e-02  1.45687195e-02 -4.24096830e-03
   1.44170851e-02  1.89849498e-02  2.19717203e-03  2.15010306e-03
   1.70673247e-02  7.46798893e-03 -2.71536691e-03  1.91337562e-02
   1.48363676e-03  8.07513698e-03 -5.52814997e-03 -4.41366292e-03
   1.71850255e-03  1.89829163e-03 -6.05065052e-04  3.37168905e-03
   9.68209144e-03  8.46276638e-04             nan             nan
              nan             nan             nan  0.00000000e+00
   0.00000000e+00]
 [ 6.90065409e-01 -5.32634785e-02  4.91932340e-02  5.48095517e-03
   1.21966393e-02  9.64424244e-03 -1.25017928e-02  1.21099868e-02
   1.83367974e-02  3.93599481e-02 -1.61352800e-02 -8.49430267e-03
   3.36994879e-03  1.31676893e-02 -1.97339265e-02  1.69875126e-02
   6.42826195e-03  1.66455926e-03 -7.51059473e-04  3.21810736e-03
   7.91857724e-03 -2.16216270e-03             nan             nan
              nan             nan             nan             nan
   0.00000000e+00]] [schmidt.py:303]
2024-07-02 16:24:39,517 - my_logger - WARNING - BETAS: NAN ERROR [schmidt.py:307]
2024-07-02 16:24:39,982 - my_logger - WARNING - F2O PROYECTIONS: NAN ERROR [schmidt.py:176]
2024-07-02 16:24:39,982 - my_logger - WARNING - SIGMAS: NAN ERROR [schmidt.py:184]
2024-07-02 16:32:23,146 - my_logger - WARNING - O2B PROYECTIONS: NAN ERROR [schmidt.py:302]
2024-07-02 16:32:23,147 - my_logger - DEBUG - [[ 0.          0.          0.         ...  0.          0.
   0.        ]
 [ 0.1248925   0.          0.         ...  0.          0.
   0.        ]
 [ 0.15911389 -0.00790607  0.         ...  0.          0.
   0.        ]
 ...
 [ 0.06945441 -0.00634023  0.06510452 ...  0.          0.
   0.        ]
 [ 0.20639154  0.15315399  0.00766601 ...         nan  0.
   0.        ]
 [ 0.10240992 -0.01237053  0.07598276 ...         nan         nan
   0.        ]] [schmidt.py:303]
2024-07-02 16:32:23,148 - my_logger - WARNING - BETAS: NAN ERROR [schmidt.py:307]
2024-07-02 16:32:23,930 - my_logger - WARNING - F2O PROYECTIONS: NAN ERROR [schmidt.py:176]
2024-07-02 16:32:23,931 - my_logger - WARNING - SIGMAS: NAN ERROR [schmidt.py:184]
2024-07-02 16:34:53,559 - my_logger - WARNING - O2B PROYECTIONS: NAN ERROR [schmidt.py:302]
2024-07-02 16:34:53,560 - my_logger - DEBUG - [[ 0.          0.          0.         ...  0.          0.
   0.        ]
 [ 0.09213315  0.          0.         ...  0.          0.
   0.        ]
 [ 0.07613551 -0.00106158  0.         ...  0.          0.
   0.        ]
 ...
 [ 0.06679143  0.00091859  0.06918123 ...  0.          0.
   0.        ]
 [ 0.07414695  0.08130923  0.00046437 ...         nan  0.
   0.        ]
 [ 0.08005734 -0.00341193  0.07040016 ...         nan         nan
   0.        ]] [schmidt.py:303]
2024-07-02 16:34:53,562 - my_logger - WARNING - BETAS: NAN ERROR [schmidt.py:307]
2024-07-02 16:34:54,349 - my_logger - WARNING - F2O PROYECTIONS: NAN ERROR [schmidt.py:176]
2024-07-02 16:34:54,350 - my_logger - WARNING - SIGMAS: NAN ERROR [schmidt.py:184]
2024-07-02 16:35:02,518 - my_logger - WARNING - O2B PROYECTIONS: NAN ERROR [schmidt.py:302]
2024-07-02 16:35:02,518 - my_logger - DEBUG - [[ 0.          0.          0.         ...  0.          0.
   0.        ]
 [ 0.09213315  0.          0.         ...  0.          0.
   0.        ]
 [ 0.07613551 -0.00106158  0.         ...  0.          0.
   0.        ]
 ...
 [ 0.06679143  0.00091859  0.06918123 ...  0.          0.
   0.        ]
 [ 0.07414695  0.08130923  0.00046437 ...         nan  0.
   0.        ]
 [ 0.08005734 -0.00341193  0.07040016 ...         nan         nan
   0.        ]] [schmidt.py:303]
2024-07-02 16:35:02,520 - my_logger - WARNING - BETAS: NAN ERROR [schmidt.py:307]
2024-07-02 16:35:03,313 - my_logger - WARNING - F2O PROYECTIONS: NAN ERROR [schmidt.py:176]
2024-07-02 16:35:03,315 - my_logger - WARNING - SIGMAS: NAN ERROR [schmidt.py:184]
2024-07-02 16:44:09,256 - my_logger - INFO - ---BASIC TEST RESULTS---

     1. Data dimensions: 1, Base functions: 1 |     ------------------------------------------------PASS
     2. Data dimensions: 10, Base functions: 20 |     ----------------------------------------------PASS


 [main.py:19]
2024-07-02 16:44:11,275 - my_logger - INFO - ---CORE TEST RESULTS---

     1. Bias lineal initialization, Base functions: 100 |     --------------------------------------PASS
        score (less is better) = 1.613185178507015/1.613


 [main.py:26]
2024-07-02 16:44:12,124 - my_logger - INFO - ---DISTRIBUTION TEST RESULTS---

     1. Bias data distribution initialization, Base functions: 10 |     ----------------------------PASS
        score (less is better) = 21.10794407218955/1.613
     2. Weights data distribution initialization, Base functions: 10 |     -------------------------PASS
        score (less is better) = 11.310335243782786/1.613
     3. Bias & Weights data distribution initialization, Base functions: 10 |     ------------------PASS
        score (less is better) = 11.27438462466287/1.613
     4. Bias & Weights & Areas data distribution initialization, Base functions: 10 |     ----------PASS
        score (less is better) = 11.262729589912736/1.613


 [main.py:35]
2024-07-02 16:44:13,609 - my_logger - INFO - ---DISTRIBUTION TEST RESULTS---

     1. Bias data distribution initialization, Base functions: 20 |     ----------------------------PASS
        score (less is better) = 12.818134193646147/1.613
     2. Weights data distribution initialization, Base functions: 20 |     -------------------------PASS
        score (less is better) = 3.744947107903197/1.613
     3. Bias & Weights data distribution initialization, Base functions: 20 |     ------------------PASS
        score (less is better) = 3.6397632967237956/1.613
     4. Bias & Weights & Areas data distribution initialization, Base functions: 20 |     ----------PASS
        score (less is better) = 3.799764722768431/1.613


 [main.py:35]
2024-07-02 16:44:15,783 - my_logger - INFO - ---DISTRIBUTION TEST RESULTS---

     1. Bias data distribution initialization, Base functions: 30 |     ----------------------------PASS
        score (less is better) = 8.831066399981522/1.613
     2. Weights data distribution initialization, Base functions: 30 |     -------------------------PASS
        score (less is better) = 2.2343642600125726/1.613
     3. Bias & Weights data distribution initialization, Base functions: 30 |     ------------------PASS
        score (less is better) = 2.3629925491920165/1.613
     4. Bias & Weights & Areas data distribution initialization, Base functions: 30 |     ----------PASS
        score (less is better) = 2.9249939633957314/1.613


 [main.py:35]
2024-07-02 16:44:18,655 - my_logger - INFO - ---DISTRIBUTION TEST RESULTS---

     1. Bias data distribution initialization, Base functions: 40 |     ----------------------------PASS
        score (less is better) = 6.2908710483849815/1.613
     2. Weights data distribution initialization, Base functions: 40 |     -------------------------PASS
        score (less is better) = 1.5907740005385231/1.613
     3. Bias & Weights data distribution initialization, Base functions: 40 |     ------------------PASS
        score (less is better) = 1.5744247956267179/1.613
     4. Bias & Weights & Areas data distribution initialization, Base functions: 40 |     ----------PASS
        score (less is better) = 2.66099217514123/1.613


 [main.py:35]
2024-07-02 16:44:22,318 - my_logger - INFO - ---DISTRIBUTION TEST RESULTS---

     1. Bias data distribution initialization, Base functions: 50 |     ----------------------------PASS
        score (less is better) = 4.590561320409099/1.613
     2. Weights data distribution initialization, Base functions: 50 |     -------------------------PASS
        score (less is better) = 1.335361133699604/1.613
     3. Bias & Weights data distribution initialization, Base functions: 50 |     ------------------PASS
        score (less is better) = 1.3130530521620123/1.613
     4. Bias & Weights & Areas data distribution initialization, Base functions: 50 |     ----------PASS
        score (less is better) = 3.2502672318707235/1.613


 [main.py:35]
2024-07-02 16:44:26,761 - my_logger - INFO - ---DISTRIBUTION TEST RESULTS---

     1. Bias data distribution initialization, Base functions: 60 |     ----------------------------PASS
        score (less is better) = 3.7658739563321832/1.613
     2. Weights data distribution initialization, Base functions: 60 |     -------------------------PASS
        score (less is better) = 1.1247015540987315/1.613
     3. Bias & Weights data distribution initialization, Base functions: 60 |     ------------------PASS
        score (less is better) = 1.1306056949892467/1.613
     4. Bias & Weights & Areas data distribution initialization, Base functions: 60 |     ----------PASS
        score (less is better) = 3.5917687827916587/1.613


 [main.py:35]
2024-07-02 16:44:32,055 - my_logger - INFO - ---DISTRIBUTION TEST RESULTS---

     1. Bias data distribution initialization, Base functions: 70 |     ----------------------------PASS
        score (less is better) = 3.039502901554673/1.613
     2. Weights data distribution initialization, Base functions: 70 |     -------------------------PASS
        score (less is better) = 0.9567843549691921/1.613
     3. Bias & Weights data distribution initialization, Base functions: 70 |     ------------------PASS
        score (less is better) = 1.0267470552253468/1.613
     4. Bias & Weights & Areas data distribution initialization, Base functions: 70 |     ----------PASS
        score (less is better) = 4.242359381010702/1.613


 [main.py:35]
2024-07-02 16:44:35,742 - my_logger - INFO - ---DISTRIBUTION TEST RESULTS---

     1. Bias data distribution initialization, Base functions: 50 |     ----------------------------PASS
        score (less is better) = 4.590561320409099/1.613
     2. Weights data distribution initialization, Base functions: 50 |     -------------------------PASS
        score (less is better) = 0.6748735239078659/1.613
     3. Bias & Weights data distribution initialization, Base functions: 50 |     ------------------PASS
        score (less is better) = 0.6779112376309795/1.613
     4. Bias & Weights & Areas data distribution initialization, Base functions: 50 |     ----------PASS
        score (less is better) = 3.2191414389158366/1.613


 [main.py:44]
2024-07-02 16:44:39,403 - my_logger - INFO - ---DISTRIBUTION TEST RESULTS---

     1. Bias data distribution initialization, Base functions: 50 |     ----------------------------PASS
        score (less is better) = 4.590561320409099/1.613
     2. Weights data distribution initialization, Base functions: 50 |     -------------------------PASS
        score (less is better) = 1.335361133699604/1.613
     3. Bias & Weights data distribution initialization, Base functions: 50 |     ------------------PASS
        score (less is better) = 1.3130530521620123/1.613
     4. Bias & Weights & Areas data distribution initialization, Base functions: 50 |     ----------PASS
        score (less is better) = 3.2502672318707235/1.613


 [main.py:44]
2024-07-02 16:44:43,101 - my_logger - INFO - ---DISTRIBUTION TEST RESULTS---

     1. Bias data distribution initialization, Base functions: 50 |     ----------------------------PASS
        score (less is better) = 4.590561320409099/1.613
     2. Weights data distribution initialization, Base functions: 50 |     -------------------------PASS
        score (less is better) = 2.2436078732946485/1.613
     3. Bias & Weights data distribution initialization, Base functions: 50 |     ------------------PASS
        score (less is better) = 2.1785807065694875/1.613
     4. Bias & Weights & Areas data distribution initialization, Base functions: 50 |     ----------PASS
        score (less is better) = 3.567269755941533/1.613


 [main.py:44]
2024-07-02 16:44:46,784 - my_logger - INFO - ---DISTRIBUTION TEST RESULTS---

     1. Bias data distribution initialization, Base functions: 50 |     ----------------------------PASS
        score (less is better) = 4.590561320409099/1.613
     2. Weights data distribution initialization, Base functions: 50 |     -------------------------PASS
        score (less is better) = 3.4230344097600374/1.613
     3. Bias & Weights data distribution initialization, Base functions: 50 |     ------------------PASS
        score (less is better) = 3.277819353005641/1.613
     4. Bias & Weights & Areas data distribution initialization, Base functions: 50 |     ----------PASS
        score (less is better) = 4.31166429174582/1.613


 [main.py:44]
2024-07-02 16:44:50,484 - my_logger - INFO - ---DISTRIBUTION TEST RESULTS---

     1. Bias data distribution initialization, Base functions: 50 |     ----------------------------PASS
        score (less is better) = 4.590561320409099/1.613
     2. Weights data distribution initialization, Base functions: 50 |     -------------------------PASS
        score (less is better) = 4.9155501703269096/1.613
     3. Bias & Weights data distribution initialization, Base functions: 50 |     ------------------PASS
        score (less is better) = 4.660362772773439/1.613
     4. Bias & Weights & Areas data distribution initialization, Base functions: 50 |     ----------PASS
        score (less is better) = 5.50505421226221/1.613


 [main.py:44]
2024-07-02 16:44:54,163 - my_logger - INFO - ---DISTRIBUTION TEST RESULTS---

     1. Bias data distribution initialization, Base functions: 50 |     ----------------------------PASS
        score (less is better) = 4.590561320409099/1.613
     2. Weights data distribution initialization, Base functions: 50 |     -------------------------PASS
        score (less is better) = 6.834419232256892/1.613
     3. Bias & Weights data distribution initialization, Base functions: 50 |     ------------------PASS
        score (less is better) = 6.397580541883098/1.613
     4. Bias & Weights & Areas data distribution initialization, Base functions: 50 |     ----------PASS
        score (less is better) = 7.093539327153795/1.613


 [main.py:44]
2024-07-02 16:44:57,848 - my_logger - INFO - ---DISTRIBUTION TEST RESULTS---

     1. Bias data distribution initialization, Base functions: 50 |     ----------------------------PASS
        score (less is better) = 4.590561320409099/1.613
     2. Weights data distribution initialization, Base functions: 50 |     -------------------------PASS
        score (less is better) = 9.333364632411236/1.613
     3. Bias & Weights data distribution initialization, Base functions: 50 |     ------------------PASS
        score (less is better) = 8.668062315949458/1.613
     4. Bias & Weights & Areas data distribution initialization, Base functions: 50 |     ----------PASS
        score (less is better) = 9.240530365732075/1.613


 [main.py:44]
2024-07-02 16:45:01,530 - my_logger - INFO - ---DISTRIBUTION TEST RESULTS---

     1. Bias data distribution initialization, Base functions: 50 |     ----------------------------PASS
        score (less is better) = 4.590561320409099/1.613
     2. Weights data distribution initialization, Base functions: 50 |     -------------------------PASS
        score (less is better) = 12.88690587920748/1.613
     3. Bias & Weights data distribution initialization, Base functions: 50 |     ------------------PASS
        score (less is better) = 11.832506813530685/1.613
     4. Bias & Weights & Areas data distribution initialization, Base functions: 50 |     ----------PASS
        score (less is better) = 12.23112483684063/1.613


 [main.py:44]
2024-07-02 16:45:05,177 - my_logger - INFO - ---DISTRIBUTION TEST RESULTS---

     1. Bias data distribution initialization, Base functions: 50 |     ----------------------------PASS
        score (less is better) = 4.590561320409099/1.613
     2. Weights data distribution initialization, Base functions: 50 |     -------------------------PASS
        score (less is better) = 19.975399841805057/1.613
     3. Bias & Weights data distribution initialization, Base functions: 50 |     ------------------PASS
        score (less is better) = 17.087166222934542/1.613
     4. Bias & Weights & Areas data distribution initialization, Base functions: 50 |     ----------PASS
        score (less is better) = 13.576899723686884/1.613


 [main.py:44]
2024-07-02 17:51:18,671 - my_logger - WARNING - F2B PROYECTIONS: NAN ERROR [schmidt.py:169]
2024-07-02 17:51:18,673 - my_logger - WARNING - F2O PROYECTIONS: NAN ERROR [schmidt.py:176]
2024-07-02 17:51:18,677 - my_logger - WARNING - SIGMAS: NAN ERROR [schmidt.py:184]
2024-07-02 18:08:59,920 - my_logger - WARNING - F2B PROYECTIONS: NAN ERROR [schmidt.py:169]
2024-07-02 18:08:59,922 - my_logger - WARNING - F2O PROYECTIONS: NAN ERROR [schmidt.py:176]
2024-07-02 18:08:59,926 - my_logger - WARNING - SIGMAS: NAN ERROR [schmidt.py:184]
2024-07-02 19:55:59,500 - my_logger - WARNING - B2B PROYECTIONS: NAN ERROR [schmidt.py:270]
2024-07-02 20:20:37,422 - my_logger - WARNING - O2B PROYECTIONS: NAN ERROR [schmidt.py:302]
2024-07-02 20:20:37,423 - my_logger - DEBUG - [[ 0.  0.  0.  0.  0.  0.  0.  0.  0.  0.  0.  0.  0.  0.  0.  0.  0.  0.
   0.  0.]
 [ 1.  0.  0.  0.  0.  0.  0.  0.  0.  0.  0.  0.  0.  0.  0.  0.  0.  0.
   0.  0.]
 [ 1. nan  0.  0.  0.  0.  0.  0.  0.  0.  0.  0.  0.  0.  0.  0.  0.  0.
   0.  0.]
 [ 1. nan nan  0.  0.  0.  0.  0.  0.  0.  0.  0.  0.  0.  0.  0.  0.  0.
   0.  0.]
 [ 1. nan nan nan  0.  0.  0.  0.  0.  0.  0.  0.  0.  0.  0.  0.  0.  0.
   0.  0.]
 [ 1. nan nan nan nan  0.  0.  0.  0.  0.  0.  0.  0.  0.  0.  0.  0.  0.
   0.  0.]
 [ 1. nan nan nan nan nan  0.  0.  0.  0.  0.  0.  0.  0.  0.  0.  0.  0.
   0.  0.]
 [ 1. nan nan nan nan nan nan  0.  0.  0.  0.  0.  0.  0.  0.  0.  0.  0.
   0.  0.]
 [ 1. nan nan nan nan nan nan nan  0.  0.  0.  0.  0.  0.  0.  0.  0.  0.
   0.  0.]
 [ 1. nan nan nan nan nan nan nan nan  0.  0.  0.  0.  0.  0.  0.  0.  0.
   0.  0.]
 [ 1. nan nan nan nan nan nan nan nan nan  0.  0.  0.  0.  0.  0.  0.  0.
   0.  0.]
 [ 1. nan nan nan nan nan nan nan nan nan nan  0.  0.  0.  0.  0.  0.  0.
   0.  0.]
 [ 1. nan nan nan nan nan nan nan nan nan nan nan  0.  0.  0.  0.  0.  0.
   0.  0.]
 [ 1. nan nan nan nan nan nan nan nan nan nan nan nan  0.  0.  0.  0.  0.
   0.  0.]
 [ 1. nan nan nan nan nan nan nan nan nan nan nan nan nan  0.  0.  0.  0.
   0.  0.]
 [ 1. nan nan nan nan nan nan nan nan nan nan nan nan nan nan  0.  0.  0.
   0.  0.]
 [ 1. nan nan nan nan nan nan nan nan nan nan nan nan nan nan nan  0.  0.
   0.  0.]
 [ 1. nan nan nan nan nan nan nan nan nan nan nan nan nan nan nan nan  0.
   0.  0.]
 [ 1. nan nan nan nan nan nan nan nan nan nan nan nan nan nan nan nan nan
   0.  0.]
 [ 1. nan nan nan nan nan nan nan nan nan nan nan nan nan nan nan nan nan
  nan  0.]] [schmidt.py:303]
2024-07-02 20:20:37,428 - my_logger - WARNING - BETAS: NAN ERROR [schmidt.py:307]
2024-07-02 20:20:37,906 - my_logger - WARNING - F2O PROYECTIONS: NAN ERROR [schmidt.py:176]
2024-07-02 20:20:37,906 - my_logger - WARNING - SIGMAS: NAN ERROR [schmidt.py:184]
